Archive member included to satisfy reference by file (symbol)

C:/Program Files/SEGGER/SEGGER Embedded Studio for ARM 4.42a/lib/libc_v7em_fpv4_sp_d16_hard_t_le_eabi.a(libc_asm.o)
                              Output/bno055_ble Release/Obj/bsp.o (__aeabi_uldivmod)
C:/Program Files/SEGGER/SEGGER Embedded Studio for ARM 4.42a/lib/libc_v7em_fpv4_sp_d16_hard_t_le_eabi.a(libc2.o)
                              Output/bno055_ble Release/Obj/nrf_log_str_formatter.o (isprint)
C:/Program Files/SEGGER/SEGGER Embedded Studio for ARM 4.42a/lib/libc_v7em_fpv4_sp_d16_hard_t_le_eabi.a(libc2_asm.o)
                              Output/bno055_ble Release/Obj/nrf_log_frontend.o (memcpy)
C:/Program Files/SEGGER/SEGGER Embedded Studio for ARM 4.42a/lib/libc_v7em_fpv4_sp_d16_hard_t_le_eabi.a(libc.o)
                              C:/Program Files/SEGGER/SEGGER Embedded Studio for ARM 4.42a/lib/libc_v7em_fpv4_sp_d16_hard_t_le_eabi.a(libc2.o) (__heap_lock)
C:/Program Files/SEGGER/SEGGER Embedded Studio for ARM 4.42a/lib/libdebugio_v7em_fpv4_sp_d16_hard_t_le_eabi.a(libdebugio.o)
                              Output/bno055_ble Release/Obj/thumb_crt0.o (debug_fopen)
C:/Program Files/SEGGER/SEGGER Embedded Studio for ARM 4.42a/lib/libdebugio_mempoll_v7em_fpv4_sp_d16_hard_t_le_eabi.a(mempoll_debug_operations.o)
                              C:/Program Files/SEGGER/SEGGER Embedded Studio for ARM 4.42a/lib/libdebugio_v7em_fpv4_sp_d16_hard_t_le_eabi.a(libdebugio.o) (__do_debug_operation)
C:/Program Files/SEGGER/SEGGER Embedded Studio for ARM 4.42a/lib/libdebugio_mempoll_v7em_fpv4_sp_d16_hard_t_le_eabi.a(do_nv_debug_operation.o)
                              C:/Program Files/SEGGER/SEGGER Embedded Studio for ARM 4.42a/lib/libdebugio_v7em_fpv4_sp_d16_hard_t_le_eabi.a(libdebugio.o) (__do_nvdebug_operation)
C:/Program Files/SEGGER/SEGGER Embedded Studio for ARM 4.42a/lib/libm_v7em_fpv4_sp_d16_hard_t_le_eabi.a(libm_asm.o)
                              C:/Program Files/SEGGER/SEGGER Embedded Studio for ARM 4.42a/lib/libc_v7em_fpv4_sp_d16_hard_t_le_eabi.a(libc2.o) (__aeabi_dadd)
C:/Program Files/SEGGER/SEGGER Embedded Studio for ARM 4.42a/lib/libm_v7em_fpv4_sp_d16_hard_t_le_eabi.a(libm2.o)
                              C:/Program Files/SEGGER/SEGGER Embedded Studio for ARM 4.42a/lib/libvfprintf_v7em_fpv4_sp_d16_hard_t_le_eabi.o (frexp)

Discarded input sections

 .text          0x0000000000000000        0x0 Output/bno055_ble Release/Obj/thumb_crt0.o
 .data          0x0000000000000000        0x0 Output/bno055_ble Release/Obj/thumb_crt0.o
 .bss           0x0000000000000000        0x0 Output/bno055_ble Release/Obj/thumb_crt0.o
 .text.__aeabi_read_tp
                0x0000000000000000        0x8 Output/bno055_ble Release/Obj/thumb_crt0.o
 .text.abort    0x0000000000000000        0x2 Output/bno055_ble Release/Obj/thumb_crt0.o
 .text.__assert
                0x0000000000000000        0x2 Output/bno055_ble Release/Obj/thumb_crt0.o
 .text.__aeabi_assert
                0x0000000000000000        0x2 Output/bno055_ble Release/Obj/thumb_crt0.o
 .text.__sync_synchronize
                0x0000000000000000        0x2 Output/bno055_ble Release/Obj/thumb_crt0.o
 .text.__getchar
                0x0000000000000000        0x4 Output/bno055_ble Release/Obj/thumb_crt0.o
 .text.__putchar
                0x0000000000000000        0x4 Output/bno055_ble Release/Obj/thumb_crt0.o
 .text.__open   0x0000000000000000        0x4 Output/bno055_ble Release/Obj/thumb_crt0.o
 .text.__close  0x0000000000000000        0x4 Output/bno055_ble Release/Obj/thumb_crt0.o
 .text.__write  0x0000000000000000        0xa Output/bno055_ble Release/Obj/thumb_crt0.o
 .text.__read   0x0000000000000000        0xa Output/bno055_ble Release/Obj/thumb_crt0.o
 .text.__seek   0x0000000000000000       0x1a Output/bno055_ble Release/Obj/thumb_crt0.o
 .bss.__user_locale_name_buffer
                0x0000000000000000        0x4 Output/bno055_ble Release/Obj/thumb_crt0.o
 .stack         0x0000000000000000        0x0 Output/bno055_ble Release/Obj/thumb_crt0.o
 .stack_process
                0x0000000000000000        0x0 Output/bno055_ble Release/Obj/thumb_crt0.o
 .heap          0x0000000000000000        0x0 Output/bno055_ble Release/Obj/thumb_crt0.o
 .group         0x0000000000000000        0xc Output/bno055_ble Release/Obj/nrf_log_backend_rtt.o
 .group         0x0000000000000000        0xc Output/bno055_ble Release/Obj/nrf_log_backend_rtt.o
 .group         0x0000000000000000        0xc Output/bno055_ble Release/Obj/nrf_log_backend_rtt.o
 .group         0x0000000000000000        0xc Output/bno055_ble Release/Obj/nrf_log_backend_rtt.o
 .group         0x0000000000000000        0xc Output/bno055_ble Release/Obj/nrf_log_backend_rtt.o
 .group         0x0000000000000000        0xc Output/bno055_ble Release/Obj/nrf_log_backend_rtt.o
 .group         0x0000000000000000        0xc Output/bno055_ble Release/Obj/nrf_log_backend_rtt.o
[...]
Memory Configuration

Name             Origin             Length             Attributes
UNPLACED_SECTIONS 0x0000000100000000 0x0000000000000000 xw
RAM              0x0000000020000000 0x0000000000010000 xw
FLASH            0x0000000000000000 0x0000000000080000 xw
*default*        0x0000000000000000 0xffffffffffffffff

Linker script and memory map

                0x000000000002c3b8                __vfprintf = __vfprintf_long
                0x0000000000000000                __vfscanf = __vfscanf_int
                0x0000000020000000                __RAM_segment_start__ = 0x20000000
                0x0000000020010000                __RAM_segment_end__ = 0x20010000
                0x0000000000010000                __RAM_segment_size__ = 0x10000
                0x0000000000000000                __FLASH_segment_start__ = 0x0
                0x0000000000080000                __FLASH_segment_end__ = 0x80000
                0x0000000000080000                __FLASH_segment_size__ = 0x80000
                0x0000000000002000                __HEAPSIZE__ = 0x2000
                0x0000000000000000                __STACKSIZE_PROCESS__ = 0x0
                0x0000000000002000                __STACKSIZE__ = 0x2000
                0x0000000020000000                __reserved_ram_load_start__ = 0x20000000

.reserved_ram   0x0000000020000000     0x2a98
                0x0000000020000000                __reserved_ram_start__ = .
 *(.reserved_ram .reserved_ram.*)
                0x0000000020002a98                . = MAX (((__reserved_ram_start__ + 0x20002a98) - 0x20000000), .)
 *fill*         0x0000000020000000     0x2a98 
                0x0000000020002a98                __reserved_ram_end__ = (__reserved_ram_start__ + SIZEOF (.reserved_ram))
                0x0000000000002a98                __reserved_ram_size__ = SIZEOF (.reserved_ram)
                0x0000000020002a98                __reserved_ram_load_end__ = __reserved_ram_end__
                0x0000000000000001                . = ASSERT (((__reserved_ram_start__ == __reserved_ram_end__) || ((__reserved_ram_end__ - __RAM_segment_start__) <= __RAM_segment_size__)), error: .reserved_ram is too large to fit in RAM memory segment)
                0x0000000020002a98                __vectors_ram_load_start__ = 0x20002a98

.vectors_ram    0x0000000020002a98        0x0
                0x0000000020002a98                __vectors_ram_start__ = .
                0x0000000020002a98                __app_ram_start__ = __vectors_ram_start__
 *(.vectors_ram .vectors_ram.*)
                0x0000000020002a98                __vectors_ram_end__ = (__vectors_ram_start__ + SIZEOF (.vectors_ram))
                0x0000000000000000                __vectors_ram_size__ = SIZEOF (.vectors_ram)
                0x0000000020002a98                __vectors_ram_load_end__ = __vectors_ram_end__
                0x0000000000000001                . = ASSERT (((__vectors_ram_start__ == __vectors_ram_end__) || ((__vectors_ram_end__ - __RAM_segment_start__) <= __RAM_segment_size__)), error: .vectors_ram is too large to fit in RAM memory segment)
                0x0000000000000001                . = ASSERT ((__reserved_ram_end__ <= __vectors_ram_start__), error: section .reserved_ram overlaps absolute placed section .vectors_ram)
                0x0000000020002a98                __nrf_sections_run_load_start__ = ALIGN (__vectors_ram_end__, 0x4)

.nrf_sections_run
                0x0000000020002a98        0x0
                0x0000000020002a98                __nrf_sections_run_start__ = .
                0x0000000020002a98                __start_nrf_sections_run = __nrf_sections_run_start__
 *(.nrf_sections_run .nrf_sections_run.*)
                0x0000000020002a98                __nrf_sections_run_end__ = (__nrf_sections_run_start__ + SIZEOF (.nrf_sections_run))
                0x0000000000000000                __nrf_sections_run_size__ = SIZEOF (.nrf_sections_run)
                0x0000000020002a98                __nrf_sections_run_load_end__ = __nrf_sections_run_end__
                0x0000000000000001                . = ASSERT (((__nrf_sections_run_start__ == __nrf_sections_run_end__) || ((__nrf_sections_run_end__ - __RAM_segment_start__) <= __RAM_segment_size__)), error: .nrf_sections_run is too large to fit in RAM memory segment)
                0x0000000000000000                __reserved_flash_load_start__ = 0x0

.reserved_flash
                0x0000000000000000    0x26000
                0x0000000000000000                __reserved_flash_start__ = .
 *(.reserved_flash .reserved_flash.*)
                0x0000000000026000                . = MAX (((__reserved_flash_start__ + 0x26000) - 0x0), .)
 *fill*         0x0000000000000000    0x26000 
                0x0000000000026000                __reserved_flash_end__ = (__reserved_flash_start__ + SIZEOF (.reserved_flash))
                0x0000000000026000                __reserved_flash_size__ = SIZEOF (.reserved_flash)
                0x0000000000026000                __reserved_flash_load_end__ = __reserved_flash_end__
                0x0000000000000001                . = ASSERT (((__reserved_flash_start__ == __reserved_flash_end__) || ((__reserved_flash_end__ - __FLASH_segment_start__) <= __FLASH_segment_size__)), error: .reserved_flash is too large to fit in FLASH memory segment)
                0x0000000000026000                __vectors_load_start__ = 0x26000

.vectors        0x0000000000026000      0x200
                0x0000000000026000                __vectors_start__ = .
 *(.vectors .vectors.*)
 .vectors       0x0000000000026000      0x200 Output/bno055_ble Release/Obj/ses_startup_nrf52.o
                0x0000000000026000                _vectors
                0x0000000000026200                __vectors_end__ = (__vectors_start__ + SIZEOF (.vectors))
                0x0000000000000200                __vectors_size__ = SIZEOF (.vectors)
                0x0000000000026200                __vectors_load_end__ = __vectors_end__
                0x0000000000000001                . = ASSERT (((__vectors_start__ == __vectors_end__) || ((__vectors_end__ - __FLASH_segment_start__) <= __FLASH_segment_size__)), error: .vectors is too large to fit in FLASH memory segment)
                0x0000000000000001                . = ASSERT ((__reserved_flash_end__ <= __vectors_start__), error: section .reserved_flash overlaps absolute placed section .vectors)
                0x0000000000026200                __init_load_start__ = ALIGN (__vectors_end__, 0x4)

.init           0x0000000000026200      0x1d4
                0x0000000000026200                __init_start__ = .
 *(.init .init.*)
 .init          0x0000000000026200      0x15c Output/bno055_ble Release/Obj/thumb_crt0.o
                0x0000000000026200                _start
                0x00000000000262b4                exit
 .init          0x000000000002635c       0x18 Output/bno055_ble Release/Obj/ses_startup_nrf52.o
                0x000000000002635c                NMI_Handler
                0x000000000002635e                HardFault_Handler
                0x0000000000026360                MemoryManagement_Handler
                0x0000000000026362                BusFault_Handler
                0x0000000000026364                UsageFault_Handler
                0x0000000000026366                SVC_Handler
                0x0000000000026368                DebugMon_Handler
                0x000000000002636a                PendSV_Handler
                0x000000000002636c                SysTick_Handler
                0x000000000002636e                RADIO_IRQHandler
                0x000000000002636e                PDM_IRQHandler
                0x000000000002636e                TEMP_IRQHandler
                0x000000000002636e                QDEC_IRQHandler
                0x000000000002636e                TIMER3_IRQHandler
                0x000000000002636e                RTC0_IRQHandler
                0x000000000002636e                PWM1_IRQHandler
                0x000000000002636e                TIMER4_IRQHandler
                0x000000000002636e                I2S_IRQHandler
                0x000000000002636e                SWI4_EGU4_IRQHandler
                0x000000000002636e                TIMER0_IRQHandler
                0x000000000002636e                Dummy_Handler
                0x000000000002636e                TIMER1_IRQHandler
                0x000000000002636e                PWM2_IRQHandler
                0x000000000002636e                ECB_IRQHandler
                0x000000000002636e                SPIM1_SPIS1_TWIM1_TWIS1_SPI1_TWI1_IRQHandler
                0x000000000002636e                SAADC_IRQHandler
                0x000000000002636e                CCM_AAR_IRQHandler
                0x000000000002636e                WDT_IRQHandler
                0x000000000002636e                FPU_IRQHandler
                0x000000000002636e                SWI5_EGU5_IRQHandler
                0x000000000002636e                RNG_IRQHandler
                0x000000000002636e                RTC2_IRQHandler
                0x000000000002636e                PWM0_IRQHandler
                0x000000000002636e                SWI3_EGU3_IRQHandler
                0x000000000002636e                SWI1_EGU1_IRQHandler
                0x000000000002636e                SPIM2_SPIS2_SPI2_IRQHandler
                0x000000000002636e                NFCT_IRQHandler
                0x000000000002636e                TIMER2_IRQHandler
                0x000000000002636e                MWU_IRQHandler
                0x000000000002636e                COMP_LPCOMP_IRQHandler
                0x0000000000026370                nRFInitialize
 .init          0x0000000000026374       0x60 Output/bno055_ble Release/Obj/ses_startup_nrf_common.o
                0x0000000000026374                Reset_Handler
                0x000000000002639c                InitializeUserMemorySections
                0x00000000000263d4                __init_end__ = (__init_start__ + SIZEOF (.init))
                0x00000000000001d4                __init_size__ = SIZEOF (.init)
                0x00000000000263d4                __init_load_end__ = __init_end__
                0x0000000000000001                . = ASSERT (((__init_start__ == __init_end__) || ((__init_end__ - __FLASH_segment_start__) <= __FLASH_segment_size__)), error: .init is too large to fit in FLASH memory segment)
                0x00000000000263d4                __init_rodata_load_start__ = ALIGN (__init_end__, 0x4)

.init_rodata    0x00000000000263d4        0x0
                0x00000000000263d4                __init_rodata_start__ = .
 *(.init_rodata .init_rodata.*)
                0x00000000000263d4                __init_rodata_end__ = (__init_rodata_start__ + SIZEOF (.init_rodata))
                0x0000000000000000                __init_rodata_size__ = SIZEOF (.init_rodata)
                0x00000000000263d4                __init_rodata_load_end__ = __init_rodata_end__
                0x0000000000000001                . = ASSERT (((__init_rodata_start__ == __init_rodata_end__) || ((__init_rodata_end__ - __FLASH_segment_start__) <= __FLASH_segment_size__)), error: .init_rodata is too large to fit in FLASH memory segment)
                0x00000000000263d4                __text_load_start__ = ALIGN (__init_rodata_end__, 0x4)

.text           0x00000000000263d4     0x6648
                0x00000000000263d4                __text_start__ = .
 *(.text .text.* .glue_7t .glue_7 .gnu.linkonce.t.* .gcc_except_table .ARM.extab* .gnu.linkonce.armextab.*)
 .glue_7        0x00000000000263d4        0x0 linker stubs
 .glue_7t       0x00000000000263d4        0x0 linker stubs
 .text.nrf_log_backend_serial_put
                0x00000000000263d4       0xc2 Output/bno055_ble Release/Obj/nrf_log_backend_serial.o
                0x00000000000263d4                nrf_log_backend_serial_put
 .text.invalid_packets_omit
                0x0000000000026496       0x3a Output/bno055_ble Release/Obj/nrf_log_frontend.o
 .text.buf_prealloc
                0x00000000000264d0      0x138 Output/bno055_ble Release/Obj/nrf_log_frontend.o
 .text.nrf_log_module_name_get
                0x0000000000026608       0x38 Output/bno055_ble Release/Obj/nrf_log_frontend.o
                0x0000000000026608                nrf_log_module_name_get
 .text.nrf_log_color_id_get
                0x0000000000026640       0x2c Output/bno055_ble Release/Obj/nrf_log_frontend.o
                0x0000000000026640                nrf_log_color_id_get
 .text.buffer_is_empty
                0x000000000002666c       0x14 Output/bno055_ble Release/Obj/nrf_log_frontend.o
                0x000000000002666c                buffer_is_empty
 .text.nrf_log_frontend_dequeue
                0x0000000000026680      0x220 Output/bno055_ble Release/Obj/nrf_log_frontend.o
                0x0000000000026680                nrf_log_frontend_dequeue
 .text.std_n    0x00000000000268a0       0x98 Output/bno055_ble Release/Obj/nrf_log_frontend.o
 .text.nrf_log_frontend_std_0
                0x0000000000026938        0x8 Output/bno055_ble Release/Obj/nrf_log_frontend.o
                0x0000000000026938                nrf_log_frontend_std_0
 .text.nrf_log_frontend_std_1
                0x0000000000026940       0x12 Output/bno055_ble Release/Obj/nrf_log_frontend.o
                0x0000000000026940                nrf_log_frontend_std_1
 .text.nrf_log_frontend_std_2
                0x0000000000026952       0x14 Output/bno055_ble Release/Obj/nrf_log_frontend.o
                0x0000000000026952                nrf_log_frontend_std_2
 *fill*         0x0000000000026966        0x2 
 .text.nrf_log_panic
                0x0000000000026968       0x2c Output/bno055_ble Release/Obj/nrf_log_frontend.o
                0x0000000000026968                nrf_log_panic
 .text.postfix_process
                0x0000000000026994       0x44 Output/bno055_ble Release/Obj/nrf_log_str_formatter.o
 .text.prefix_process
                0x00000000000269d8       0x7c Output/bno055_ble Release/Obj/nrf_log_str_formatter.o
 .text.nrf_log_std_entry_process
                0x0000000000026a54       0xc8 Output/bno055_ble Release/Obj/nrf_log_str_formatter.o
                0x0000000000026a54                nrf_log_std_entry_process
 .text.nrf_log_hexdump_entry_process
                0x0000000000026b1c       0xb4 Output/bno055_ble Release/Obj/nrf_log_str_formatter.o
                0x0000000000026b1c                nrf_log_hexdump_entry_process
 .text.uart_evt_handler
                0x0000000000026bd0        0xc Output/bno055_ble Release/Obj/nrf_log_backend_uart.o
 .text.nrf_log_backend_uart_flush
                0x0000000000026bdc        0x2 Output/bno055_ble Release/Obj/nrf_log_backend_uart.o
 *fill*         0x0000000000026bde        0x2 
 .text.uart_init
                0x0000000000026be0       0x5c Output/bno055_ble Release/Obj/nrf_log_backend_uart.o
 .text.nrf_log_backend_uart_put
                0x0000000000026c3c       0x1c Output/bno055_ble Release/Obj/nrf_log_backend_uart.o
 .text.serial_tx
                0x0000000000026c58       0x48 Output/bno055_ble Release/Obj/nrf_log_backend_uart.o
 .text.nrf_log_backend_uart_panic_set
                0x0000000000026ca0       0x2c Output/bno055_ble Release/Obj/nrf_log_backend_uart.o
 .text.detection_delay_timeout_handler
                0x0000000000026ccc       0xf0 Output/bno055_ble Release/Obj/app_button.o
 .text.gpiote_event_handler
                0x0000000000026dbc       0x90 Output/bno055_ble Release/Obj/app_button.o
 .text.app_button_init
                0x0000000000026e4c       0xa8 Output/bno055_ble Release/Obj/app_button.o
                0x0000000000026e4c                app_button_init
 .text.app_button_enable
                0x0000000000026ef4       0x2c Output/bno055_ble Release/Obj/app_button.o
                0x0000000000026ef4                app_button_enable
 .text.app_error_handler_bare
                0x0000000000026f20       0x1a Output/bno055_ble Release/Obj/app_error.o
                0x0000000000026f20                app_error_handler_bare
 *fill*         0x0000000000026f3a        0x2 
 .text.app_error_fault_handler
                0x0000000000026f3c       0x70 Output/bno055_ble Release/Obj/app_error_weak.o
                0x0000000000026f3c                app_error_fault_handler
 .text.app_fifo_init
                0x0000000000026fac       0x1e Output/bno055_ble Release/Obj/app_fifo.o
                0x0000000000026fac                app_fifo_init
 .text.app_fifo_put
                0x0000000000026fca       0x24 Output/bno055_ble Release/Obj/app_fifo.o
                0x0000000000026fca                app_fifo_put
 .text.app_fifo_get
                0x0000000000026fee       0x22 Output/bno055_ble Release/Obj/app_fifo.o
                0x0000000000026fee                app_fifo_get
 .text.user_op_alloc
                0x0000000000027010       0x2c Output/bno055_ble Release/Obj/app_timer.o
 .text.timer_stop_op_schedule
                0x000000000002703c       0x50 Output/bno055_ble Release/Obj/app_timer.o
 .text.nrfx_coredep_delay_us.part.0.constprop.0
                0x000000000002708c       0x10 Output/bno055_ble Release/Obj/app_timer.o
 .text.rtc1_stop
                0x000000000002709c       0x44 Output/bno055_ble Release/Obj/app_timer.o
 .text.RTC1_IRQHandler
                0x00000000000270e0       0x9c Output/bno055_ble Release/Obj/app_timer.o
                0x00000000000270e0                RTC1_IRQHandler
 .text.SWI0_EGU0_IRQHandler
                0x000000000002717c      0x2bc Output/bno055_ble Release/Obj/app_timer.o
                0x000000000002717c                SWI0_EGU0_IRQHandler
 .text.app_timer_init
                0x0000000000027438       0x60 Output/bno055_ble Release/Obj/app_timer.o
                0x0000000000027438                app_timer_init
 .text.app_timer_create
                0x0000000000027498       0x24 Output/bno055_ble Release/Obj/app_timer.o
                0x0000000000027498                app_timer_create
 .text.app_timer_start
                0x00000000000274bc       0x90 Output/bno055_ble Release/Obj/app_timer.o
                0x00000000000274bc                app_timer_start
 .text.app_timer_stop
                0x000000000002754c       0x20 Output/bno055_ble Release/Obj/app_timer.o
                0x000000000002754c                app_timer_stop
 .text.nrf_drv_uart_rx.constprop.0
                0x000000000002756c       0x28 Output/bno055_ble Release/Obj/app_uart_fifo.o
 .text.nrf_drv_uart_tx.constprop.0
                0x0000000000027594       0x28 Output/bno055_ble Release/Obj/app_uart_fifo.o
 .text.uart_event_handler
                0x00000000000275bc       0x98 Output/bno055_ble Release/Obj/app_uart_fifo.o
 .text.app_uart_init
                0x0000000000027654       0xb0 Output/bno055_ble Release/Obj/app_uart_fifo.o
                0x0000000000027654                app_uart_init
 .text.app_uart_get
                0x0000000000027704       0x2c Output/bno055_ble Release/Obj/app_uart_fifo.o
                0x0000000000027704                app_uart_get
 .text.app_uart_put
                0x0000000000027730       0x50 Output/bno055_ble Release/Obj/app_uart_fifo.o
                0x0000000000027730                app_uart_put
 .text.app_util_critical_region_enter
                0x0000000000027780       0x48 Output/bno055_ble Release/Obj/app_util_platform.o
                0x0000000000027780                app_util_critical_region_enter
 .text.app_util_critical_region_exit
                0x00000000000277c8       0x2c Output/bno055_ble Release/Obj/app_util_platform.o
                0x00000000000277c8                app_util_critical_region_exit
 .text.nrf_atflags_set
                0x00000000000277f4       0x12 Output/bno055_ble Release/Obj/nrf_atflags.o
                0x00000000000277f4                nrf_atflags_set
 .text.nrf_atflags_clear
                0x0000000000027806       0x14 Output/bno055_ble Release/Obj/nrf_atflags.o
                0x0000000000027806                nrf_atflags_clear
 .text.nrf_atflags_get
                0x000000000002781a       0x12 Output/bno055_ble Release/Obj/nrf_atflags.o
                0x000000000002781a                nrf_atflags_get
 .text.nrf_atomic_u32_fetch_store
                0x000000000002782c       0x16 Output/bno055_ble Release/Obj/nrf_atomic.o
                0x000000000002782c                nrf_atomic_u32_fetch_store
 .text.nrf_atomic_u32_or
                0x0000000000027842       0x18 Output/bno055_ble Release/Obj/nrf_atomic.o
                0x0000000000027842                nrf_atomic_u32_or
 .text.nrf_atomic_u32_fetch_and
                0x000000000002785a       0x18 Output/bno055_ble Release/Obj/nrf_atomic.o
                0x000000000002785a                nrf_atomic_u32_fetch_and
 .text.nrf_atomic_u32_and
                0x0000000000027872       0x18 Output/bno055_ble Release/Obj/nrf_atomic.o
                0x0000000000027872                nrf_atomic_u32_and
 .text.nrf_atomic_u32_add
                0x000000000002788a       0x18 Output/bno055_ble Release/Obj/nrf_atomic.o
                0x000000000002788a                nrf_atomic_u32_add
 .text.nrf_atomic_u32_sub
                0x00000000000278a2       0x18 Output/bno055_ble Release/Obj/nrf_atomic.o
                0x00000000000278a2                nrf_atomic_u32_sub
 .text.nrf_atomic_flag_set
                0x00000000000278ba        0x6 Output/bno055_ble Release/Obj/nrf_atomic.o
                0x00000000000278ba                nrf_atomic_flag_set
 .text.nrf_atomic_flag_clear_fetch
                0x00000000000278c0        0x6 Output/bno055_ble Release/Obj/nrf_atomic.o
                0x00000000000278c0                nrf_atomic_flag_clear_fetch
 .text.nrf_balloc_alloc
                0x00000000000278c6       0x48 Output/bno055_ble Release/Obj/nrf_balloc.o
                0x00000000000278c6                nrf_balloc_alloc
 .text.nrf_balloc_free
                0x000000000002790e       0x34 Output/bno055_ble Release/Obj/nrf_balloc.o
                0x000000000002790e                nrf_balloc_free
 .text.nrf_fprintf_buffer_flush
                0x0000000000027942       0x16 Output/bno055_ble Release/Obj/nrf_fprintf.o
                0x0000000000027942                nrf_fprintf_buffer_flush
 .text.nrf_fprintf
                0x0000000000027958       0x1c Output/bno055_ble Release/Obj/nrf_fprintf.o
                0x0000000000027958                nrf_fprintf
 .text.buffer_add
                0x0000000000027974       0x1e Output/bno055_ble Release/Obj/nrf_fprintf_format.o
 *fill*         0x0000000000027992        0x2 
 .text.unsigned_print
                0x0000000000027994       0xb4 Output/bno055_ble Release/Obj/nrf_fprintf_format.o
 .text.nrf_fprintf_fmt
                0x0000000000027a48      0x29c Output/bno055_ble Release/Obj/nrf_fprintf_format.o
                0x0000000000027a48                nrf_fprintf_fmt
 .text.memobj_op
                0x0000000000027ce4       0x86 Output/bno055_ble Release/Obj/nrf_memobj.o
 .text.nrf_memobj_free
                0x0000000000027d6a       0x2c Output/bno055_ble Release/Obj/nrf_memobj.o
                0x0000000000027d6a                nrf_memobj_free
 .text.nrf_memobj_alloc
                0x0000000000027d96       0x5e Output/bno055_ble Release/Obj/nrf_memobj.o
                0x0000000000027d96                nrf_memobj_alloc
 .text.nrf_memobj_get
                0x0000000000027df4        0x8 Output/bno055_ble Release/Obj/nrf_memobj.o
                0x0000000000027df4                nrf_memobj_get
 .text.nrf_memobj_put
                0x0000000000027dfc       0x1e Output/bno055_ble Release/Obj/nrf_memobj.o
                0x0000000000027dfc                nrf_memobj_put
 .text.nrf_memobj_write
                0x0000000000027e1a       0x14 Output/bno055_ble Release/Obj/nrf_memobj.o
                0x0000000000027e1a                nrf_memobj_write
 .text.nrf_memobj_read
                0x0000000000027e2e       0x14 Output/bno055_ble Release/Obj/nrf_memobj.o
                0x0000000000027e2e                nrf_memobj_read
 .text.sd_app_evt_wait
                0x0000000000027e42        0x4 Output/bno055_ble Release/Obj/nrf_pwr_mgmt.o
 *fill*         0x0000000000027e46        0x2 
 .text.nrf_pwr_mgmt_init
                0x0000000000027e48       0x2c Output/bno055_ble Release/Obj/nrf_pwr_mgmt.o
                0x0000000000027e48                nrf_pwr_mgmt_init
 .text.nrf_pwr_mgmt_run
                0x0000000000027e74       0x4c Output/bno055_ble Release/Obj/nrf_pwr_mgmt.o
                0x0000000000027e74                nrf_pwr_mgmt_run
 .text.nrf_section_iter_init
                0x0000000000027ec0       0x14 Output/bno055_ble Release/Obj/nrf_section_iter.o
                0x0000000000027ec0                nrf_section_iter_init
 .text.nrf_section_iter_next
                0x0000000000027ed4       0x18 Output/bno055_ble Release/Obj/nrf_section_iter.o
                0x0000000000027ed4                nrf_section_iter_next
 .text.nrf_strerror_find
                0x0000000000027eec       0x3c Output/bno055_ble Release/Obj/nrf_strerror.o
                0x0000000000027eec                nrf_strerror_find
 .text.nrf_strerror_get
                0x0000000000027f28       0x14 Output/bno055_ble Release/Obj/nrf_strerror.o
                0x0000000000027f28                nrf_strerror_get
 .text.errata_12
                0x0000000000027f3c       0x40 Output/bno055_ble Release/Obj/system_nrf52.o
 .text.errata_16
                0x0000000000027f7c       0x34 Output/bno055_ble Release/Obj/system_nrf52.o
 .text.SystemInit
                0x0000000000027fb0      0x25c Output/bno055_ble Release/Obj/system_nrf52.o
                0x0000000000027fb0                SystemInit
 .text.bsp_board_led_state_get
                0x000000000002820c       0x1c Output/bno055_ble Release/Obj/boards.o
                0x000000000002820c                bsp_board_led_state_get
 .text.bsp_board_led_on
                0x0000000000028228       0x18 Output/bno055_ble Release/Obj/boards.o
                0x0000000000028228                bsp_board_led_on
 .text.bsp_board_led_off
                0x0000000000028240       0x18 Output/bno055_ble Release/Obj/boards.o
                0x0000000000028240                bsp_board_led_off
 .text.bsp_board_leds_off
                0x0000000000028258       0x1e Output/bno055_ble Release/Obj/boards.o
                0x0000000000028258                bsp_board_leds_off
 .text.bsp_board_leds_on
                0x0000000000028276       0x1e Output/bno055_ble Release/Obj/boards.o
                0x0000000000028276                bsp_board_leds_on
 .text.bsp_board_led_invert
                0x0000000000028294       0x24 Output/bno055_ble Release/Obj/boards.o
                0x0000000000028294                bsp_board_led_invert
 .text.bsp_board_button_state_get
                0x00000000000282b8       0x1c Output/bno055_ble Release/Obj/boards.o
                0x00000000000282b8                bsp_board_button_state_get
 .text.bsp_board_pin_to_button_idx
                0x00000000000282d4       0x24 Output/bno055_ble Release/Obj/boards.o
                0x00000000000282d4                bsp_board_pin_to_button_idx
 .text.bsp_board_button_idx_to_pin
                0x00000000000282f8        0xc Output/bno055_ble Release/Obj/boards.o
                0x00000000000282f8                bsp_board_button_idx_to_pin
 .text.bsp_board_init
                0x0000000000028304       0x3e Output/bno055_ble Release/Obj/boards.o
                0x0000000000028304                bsp_board_init
 *fill*         0x0000000000028342        0x2 
 .text.clock_clk_started_notify
                0x0000000000028344       0x24 Output/bno055_ble Release/Obj/nrf_drv_clock.o
 .text.clock_irq_handler
                0x0000000000028368       0x1c Output/bno055_ble Release/Obj/nrf_drv_clock.o
 .text.soc_evt_handler
                0x0000000000028384       0x14 Output/bno055_ble Release/Obj/nrf_drv_clock.o
 .text.nrf_drv_clock_init
                0x0000000000028398       0x38 Output/bno055_ble Release/Obj/nrf_drv_clock.o
                0x0000000000028398                nrf_drv_clock_init
 .text.nrf_drv_clock_lfclk_release
                0x00000000000283d0       0x34 Output/bno055_ble Release/Obj/nrf_drv_clock.o
                0x00000000000283d0                nrf_drv_clock_lfclk_release
 .text.sd_state_evt_handler
                0x0000000000028404       0x58 Output/bno055_ble Release/Obj/nrf_drv_clock.o
 .text.uarte_evt_handler
                0x000000000002845c       0x34 Output/bno055_ble Release/Obj/nrf_drv_uart.o
 .text.uart_evt_handler
                0x0000000000028490       0x34 Output/bno055_ble Release/Obj/nrf_drv_uart.o
 .text.nrf_drv_uart_init
                0x00000000000284c4       0x7c Output/bno055_ble Release/Obj/nrf_drv_uart.o
                0x00000000000284c4                nrf_drv_uart_init
 .text.nrf_clock_event_clear
                0x0000000000028540       0x14 Output/bno055_ble Release/Obj/nrfx_clock.o
 .text.nrfx_clock_init
                0x0000000000028554       0x18 Output/bno055_ble Release/Obj/nrfx_clock.o
                0x0000000000028554                nrfx_clock_init
 .text.nrfx_clock_enable
                0x000000000002856c       0x28 Output/bno055_ble Release/Obj/nrfx_clock.o
                0x000000000002856c                nrfx_clock_enable
 .text.nrfx_clock_lfclk_stop
                0x0000000000028594       0x18 Output/bno055_ble Release/Obj/nrfx_clock.o
                0x0000000000028594                nrfx_clock_lfclk_stop
 .text.POWER_CLOCK_IRQHandler
                0x00000000000285ac       0x58 Output/bno055_ble Release/Obj/nrfx_clock.o
                0x00000000000285ac                POWER_CLOCK_IRQHandler
 .text.nrf_gpiote_event_clear
                0x0000000000028604       0x18 Output/bno055_ble Release/Obj/nrfx_gpiote.o
 .text.nrf_gpio_cfg_sense_set
                0x000000000002861c       0x20 Output/bno055_ble Release/Obj/nrfx_gpiote.o
 .text.channel_free
                0x000000000002863c       0x1c Output/bno055_ble Release/Obj/nrfx_gpiote.o
 .text.nrfx_gpiote_init
                0x0000000000028658       0x74 Output/bno055_ble Release/Obj/nrfx_gpiote.o
                0x0000000000028658                nrfx_gpiote_init
 .text.nrfx_gpiote_is_init
                0x00000000000286cc       0x14 Output/bno055_ble Release/Obj/nrfx_gpiote.o
                0x00000000000286cc                nrfx_gpiote_is_init
 .text.nrfx_gpiote_in_init
                0x00000000000286e0       0xe4 Output/bno055_ble Release/Obj/nrfx_gpiote.o
                0x00000000000286e0                nrfx_gpiote_in_init
 .text.nrfx_gpiote_in_event_enable
                0x00000000000287c4       0x88 Output/bno055_ble Release/Obj/nrfx_gpiote.o
                0x00000000000287c4                nrfx_gpiote_in_event_enable
 .text.nrfx_gpiote_in_is_set
                0x000000000002884c       0x12 Output/bno055_ble Release/Obj/nrfx_gpiote.o
                0x000000000002884c                nrfx_gpiote_in_is_set
 *fill*         0x000000000002885e        0x2 
 .text.GPIOTE_IRQHandler
                0x0000000000028860      0x184 Output/bno055_ble Release/Obj/nrfx_gpiote.o
                0x0000000000028860                GPIOTE_IRQHandler
 .text.UARTE0_UART0_IRQHandler
                0x00000000000289e4        0xc Output/bno055_ble Release/Obj/nrfx_prs.o
                0x00000000000289e4                UARTE0_UART0_IRQHandler
 .text.nrfx_prs_acquire
                0x00000000000289f0       0x44 Output/bno055_ble Release/Obj/nrfx_prs.o
                0x00000000000289f0                nrfx_prs_acquire
 .text.nrfx_prs_release
                0x0000000000028a34       0x18 Output/bno055_ble Release/Obj/nrfx_prs.o
                0x0000000000028a34                nrfx_prs_release
 .text.nrf_uart_event_clear
                0x0000000000028a4c       0x10 Output/bno055_ble Release/Obj/nrfx_uart.o
 .text.tx_byte  0x0000000000028a5c       0x1e Output/bno055_ble Release/Obj/nrfx_uart.o
 .text.rx_enable.isra.0
                0x0000000000028a7a       0x20 Output/bno055_ble Release/Obj/nrfx_uart.o
 .text.rx_byte  0x0000000000028a9a       0x2c Output/bno055_ble Release/Obj/nrfx_uart.o
 *fill*         0x0000000000028ac6        0x2 
 .text.rx_done_event.constprop.0
                0x0000000000028ac8       0x20 Output/bno055_ble Release/Obj/nrfx_uart.o
 .text.nrfx_uart_0_irq_handler
                0x0000000000028ae8      0x138 Output/bno055_ble Release/Obj/nrfx_uart.o
                0x0000000000028ae8                nrfx_uart_0_irq_handler
 .text.nrfx_uart_init
                0x0000000000028c20      0x180 Output/bno055_ble Release/Obj/nrfx_uart.o
                0x0000000000028c20                nrfx_uart_init
 .text.nrfx_uart_uninit
                0x0000000000028da0       0xc4 Output/bno055_ble Release/Obj/nrfx_uart.o
                0x0000000000028da0                nrfx_uart_uninit
 .text.nrfx_uart_tx
                0x0000000000028e64       0x8c Output/bno055_ble Release/Obj/nrfx_uart.o
                0x0000000000028e64                nrfx_uart_tx
 .text.nrfx_uart_tx_in_progress
                0x0000000000028ef0       0x18 Output/bno055_ble Release/Obj/nrfx_uart.o
                0x0000000000028ef0                nrfx_uart_tx_in_progress
 .text.nrfx_uart_rx
                0x0000000000028f08       0xf0 Output/bno055_ble Release/Obj/nrfx_uart.o
                0x0000000000028f08                nrfx_uart_rx
 .text.nrf_uarte_event_clear
                0x0000000000028ff8       0x10 Output/bno055_ble Release/Obj/nrfx_uarte.o
 .text.rx_done_event.constprop.0
                0x0000000000029008       0x24 Output/bno055_ble Release/Obj/nrfx_uarte.o
 .text.nrfx_uarte_0_irq_handler
                0x000000000002902c       0xe8 Output/bno055_ble Release/Obj/nrfx_uarte.o
                0x000000000002902c                nrfx_uarte_0_irq_handler
 .text.nrfx_uarte_init
                0x0000000000029114      0x190 Output/bno055_ble Release/Obj/nrfx_uarte.o
                0x0000000000029114                nrfx_uarte_init
 .text.nrfx_uarte_uninit
                0x00000000000292a4       0xc4 Output/bno055_ble Release/Obj/nrfx_uarte.o
                0x00000000000292a4                nrfx_uarte_uninit
 .text.nrfx_uarte_tx
                0x0000000000029368       0x84 Output/bno055_ble Release/Obj/nrfx_uarte.o
                0x0000000000029368                nrfx_uarte_tx
 .text.nrfx_uarte_tx_in_progress
                0x00000000000293ec       0x18 Output/bno055_ble Release/Obj/nrfx_uarte.o
                0x00000000000293ec                nrfx_uarte_tx_in_progress
 .text.nrfx_uarte_rx
                0x0000000000029404       0xd8 Output/bno055_ble Release/Obj/nrfx_uarte.o
                0x0000000000029404                nrfx_uarte_rx
 .text.twim_evt_handler
                0x00000000000294dc       0x40 Output/bno055_ble Release/Obj/nrf_drv_twi.o
 .text.nrfx_coredep_delay_us.part.0.constprop.0
                0x000000000002951c       0x10 Output/bno055_ble Release/Obj/nrf_drv_twi.o
 .text.nrf_drv_twi_init
                0x000000000002952c       0xe0 Output/bno055_ble Release/Obj/nrf_drv_twi.o
                0x000000000002952c                nrf_drv_twi_init
 .text.nrf_twim_event_clear
                0x000000000002960c       0x10 Output/bno055_ble Release/Obj/nrfx_twim.o
 .text.SPIM0_SPIS0_TWIM0_TWIS0_SPI0_TWI0_IRQHandler
                0x000000000002961c      0x144 Output/bno055_ble Release/Obj/nrfx_twim.o
                0x000000000002961c                SPIM0_SPIS0_TWIM0_TWIS0_SPI0_TWI0_IRQHandler
 .text.nrfx_twim_init
                0x0000000000029760       0xf0 Output/bno055_ble Release/Obj/nrfx_twim.o
                0x0000000000029760                nrfx_twim_init
 .text.nrfx_twim_enable
                0x0000000000029850       0x20 Output/bno055_ble Release/Obj/nrfx_twim.o
                0x0000000000029850                nrfx_twim_enable
 .text.nrfx_twim_xfer
                0x0000000000029870      0x27c Output/bno055_ble Release/Obj/nrfx_twim.o
                0x0000000000029870                nrfx_twim_xfer
 .text.nrfx_twim_tx
                0x0000000000029aec       0x36 Output/bno055_ble Release/Obj/nrfx_twim.o
                0x0000000000029aec                nrfx_twim_tx
 .text.nrfx_twim_rx
                0x0000000000029b22       0x32 Output/bno055_ble Release/Obj/nrfx_twim.o
                0x0000000000029b22                nrfx_twim_rx
 .text.alert_timer_handler
                0x0000000000029b54        0x6 Output/bno055_ble Release/Obj/bsp.o
 *fill*         0x0000000000029b5a        0x2 
 .text.bsp_button_event_handler
                0x0000000000029b5c       0x9c Output/bno055_ble Release/Obj/bsp.o
 .text.button_timer_handler
                0x0000000000029bf8        0x8 Output/bno055_ble Release/Obj/bsp.o
 .text.leds_off
                0x0000000000029c00       0x2c Output/bno055_ble Release/Obj/bsp.o
 .text.bsp_led_indication
                0x0000000000029c2c      0x204 Output/bno055_ble Release/Obj/bsp.o
 .text.leds_timer_handler
                0x0000000000029e30       0x1c Output/bno055_ble Release/Obj/bsp.o
 .text.bsp_button_is_pressed
                0x0000000000029e4c        0xc Output/bno055_ble Release/Obj/bsp.o
                0x0000000000029e4c                bsp_button_is_pressed
 .text.bsp_indication_set
                0x0000000000029e58       0x18 Output/bno055_ble Release/Obj/bsp.o
                0x0000000000029e58                bsp_indication_set
 .text.bsp_init
                0x0000000000029e70       0x9c Output/bno055_ble Release/Obj/bsp.o
                0x0000000000029e70                bsp_init
 .text.bsp_event_to_button_action_assign
                0x0000000000029f0c       0x4c Output/bno055_ble Release/Obj/bsp.o
                0x0000000000029f0c                bsp_event_to_button_action_assign
 .text.bsp_wakeup_button_enable
                0x0000000000029f58       0x30 Output/bno055_ble Release/Obj/bsp.o
                0x0000000000029f58                bsp_wakeup_button_enable
 .text.advertising_buttons_configure
                0x0000000000029f88       0x36 Output/bno055_ble Release/Obj/bsp_btn_ble.o
 *fill*         0x0000000000029fbe        0x2 
 .text.ble_evt_handler
                0x0000000000029fc0       0x80 Output/bno055_ble Release/Obj/bsp_btn_ble.o
 .text.bsp_btn_ble_sleep_mode_prepare
                0x000000000002a040       0x1e Output/bno055_ble Release/Obj/bsp_btn_ble.o
                0x000000000002a040                bsp_btn_ble_sleep_mode_prepare
 *fill*         0x000000000002a05e        0x2 
 .text.bsp_btn_ble_init
                0x000000000002a060       0x40 Output/bno055_ble Release/Obj/bsp_btn_ble.o
                0x000000000002a060                bsp_btn_ble_init
 .text.startup.main
                0x000000000002a0a0       0x84 Output/bno055_ble Release/Obj/main.o
                0x000000000002a0a0                main
 .text.sd_ble_gap_disconnect
                0x000000000002a124        0x4 Output/bno055_ble Release/Obj/ble_uart_peripheral.o
 .text.sd_ble_gap_ppcp_set
                0x000000000002a128        0x4 Output/bno055_ble Release/Obj/ble_uart_peripheral.o
 .text.sd_ble_gap_device_name_set
                0x000000000002a12c        0x4 Output/bno055_ble Release/Obj/ble_uart_peripheral.o
 .text.sd_ble_gap_sec_params_reply
                0x000000000002a130        0x4 Output/bno055_ble Release/Obj/ble_uart_peripheral.o
 .text.sd_ble_gap_phy_update
                0x000000000002a134        0x4 Output/bno055_ble Release/Obj/ble_uart_peripheral.o
 .text.sd_ble_gatts_sys_attr_set
                0x000000000002a138        0x4 Output/bno055_ble Release/Obj/ble_uart_peripheral.o
 .text.sd_power_system_off
                0x000000000002a13c        0x4 Output/bno055_ble Release/Obj/ble_uart_peripheral.o
 .text.conn_params_error_handler
                0x000000000002a140        0x4 Output/bno055_ble Release/Obj/ble_uart_peripheral.o
 .text.sleep_mode_enter
                0x000000000002a144       0x28 Output/bno055_ble Release/Obj/ble_uart_peripheral.o
 .text.ble_evt_handler
                0x000000000002a16c       0x98 Output/bno055_ble Release/Obj/ble_uart_peripheral.o
 .text.gatt_evt_handler
                0x000000000002a204       0x28 Output/bno055_ble Release/Obj/ble_uart_peripheral.o
                0x000000000002a204                gatt_evt_handler
 .text.on_conn_params_evt
                0x000000000002a22c       0x20 Output/bno055_ble Release/Obj/ble_uart_peripheral.o
 .text.bsp_event_handler
                0x000000000002a24c       0x4c Output/bno055_ble Release/Obj/ble_uart_peripheral.o
                0x000000000002a24c                bsp_event_handler
 .text.on_adv_evt
                0x000000000002a298       0x22 Output/bno055_ble Release/Obj/ble_uart_peripheral.o
 *fill*         0x000000000002a2ba        0x2 
 .text.uart_event_handle
                0x000000000002a2bc       0x8c Output/bno055_ble Release/Obj/ble_uart_peripheral.o
                0x000000000002a2bc                uart_event_handle
 .text.nus_data_handler
                0x000000000002a348       0x3a Output/bno055_ble Release/Obj/ble_uart_peripheral.o
 .text.nrf_qwr_error_handler
                0x000000000002a382        0x4 Output/bno055_ble Release/Obj/ble_uart_peripheral.o
 *fill*         0x000000000002a386        0x2 
 .text.gatt_init
                0x000000000002a388       0x2c Output/bno055_ble Release/Obj/ble_uart_peripheral.o
                0x000000000002a388                gatt_init
 .text.ble_uart_peripheral_print_to_uart
                0x000000000002a3b4       0x30 Output/bno055_ble Release/Obj/ble_uart_peripheral.o
                0x000000000002a3b4                ble_uart_peripheral_print_to_uart
 .text.ble_uart_peripheral_init
                0x000000000002a3e4      0x1c8 Output/bno055_ble Release/Obj/ble_uart_peripheral.o
                0x000000000002a3e4                ble_uart_peripheral_init
 .text.ble_uart_peripheral_advertising_start
                0x000000000002a5ac       0x1c Output/bno055_ble Release/Obj/ble_uart_peripheral.o
                0x000000000002a5ac                ble_uart_peripheral_advertising_start
 .text.ble_uart_peripheral_idle_state_handle
                0x000000000002a5c8        0x4 Output/bno055_ble Release/Obj/ble_uart_peripheral.o
                0x000000000002a5c8                ble_uart_peripheral_idle_state_handle
 .text.ble_uart_peripheral_send_to_ble
                0x000000000002a5cc       0x38 Output/bno055_ble Release/Obj/ble_uart_peripheral.o
                0x000000000002a5cc                ble_uart_peripheral_send_to_ble
 .text.twi_handler
                0x000000000002a604       0x10 Output/bno055_ble Release/Obj/i2c_hal.o
                0x000000000002a604                twi_handler
 .text.i2c_write
                0x000000000002a614       0x34 Output/bno055_ble Release/Obj/i2c_hal.o
                0x000000000002a614                i2c_write
 .text.i2c_read
                0x000000000002a648       0x34 Output/bno055_ble Release/Obj/i2c_hal.o
                0x000000000002a648                i2c_read
 .text.i2c_init
                0x000000000002a67c       0x4c Output/bno055_ble Release/Obj/i2c_hal.o
                0x000000000002a67c                i2c_init
 .text.bno055_write_reg
                0x000000000002a6c8       0x1c Output/bno055_ble Release/Obj/bno055.o
                0x000000000002a6c8                bno055_write_reg
 .text.bno055_read_reg
                0x000000000002a6e4       0x26 Output/bno055_ble Release/Obj/bno055.o
                0x000000000002a6e4                bno055_read_reg
 .text.bno055_get_chip_ID
                0x000000000002a70a        0xa Output/bno055_ble Release/Obj/bno055.o
                0x000000000002a70a                bno055_get_chip_ID
 .text.bno055_set_op_mode
                0x000000000002a714       0x28 Output/bno055_ble Release/Obj/bno055.o
                0x000000000002a714                bno055_set_op_mode
 .text.read_data_regs
                0x000000000002a73c       0x48 Output/bno055_ble Release/Obj/bno055.o
                0x000000000002a73c                read_data_regs
 .text.bno055_init
                0x000000000002a784       0x36 Output/bno055_ble Release/Obj/bno055.o
                0x000000000002a784                bno055_init
 *fill*         0x000000000002a7ba        0x2 
 .text.read_qua_data
                0x000000000002a7bc       0x20 Output/bno055_ble Release/Obj/bno055.o
                0x000000000002a7bc                read_qua_data
 .text.sd_ble_gap_addr_get
                0x000000000002a7dc        0x4 Output/bno055_ble Release/Obj/ble_advdata.o
 .text.sd_ble_gap_appearance_get
                0x000000000002a7e0        0x4 Output/bno055_ble Release/Obj/ble_advdata.o
 .text.sd_ble_gap_device_name_get
                0x000000000002a7e4        0x4 Output/bno055_ble Release/Obj/ble_advdata.o
 .text.sd_ble_uuid_encode
                0x000000000002a7e8        0x4 Output/bno055_ble Release/Obj/ble_advdata.o
 .text.uuid_list_sized_encode
                0x000000000002a7ec       0xac Output/bno055_ble Release/Obj/ble_advdata.o
 .text.uuid_list_encode
                0x000000000002a898       0x38 Output/bno055_ble Release/Obj/ble_advdata.o
 .text.ble_advdata_encode
                0x000000000002a8d0      0x394 Output/bno055_ble Release/Obj/ble_advdata.o
                0x000000000002a8d0                ble_advdata_encode
 .text.ble_advdata_search
                0x000000000002ac64       0x38 Output/bno055_ble Release/Obj/ble_advdata.o
                0x000000000002ac64                ble_advdata_search
 .text.ble_advdata_parse
                0x000000000002ac9c       0x20 Output/bno055_ble Release/Obj/ble_advdata.o
                0x000000000002ac9c                ble_advdata_parse
 .text.sd_ble_gap_adv_set_configure
                0x000000000002acbc        0x4 Output/bno055_ble Release/Obj/ble_advertising.o
 .text.sd_ble_gap_adv_start
                0x000000000002acc0        0x4 Output/bno055_ble Release/Obj/ble_advertising.o
 .text.sd_ble_gap_adv_stop
                0x000000000002acc4        0x4 Output/bno055_ble Release/Obj/ble_advertising.o
 .text.flags_set
                0x000000000002acc8       0x2c Output/bno055_ble Release/Obj/ble_advertising.o
 .text.ble_advertising_conn_cfg_tag_set
                0x000000000002acf4        0x6 Output/bno055_ble Release/Obj/ble_advertising.o
                0x000000000002acf4                ble_advertising_conn_cfg_tag_set
 .text.ble_advertising_init
                0x000000000002acfa       0xfe Output/bno055_ble Release/Obj/ble_advertising.o
                0x000000000002acfa                ble_advertising_init
 .text.ble_advertising_start
                0x000000000002adf8      0x21a Output/bno055_ble Release/Obj/ble_advertising.o
                0x000000000002adf8                ble_advertising_start
 .text.ble_advertising_on_ble_evt
                0x000000000002b012       0x6a Output/bno055_ble Release/Obj/ble_advertising.o
                0x000000000002b012                ble_advertising_on_ble_evt
 .text.ble_advertising_on_sys_evt
                0x000000000002b07c        0x2 Output/bno055_ble Release/Obj/ble_advertising.o
                0x000000000002b07c                ble_advertising_on_sys_evt
 .text.ble_advertising_restart_without_whitelist
                0x000000000002b07e       0x3c Output/bno055_ble Release/Obj/ble_advertising.o
                0x000000000002b07e                ble_advertising_restart_without_whitelist
 .text.sd_ble_gap_conn_param_update
                0x000000000002b0ba        0x4 Output/bno055_ble Release/Obj/ble_conn_params.o
 .text.sd_ble_gap_disconnect
                0x000000000002b0be        0x4 Output/bno055_ble Release/Obj/ble_conn_params.o
 .text.sd_ble_gap_ppcp_set
                0x000000000002b0c2        0x4 Output/bno055_ble Release/Obj/ble_conn_params.o
 .text.sd_ble_gap_ppcp_get
                0x000000000002b0c6        0x4 Output/bno055_ble Release/Obj/ble_conn_params.o
 *fill*         0x000000000002b0ca        0x2 
 .text.instance_get
                0x000000000002b0cc       0x14 Output/bno055_ble Release/Obj/ble_conn_params.o
 .text.send_error_evt
                0x000000000002b0e0       0x10 Output/bno055_ble Release/Obj/ble_conn_params.o
 .text.update_timeout_handler
                0x000000000002b0f0       0x6c Output/bno055_ble Release/Obj/ble_conn_params.o
 .text.conn_params_negotiation
                0x000000000002b15c       0x48 Output/bno055_ble Release/Obj/ble_conn_params.o
 .text.is_conn_params_ok.constprop.0
                0x000000000002b1a4       0x34 Output/bno055_ble Release/Obj/ble_conn_params.o
 .text.ble_evt_handler
                0x000000000002b1d8       0xe0 Output/bno055_ble Release/Obj/ble_conn_params.o
 .text.ble_conn_params_init
                0x000000000002b2b8       0x74 Output/bno055_ble Release/Obj/ble_conn_params.o
                0x000000000002b2b8                ble_conn_params_init
 .text.conn_handle_list_get
                0x000000000002b32c       0x2e Output/bno055_ble Release/Obj/ble_conn_state.o
                0x000000000002b32c                conn_handle_list_get
 *fill*         0x000000000002b35a        0x2 
 .text.ble_evt_handler
                0x000000000002b35c       0xd4 Output/bno055_ble Release/Obj/ble_conn_state.o
 .text.ble_conn_state_valid
                0x000000000002b430       0x14 Output/bno055_ble Release/Obj/ble_conn_state.o
                0x000000000002b430                ble_conn_state_valid
 .text.ble_conn_state_conn_idx
                0x000000000002b444       0x12 Output/bno055_ble Release/Obj/ble_conn_state.o
                0x000000000002b444                ble_conn_state_conn_idx
 .text.blcm_link_ctx_get
                0x000000000002b456       0x4e Output/bno055_ble Release/Obj/ble_link_ctx_manager.o
                0x000000000002b456                blcm_link_ctx_get
 .text.sd_ble_gatts_characteristic_add
                0x000000000002b4a4        0x4 Output/bno055_ble Release/Obj/ble_srv_common.o
 .text.set_security_req
                0x000000000002b4a8       0x2a Output/bno055_ble Release/Obj/ble_srv_common.o
 .text.ble_srv_is_notification_enabled
                0x000000000002b4d2        0x8 Output/bno055_ble Release/Obj/ble_srv_common.o
                0x000000000002b4d2                ble_srv_is_notification_enabled
 .text.characteristic_add
                0x000000000002b4da      0x154 Output/bno055_ble Release/Obj/ble_srv_common.o
                0x000000000002b4da                characteristic_add
 .text.sd_ble_gap_data_length_update
                0x000000000002b62e        0x4 Output/bno055_ble Release/Obj/nrf_ble_gatt.o
 .text.sd_ble_gattc_exchange_mtu_request
                0x000000000002b632        0x4 Output/bno055_ble Release/Obj/nrf_ble_gatt.o
 .text.sd_ble_gatts_exchange_mtu_reply
                0x000000000002b636        0x4 Output/bno055_ble Release/Obj/nrf_ble_gatt.o
 *fill*         0x000000000002b63a        0x2 
 .text.data_length_update
                0x000000000002b63c       0x80 Output/bno055_ble Release/Obj/nrf_ble_gatt.o
 .text.nrf_ble_gatt_init
                0x000000000002b6bc       0x28 Output/bno055_ble Release/Obj/nrf_ble_gatt.o
                0x000000000002b6bc                nrf_ble_gatt_init
 .text.nrf_ble_gatt_att_mtu_periph_set
                0x000000000002b6e4       0x18 Output/bno055_ble Release/Obj/nrf_ble_gatt.o
                0x000000000002b6e4                nrf_ble_gatt_att_mtu_periph_set
 .text.nrf_ble_gatt_on_ble_evt
                0x000000000002b6fc      0x198 Output/bno055_ble Release/Obj/nrf_ble_gatt.o
                0x000000000002b6fc                nrf_ble_gatt_on_ble_evt
 .text.sd_ble_gatts_rw_authorize_reply
                0x000000000002b894        0x4 Output/bno055_ble Release/Obj/nrf_ble_qwr.o
 .text.sd_ble_user_mem_reply
                0x000000000002b898        0x4 Output/bno055_ble Release/Obj/nrf_ble_qwr.o
 .text.user_mem_reply.part.0
                0x000000000002b89c       0x24 Output/bno055_ble Release/Obj/nrf_ble_qwr.o
 .text.nrf_ble_qwr_init
                0x000000000002b8c0       0x24 Output/bno055_ble Release/Obj/nrf_ble_qwr.o
                0x000000000002b8c0                nrf_ble_qwr_init
 .text.nrf_ble_qwr_conn_handle_assign
                0x000000000002b8e4       0x16 Output/bno055_ble Release/Obj/nrf_ble_qwr.o
                0x000000000002b8e4                nrf_ble_qwr_conn_handle_assign
 .text.nrf_ble_qwr_on_ble_evt
                0x000000000002b8fa       0xa0 Output/bno055_ble Release/Obj/nrf_ble_qwr.o
                0x000000000002b8fa                nrf_ble_qwr_on_ble_evt
 .text.sd_ble_gatts_service_add
                0x000000000002b99a        0x4 Output/bno055_ble Release/Obj/ble_nus.o
 .text.sd_ble_gatts_value_get
                0x000000000002b99e        0x4 Output/bno055_ble Release/Obj/ble_nus.o
 .text.sd_ble_gatts_hvx
                0x000000000002b9a2        0x4 Output/bno055_ble Release/Obj/ble_nus.o
 .text.sd_ble_uuid_vs_add
                0x000000000002b9a6        0x4 Output/bno055_ble Release/Obj/ble_nus.o
 .text.ble_nus_on_ble_evt
                0x000000000002b9aa      0x132 Output/bno055_ble Release/Obj/ble_nus.o
                0x000000000002b9aa                ble_nus_on_ble_evt
 .text.ble_nus_init
                0x000000000002badc       0xf4 Output/bno055_ble Release/Obj/ble_nus.o
                0x000000000002badc                ble_nus_init
 .text.ble_nus_data_send
                0x000000000002bbd0       0x66 Output/bno055_ble Release/Obj/ble_nus.o
                0x000000000002bbd0                ble_nus_data_send
 .text.sd_softdevice_enable
                0x000000000002bc36        0x4 Output/bno055_ble Release/Obj/nrf_sdh.o
 *fill*         0x000000000002bc3a        0x2 
 .text.sdh_request_observer_notify
                0x000000000002bc3c       0x30 Output/bno055_ble Release/Obj/nrf_sdh.o
 .text.sdh_state_observer_notify
                0x000000000002bc6c       0x28 Output/bno055_ble Release/Obj/nrf_sdh.o
 .text.softdevices_evt_irq_enable
                0x000000000002bc94       0x38 Output/bno055_ble Release/Obj/nrf_sdh.o
 .text.nrf_sdh_enable_request
                0x000000000002bccc       0x7c Output/bno055_ble Release/Obj/nrf_sdh.o
                0x000000000002bccc                nrf_sdh_enable_request
 .text.nrf_sdh_is_enabled
                0x000000000002bd48        0xc Output/bno055_ble Release/Obj/nrf_sdh.o
                0x000000000002bd48                nrf_sdh_is_enabled
 .text.nrf_sdh_evts_poll
                0x000000000002bd54       0x28 Output/bno055_ble Release/Obj/nrf_sdh.o
                0x000000000002bd54                nrf_sdh_evts_poll
 .text.SWI2_EGU2_IRQHandler
                0x000000000002bd7c        0x4 Output/bno055_ble Release/Obj/nrf_sdh.o
                0x000000000002bd7c                SWI2_EGU2_IRQHandler
 .text.sd_ble_enable
                0x000000000002bd80        0x4 Output/bno055_ble Release/Obj/nrf_sdh_ble.o
 .text.sd_ble_cfg_set
                0x000000000002bd84        0x4 Output/bno055_ble Release/Obj/nrf_sdh_ble.o
 .text.sd_ble_evt_get
                0x000000000002bd88        0x4 Output/bno055_ble Release/Obj/nrf_sdh_ble.o
 .text.nrf_sdh_ble_evts_poll.part.0
                0x000000000002bd8c       0x4c Output/bno055_ble Release/Obj/nrf_sdh_ble.o
 .text.nrf_sdh_ble_evts_poll
                0x000000000002bdd8       0x10 Output/bno055_ble Release/Obj/nrf_sdh_ble.o
 .text.nrf_sdh_ble_default_cfg_set
                0x000000000002bde8      0x1a0 Output/bno055_ble Release/Obj/nrf_sdh_ble.o
                0x000000000002bde8                nrf_sdh_ble_default_cfg_set
 .text.nrf_sdh_ble_enable
                0x000000000002bf88       0x98 Output/bno055_ble Release/Obj/nrf_sdh_ble.o
                0x000000000002bf88                nrf_sdh_ble_enable
 .text.sd_evt_get
                0x000000000002c020        0x4 Output/bno055_ble Release/Obj/nrf_sdh_soc.o
 .text.nrf_sdh_soc_evts_poll
                0x000000000002c024       0x3c Output/bno055_ble Release/Obj/nrf_sdh_soc.o
 .text.libc.__int64_udivmod
                0x000000000002c060       0xce C:/Program Files/SEGGER/SEGGER Embedded Studio for ARM 4.42a/lib/libc_v7em_fpv4_sp_d16_hard_t_le_eabi.a(libc_asm.o)
                0x000000000002c060                __aeabi_uldivmod
                0x000000000002c060                __int64_udiv
                0x000000000002c060                __udivdi3
                0x000000000002c060                __int64_udivmod
 *fill*         0x000000000002c12e        0x2 
 .text.libc.__RAL_ascii_isctype
                0x000000000002c130       0x1c C:/Program Files/SEGGER/SEGGER Embedded Studio for ARM 4.42a/lib/libc_v7em_fpv4_sp_d16_hard_t_le_eabi.a(libc2.o)
 .text.libc.__RAL_ascii_toupper
                0x000000000002c14c        0xc C:/Program Files/SEGGER/SEGGER Embedded Studio for ARM 4.42a/lib/libc_v7em_fpv4_sp_d16_hard_t_le_eabi.a(libc2.o)
 .text.libc.__RAL_ascii_tolower
                0x000000000002c158        0xc C:/Program Files/SEGGER/SEGGER Embedded Studio for ARM 4.42a/lib/libc_v7em_fpv4_sp_d16_hard_t_le_eabi.a(libc2.o)
 .text.libc.__RAL_ascii_iswctype
                0x000000000002c164       0x1c C:/Program Files/SEGGER/SEGGER Embedded Studio for ARM 4.42a/lib/libc_v7em_fpv4_sp_d16_hard_t_le_eabi.a(libc2.o)
 .text.libc.__RAL_ascii_towupper
                0x000000000002c180        0xc C:/Program Files/SEGGER/SEGGER Embedded Studio for ARM 4.42a/lib/libc_v7em_fpv4_sp_d16_hard_t_le_eabi.a(libc2.o)
 .text.libc.__RAL_ascii_towlower
                0x000000000002c18c        0xc C:/Program Files/SEGGER/SEGGER Embedded Studio for ARM 4.42a/lib/libc_v7em_fpv4_sp_d16_hard_t_le_eabi.a(libc2.o)
 .text.libc.__RAL_ascii_wctomb
                0x000000000002c198        0xe C:/Program Files/SEGGER/SEGGER Embedded Studio for ARM 4.42a/lib/libc_v7em_fpv4_sp_d16_hard_t_le_eabi.a(libc2.o)
                0x000000000002c198                __RAL_ascii_wctomb
 .text.libc.__RAL_ascii_mbtowc
                0x000000000002c1a6       0x24 C:/Program Files/SEGGER/SEGGER Embedded Studio for ARM 4.42a/lib/libc_v7em_fpv4_sp_d16_hard_t_le_eabi.a(libc2.o)
                0x000000000002c1a6                __RAL_ascii_mbtowc
 .text.libc.__putc
                0x000000000002c1ca       0x34 C:/Program Files/SEGGER/SEGGER Embedded Studio for ARM 4.42a/lib/libc_v7em_fpv4_sp_d16_hard_t_le_eabi.a(libc2.o)
                0x000000000002c1ca                __putc
 .text.libc.__RAL_print_padding
                0x000000000002c1fe       0x1c C:/Program Files/SEGGER/SEGGER Embedded Studio for ARM 4.42a/lib/libc_v7em_fpv4_sp_d16_hard_t_le_eabi.a(libc2.o)
                0x000000000002c1fe                __RAL_print_padding
 .text.libc.__RAL_pre_padding
                0x000000000002c21a       0x1a C:/Program Files/SEGGER/SEGGER Embedded Studio for ARM 4.42a/lib/libc_v7em_fpv4_sp_d16_hard_t_le_eabi.a(libc2.o)
                0x000000000002c21a                __RAL_pre_padding
 .text.libc.__RAL_isctype
                0x000000000002c234       0x14 C:/Program Files/SEGGER/SEGGER Embedded Studio for ARM 4.42a/lib/libc_v7em_fpv4_sp_d16_hard_t_le_eabi.a(libc2.o)
                0x000000000002c234                __RAL_isctype
 .text.libc.isprint
                0x000000000002c248        0xa C:/Program Files/SEGGER/SEGGER Embedded Studio for ARM 4.42a/lib/libc_v7em_fpv4_sp_d16_hard_t_le_eabi.a(libc2.o)
                0x000000000002c248                isprint
 .text.libc.sprintf
                0x000000000002c252       0x2a C:/Program Files/SEGGER/SEGGER Embedded Studio for ARM 4.42a/lib/libc_v7em_fpv4_sp_d16_hard_t_le_eabi.a(libc2.o)
                0x000000000002c252                sprintf
 .text.libc.strnlen
                0x000000000002c27c       0x22 C:/Program Files/SEGGER/SEGGER Embedded Studio for ARM 4.42a/lib/libc_v7em_fpv4_sp_d16_hard_t_le_eabi.a(libc2.o)
                0x000000000002c27c                strnlen
 .text.libc.memcpy
                0x000000000002c29e       0x52 C:/Program Files/SEGGER/SEGGER Embedded Studio for ARM 4.42a/lib/libc_v7em_fpv4_sp_d16_hard_t_le_eabi.a(libc2_asm.o)
                0x000000000002c29e                __aeabi_memcpy
                0x000000000002c29e                memcpy
                0x000000000002c2aa                __aeabi_memcpy8
                0x000000000002c2aa                __aeabi_memcpy4
 .text.libc.memset
                0x000000000002c2f0       0x66 C:/Program Files/SEGGER/SEGGER Embedded Studio for ARM 4.42a/lib/libc_v7em_fpv4_sp_d16_hard_t_le_eabi.a(libc2_asm.o)
                0x000000000002c2f0                memset
 .text.libc.strlen
                0x000000000002c356       0x60 C:/Program Files/SEGGER/SEGGER Embedded Studio for ARM 4.42a/lib/libc_v7em_fpv4_sp_d16_hard_t_le_eabi.a(libc2_asm.o)
                0x000000000002c356                strlen
 *fill*         0x000000000002c3b6        0x2 
 .text.libc.__vfprintf_long
                0x000000000002c3b8      0x664 C:/Program Files/SEGGER/SEGGER Embedded Studio for ARM 4.42a/lib/libvfprintf_v7em_fpv4_sp_d16_hard_t_le_eabi.o
                0x000000000002c3b8                __vfprintf_long
                0x000000000002ca1c                __text_end__ = (__text_start__ + SIZEOF (.text))
                0x0000000000006648                __text_size__ = SIZEOF (.text)
                0x000000000002ca1c                __text_load_end__ = __text_end__

.vfp11_veneer   0x0000000100000000        0x0
 .vfp11_veneer  0x0000000100000000        0x0 linker stubs

.v4_bx          0x0000000100000000        0x0
 .v4_bx         0x0000000100000000        0x0 linker stubs

.iplt           0x0000000100000000        0x0
 .iplt          0x0000000100000000        0x0 Output/bno055_ble Release/Obj/thumb_crt0.o
                0x0000000000000001                . = ASSERT (((__text_start__ == __text_end__) || ((__text_end__ - __FLASH_segment_start__) <= __FLASH_segment_size__)), error: .text is too large to fit in FLASH memory segment)
                0x000000000002ca1c                __sdh_soc_observers_load_start__ = ALIGN (__text_end__, 0x4)

.sdh_soc_observers
                0x000000000002ca1c       0x10
                0x000000000002ca1c                __sdh_soc_observers_start__ = .
                0x000000000002ca1c                __start_sdh_soc_observers = __sdh_soc_observers_start__
 *(SORT_BY_NAME(.sdh_soc_observers*))
 .sdh_soc_observers0
                0x000000000002ca1c        0x8 Output/bno055_ble Release/Obj/nrf_drv_clock.o
 .sdh_soc_observers1
                0x000000000002ca24        0x8 Output/bno055_ble Release/Obj/ble_uart_peripheral.o
                0x000000000002ca2c                __sdh_soc_observers_end__ = (__sdh_soc_observers_start__ + SIZEOF (.sdh_soc_observers))
                0x0000000000000010                __sdh_soc_observers_size__ = SIZEOF (.sdh_soc_observers)
                0x000000000002ca2c                __stop_sdh_soc_observers = __sdh_soc_observers_end__
                0x000000000002ca2c                __sdh_soc_observers_load_end__ = __sdh_soc_observers_end__
                0x0000000000000001                . = ASSERT (((__sdh_soc_observers_start__ == __sdh_soc_observers_end__) || ((__sdh_soc_observers_end__ - __FLASH_segment_start__) <= __FLASH_segment_size__)), error: .sdh_soc_observers is too large to fit in FLASH memory segment)
                0x000000000002ca2c                __sdh_ble_observers_load_start__ = ALIGN (__sdh_soc_observers_end__, 0x4)

.sdh_ble_observers
                0x000000000002ca2c       0x40
                0x000000000002ca2c                __sdh_ble_observers_start__ = .
                0x000000000002ca2c                __start_sdh_ble_observers = __sdh_ble_observers_start__
 *(SORT_BY_NAME(.sdh_ble_observers*))
 .sdh_ble_observers0
                0x000000000002ca2c        0x8 Output/bno055_ble Release/Obj/ble_conn_state.o
 .sdh_ble_observers1
                0x000000000002ca34        0x8 Output/bno055_ble Release/Obj/bsp_btn_ble.o
 .sdh_ble_observers1
                0x000000000002ca3c       0x10 Output/bno055_ble Release/Obj/ble_uart_peripheral.o
 .sdh_ble_observers1
                0x000000000002ca4c        0x8 Output/bno055_ble Release/Obj/ble_conn_params.o
 .sdh_ble_observers2
                0x000000000002ca54       0x10 Output/bno055_ble Release/Obj/ble_uart_peripheral.o
 .sdh_ble_observers3
                0x000000000002ca64        0x8 Output/bno055_ble Release/Obj/ble_uart_peripheral.o
                0x000000000002ca6c                __sdh_ble_observers_end__ = (__sdh_ble_observers_start__ + SIZEOF (.sdh_ble_observers))
                0x0000000000000040                __sdh_ble_observers_size__ = SIZEOF (.sdh_ble_observers)
                0x000000000002ca6c                __stop_sdh_ble_observers = __sdh_ble_observers_end__
                0x000000000002ca6c                __sdh_ble_observers_load_end__ = __sdh_ble_observers_end__
                0x0000000000000001                . = ASSERT (((__sdh_ble_observers_start__ == __sdh_ble_observers_end__) || ((__sdh_ble_observers_end__ - __FLASH_segment_start__) <= __FLASH_segment_size__)), error: .sdh_ble_observers is too large to fit in FLASH memory segment)
                0x000000000002ca6c                __pwr_mgmt_data_load_start__ = ALIGN (__sdh_ble_observers_end__, 0x4)

.pwr_mgmt_data  0x000000000002ca6c        0x0
                0x000000000002ca6c                __pwr_mgmt_data_start__ = .
                0x000000000002ca6c                __start_pwr_mgmt_data = __pwr_mgmt_data_start__
 *(SORT_BY_NAME(.pwr_mgmt_data*))
                0x000000000002ca6c                __pwr_mgmt_data_end__ = (__pwr_mgmt_data_start__ + SIZEOF (.pwr_mgmt_data))
                0x0000000000000000                __pwr_mgmt_data_size__ = SIZEOF (.pwr_mgmt_data)
                0x000000000002ca6c                __stop_pwr_mgmt_data = __pwr_mgmt_data_end__
                0x000000000002ca6c                __pwr_mgmt_data_load_end__ = __pwr_mgmt_data_end__
                0x0000000000000001                . = ASSERT (((__pwr_mgmt_data_start__ == __pwr_mgmt_data_end__) || ((__pwr_mgmt_data_end__ - __FLASH_segment_start__) <= __FLASH_segment_size__)), error: .pwr_mgmt_data is too large to fit in FLASH memory segment)
                0x000000000002ca6c                __sdh_stack_observers_load_start__ = ALIGN (__pwr_mgmt_data_end__, 0x4)

.sdh_stack_observers
                0x000000000002ca6c       0x10
                0x000000000002ca6c                __sdh_stack_observers_start__ = .
                0x000000000002ca6c                __start_sdh_stack_observers = __sdh_stack_observers_start__
 *(SORT_BY_NAME(.sdh_stack_observers*))
 .sdh_stack_observers0
                0x000000000002ca6c        0x8 Output/bno055_ble Release/Obj/nrf_sdh_ble.o
 .sdh_stack_observers0
                0x000000000002ca74        0x8 Output/bno055_ble Release/Obj/nrf_sdh_soc.o
                0x000000000002ca7c                __sdh_stack_observers_end__ = (__sdh_stack_observers_start__ + SIZEOF (.sdh_stack_observers))
                0x0000000000000010                __sdh_stack_observers_size__ = SIZEOF (.sdh_stack_observers)
                0x000000000002ca7c                __stop_sdh_stack_observers = __sdh_stack_observers_end__
                0x000000000002ca7c                __sdh_stack_observers_load_end__ = __sdh_stack_observers_end__
                0x0000000000000001                . = ASSERT (((__sdh_stack_observers_start__ == __sdh_stack_observers_end__) || ((__sdh_stack_observers_end__ - __FLASH_segment_start__) <= __FLASH_segment_size__)), error: .sdh_stack_observers is too large to fit in FLASH memory segment)
                0x000000000002ca7c                __sdh_req_observers_load_start__ = ALIGN (__sdh_stack_observers_end__, 0x4)

.sdh_req_observers
                0x000000000002ca7c        0x0
                0x000000000002ca7c                __sdh_req_observers_start__ = .
                0x000000000002ca7c                __start_sdh_req_observers = __sdh_req_observers_start__
 *(SORT_BY_NAME(.sdh_req_observers*))
                0x000000000002ca7c                __sdh_req_observers_end__ = (__sdh_req_observers_start__ + SIZEOF (.sdh_req_observers))
                0x0000000000000000                __sdh_req_observers_size__ = SIZEOF (.sdh_req_observers)
                0x000000000002ca7c                __stop_sdh_req_observers = __sdh_req_observers_end__
                0x000000000002ca7c                __sdh_req_observers_load_end__ = __sdh_req_observers_end__
                0x0000000000000001                . = ASSERT (((__sdh_req_observers_start__ == __sdh_req_observers_end__) || ((__sdh_req_observers_end__ - __FLASH_segment_start__) <= __FLASH_segment_size__)), error: .sdh_req_observers is too large to fit in FLASH memory segment)
                0x000000000002ca7c                __sdh_state_observers_load_start__ = ALIGN (__sdh_req_observers_end__, 0x4)

.sdh_state_observers
                0x000000000002ca7c        0x8
                0x000000000002ca7c                __sdh_state_observers_start__ = .
                0x000000000002ca7c                __start_sdh_state_observers = __sdh_state_observers_start__
 *(SORT_BY_NAME(.sdh_state_observers*))
 .sdh_state_observers0
                0x000000000002ca7c        0x8 Output/bno055_ble Release/Obj/nrf_drv_clock.o
                0x000000000002ca84                __sdh_state_observers_end__ = (__sdh_state_observers_start__ + SIZEOF (.sdh_state_observers))
                0x0000000000000008                __sdh_state_observers_size__ = SIZEOF (.sdh_state_observers)
                0x000000000002ca84                __stop_sdh_state_observers = __sdh_state_observers_end__
                0x000000000002ca84                __sdh_state_observers_load_end__ = __sdh_state_observers_end__
                0x0000000000000001                . = ASSERT (((__sdh_state_observers_start__ == __sdh_state_observers_end__) || ((__sdh_state_observers_end__ - __FLASH_segment_start__) <= __FLASH_segment_size__)), error: .sdh_state_observers is too large to fit in FLASH memory segment)
                0x000000000002ca84                __nrf_queue_load_start__ = ALIGN (__sdh_state_observers_end__, 0x4)

.nrf_queue      0x000000000002ca84        0x0
                0x000000000002ca84                __nrf_queue_start__ = .
                0x000000000002ca84                __start_nrf_queue = __nrf_queue_start__
 *(.nrf_queue*)
                0x000000000002ca84                __nrf_queue_end__ = (__nrf_queue_start__ + SIZEOF (.nrf_queue))
                0x0000000000000000                __nrf_queue_size__ = SIZEOF (.nrf_queue)
                0x000000000002ca84                __stop_nrf_queue = __nrf_queue_end__
                0x000000000002ca84                __nrf_queue_load_end__ = __nrf_queue_end__
                0x0000000000000001                . = ASSERT (((__nrf_queue_start__ == __nrf_queue_end__) || ((__nrf_queue_end__ - __FLASH_segment_start__) <= __FLASH_segment_size__)), error: .nrf_queue is too large to fit in FLASH memory segment)
                0x000000000002ca84                __nrf_balloc_load_start__ = ALIGN (__nrf_queue_end__, 0x4)

.nrf_balloc     0x000000000002ca84       0x14
                0x000000000002ca84                __nrf_balloc_start__ = .
                0x000000000002ca84                __start_nrf_balloc = __nrf_balloc_start__
 *(.nrf_balloc*)
 .nrf_balloc    0x000000000002ca84       0x14 Output/bno055_ble Release/Obj/nrf_log_frontend.o
                0x000000000002ca84                log_mempool
                0x000000000002ca98                __nrf_balloc_end__ = (__nrf_balloc_start__ + SIZEOF (.nrf_balloc))
                0x0000000000000014                __nrf_balloc_size__ = SIZEOF (.nrf_balloc)
                0x000000000002ca98                __stop_nrf_balloc = __nrf_balloc_end__
                0x000000000002ca98                __nrf_balloc_load_end__ = __nrf_balloc_end__
                0x0000000000000001                . = ASSERT (((__nrf_balloc_start__ == __nrf_balloc_end__) || ((__nrf_balloc_end__ - __FLASH_segment_start__) <= __FLASH_segment_size__)), error: .nrf_balloc is too large to fit in FLASH memory segment)
                0x000000000002ca98                __cli_command_load_start__ = ALIGN (__nrf_balloc_end__, 0x4)

.cli_command    0x000000000002ca98        0x0
                0x000000000002ca98                __cli_command_start__ = .
                0x000000000002ca98                __start_cli_command = __cli_command_start__
 *(.cli_command*)
                0x000000000002ca98                __cli_command_end__ = (__cli_command_start__ + SIZEOF (.cli_command))
                0x0000000000000000                __cli_command_size__ = SIZEOF (.cli_command)
                0x000000000002ca98                __stop_cli_command = __cli_command_end__
                0x000000000002ca98                __cli_command_load_end__ = __cli_command_end__
                0x0000000000000001                . = ASSERT (((__cli_command_start__ == __cli_command_end__) || ((__cli_command_end__ - __FLASH_segment_start__) <= __FLASH_segment_size__)), error: .cli_command is too large to fit in FLASH memory segment)
                0x000000000002ca98                __crypto_data_load_start__ = ALIGN (__cli_command_end__, 0x4)

.crypto_data    0x000000000002ca98        0x0
                0x000000000002ca98                __crypto_data_start__ = .
                0x000000000002ca98                __start_crypto_data = __crypto_data_start__
 *(SORT_BY_NAME(.crypto_data*))
                0x000000000002ca98                __crypto_data_end__ = (__crypto_data_start__ + SIZEOF (.crypto_data))
                0x0000000000000000                __crypto_data_size__ = SIZEOF (.crypto_data)
                0x000000000002ca98                __stop_crypto_data = __crypto_data_end__
                0x000000000002ca98                __crypto_data_load_end__ = __crypto_data_end__
                0x0000000000000001                . = ASSERT (((__crypto_data_start__ == __crypto_data_end__) || ((__crypto_data_end__ - __FLASH_segment_start__) <= __FLASH_segment_size__)), error: .crypto_data is too large to fit in FLASH memory segment)
                0x000000000002ca98                __log_const_data_load_start__ = ALIGN (__crypto_data_end__, 0x4)

.log_const_data
                0x000000000002ca98       0x70
                0x000000000002ca98                __log_const_data_start__ = .
                0x000000000002ca98                __start_log_const_data = __log_const_data_start__
 *(SORT_BY_NAME(.log_const_data*))
 .log_const_data_CLOCK
                0x000000000002ca98        0x8 Output/bno055_ble Release/Obj/nrfx_clock.o
                0x000000000002ca98                m_nrf_log_CLOCK_logs_data_const
 .log_const_data_GPIOTE
                0x000000000002caa0        0x8 Output/bno055_ble Release/Obj/nrfx_gpiote.o
                0x000000000002caa0                m_nrf_log_GPIOTE_logs_data_const
 .log_const_data_PRS
                0x000000000002caa8        0x8 Output/bno055_ble Release/Obj/nrfx_prs.o
                0x000000000002caa8                m_nrf_log_PRS_logs_data_const
 .log_const_data_TWIM
                0x000000000002cab0        0x8 Output/bno055_ble Release/Obj/nrfx_twim.o
                0x000000000002cab0                m_nrf_log_TWIM_logs_data_const
 .log_const_data_UART
                0x000000000002cab8        0x8 Output/bno055_ble Release/Obj/nrfx_uart.o
                0x000000000002cab8                m_nrf_log_UART_logs_data_const
 .log_const_data_UARTE
                0x000000000002cac0        0x8 Output/bno055_ble Release/Obj/nrfx_uarte.o
                0x000000000002cac0                m_nrf_log_UARTE_logs_data_const
 .log_const_data_app
                0x000000000002cac8        0x8 Output/bno055_ble Release/Obj/nrf_log_frontend.o
                0x000000000002cac8                m_nrf_log_app_logs_data_const
 .log_const_data_ble_nus
                0x000000000002cad0        0x8 Output/bno055_ble Release/Obj/ble_nus.o
                0x000000000002cad0                m_nrf_log_ble_nus_logs_data_const
 .log_const_data_clock
                0x000000000002cad8        0x8 Output/bno055_ble Release/Obj/nrf_drv_clock.o
                0x000000000002cad8                m_nrf_log_clock_logs_data_const
 .log_const_data_nrf_ble_gatt
                0x000000000002cae0        0x8 Output/bno055_ble Release/Obj/nrf_ble_gatt.o
                0x000000000002cae0                m_nrf_log_nrf_ble_gatt_logs_data_const
 .log_const_data_nrf_sdh
                0x000000000002cae8        0x8 Output/bno055_ble Release/Obj/nrf_sdh.o
                0x000000000002cae8                m_nrf_log_nrf_sdh_logs_data_const
 .log_const_data_nrf_sdh_ble
                0x000000000002caf0        0x8 Output/bno055_ble Release/Obj/nrf_sdh_ble.o
                0x000000000002caf0                m_nrf_log_nrf_sdh_ble_logs_data_const
 .log_const_data_nrf_sdh_soc
                0x000000000002caf8        0x8 Output/bno055_ble Release/Obj/nrf_sdh_soc.o
                0x000000000002caf8                m_nrf_log_nrf_sdh_soc_logs_data_const
 .log_const_data_pwr_mgmt
                0x000000000002cb00        0x8 Output/bno055_ble Release/Obj/nrf_pwr_mgmt.o
                0x000000000002cb00                m_nrf_log_pwr_mgmt_logs_data_const
                0x000000000002cb08                __log_const_data_end__ = (__log_const_data_start__ + SIZEOF (.log_const_data))
                0x0000000000000070                __log_const_data_size__ = SIZEOF (.log_const_data)
                0x000000000002cb08                __stop_log_const_data = __log_const_data_end__
                0x000000000002cb08                __log_const_data_load_end__ = __log_const_data_end__
                0x0000000000000001                . = ASSERT (((__log_const_data_start__ == __log_const_data_end__) || ((__log_const_data_end__ - __FLASH_segment_start__) <= __FLASH_segment_size__)), error: .log_const_data is too large to fit in FLASH memory segment)
                0x000000000002cb08                __log_backends_load_start__ = ALIGN (__log_const_data_end__, 0x4)

.log_backends   0x000000000002cb08       0x10
                0x000000000002cb08                __log_backends_start__ = .
                0x000000000002cb08                __start_log_backends = __log_backends_start__
 *(SORT_BY_NAME(.log_backends*))
 .log_backends  0x000000000002cb08       0x10 Output/bno055_ble Release/Obj/nrf_log_default_backends.o
                0x000000000002cb18                __log_backends_end__ = (__log_backends_start__ + SIZEOF (.log_backends))
                0x0000000000000010                __log_backends_size__ = SIZEOF (.log_backends)
                0x000000000002cb18                __stop_log_backends = __log_backends_end__
                0x000000000002cb18                __log_backends_load_end__ = __log_backends_end__
                0x0000000000000001                . = ASSERT (((__log_backends_start__ == __log_backends_end__) || ((__log_backends_end__ - __FLASH_segment_start__) <= __FLASH_segment_size__)), error: .log_backends is too large to fit in FLASH memory segment)
                0x000000000002cb18                __nrf_sections_load_start__ = ALIGN (__log_backends_end__, 0x4)

.nrf_sections   0x000000000002cb18        0x0
                0x000000000002cb18                __nrf_sections_start__ = .
                0x000000000002cb18                __start_nrf_sections = __nrf_sections_start__
 *(.nrf_sections .nrf_sections.*)
                0x000000000002cb18                __nrf_sections_end__ = (__nrf_sections_start__ + SIZEOF (.nrf_sections))
                0x0000000000000000                __nrf_sections_size__ = SIZEOF (.nrf_sections)
                0x000000000002cb18                __nrf_sections_load_end__ = __nrf_sections_end__
                0x0000000000000001                . = ASSERT (((__nrf_sections_start__ == __nrf_sections_end__) || ((__nrf_sections_end__ - __FLASH_segment_start__) <= __FLASH_segment_size__)), error: .nrf_sections is too large to fit in FLASH memory segment)
                0x000000000002cb18                __cli_sorted_cmd_ptrs_load_start__ = ALIGN (__nrf_sections_end__, 0x4)

.cli_sorted_cmd_ptrs
                0x0000000020002a98        0x0 load address 0x000000000002cb18
                0x0000000020002a98                __cli_sorted_cmd_ptrs_start__ = .
 *(.cli_sorted_cmd_ptrs*)
                0x0000000020002a98                __cli_sorted_cmd_ptrs_end__ = (__cli_sorted_cmd_ptrs_start__ + SIZEOF (.cli_sorted_cmd_ptrs))
                0x0000000000000000                __cli_sorted_cmd_ptrs_size__ = SIZEOF (.cli_sorted_cmd_ptrs)
                0x000000000002cb18                __cli_sorted_cmd_ptrs_load_end__ = (__cli_sorted_cmd_ptrs_load_start__ + SIZEOF (.cli_sorted_cmd_ptrs))
                0x0000000000000001                . = ASSERT (((__cli_sorted_cmd_ptrs_load_start__ == __cli_sorted_cmd_ptrs_load_end__) || ((__cli_sorted_cmd_ptrs_load_end__ - __FLASH_segment_start__) <= __FLASH_segment_size__)), error: .cli_sorted_cmd_ptrs is too large to fit in FLASH memory segment)

.cli_sorted_cmd_ptrs_run
                0x0000000020002a98        0x0
                0x0000000020002a98                __cli_sorted_cmd_ptrs_run_start__ = .
                0x0000000020002a98                __start_cli_sorted_cmd_ptrs = __cli_sorted_cmd_ptrs_run_start__
                0x0000000020002a98                . = MAX ((__cli_sorted_cmd_ptrs_run_start__ + SIZEOF (.cli_sorted_cmd_ptrs)), .)
                0x0000000020002a98                __cli_sorted_cmd_ptrs_run_end__ = (__cli_sorted_cmd_ptrs_run_start__ + SIZEOF (.cli_sorted_cmd_ptrs_run))
                0x0000000000000000                __cli_sorted_cmd_ptrs_run_size__ = SIZEOF (.cli_sorted_cmd_ptrs_run)
                0x0000000020002a98                __stop_cli_sorted_cmd_ptrs = __cli_sorted_cmd_ptrs_run_end__
                0x0000000020002a98                __cli_sorted_cmd_ptrs_run_load_end__ = __cli_sorted_cmd_ptrs_run_end__
                0x0000000000000001                . = ASSERT (((__cli_sorted_cmd_ptrs_run_start__ == __cli_sorted_cmd_ptrs_run_end__) || ((__cli_sorted_cmd_ptrs_run_end__ - __RAM_segment_start__) <= __RAM_segment_size__)), error: .cli_sorted_cmd_ptrs_run is too large to fit in RAM memory segment)
                0x000000000002cb18                __fs_data_load_start__ = ALIGN ((__cli_sorted_cmd_ptrs_load_start__ + SIZEOF (.cli_sorted_cmd_ptrs)), 0x4)

.fs_data        0x0000000020002a98        0x0 load address 0x000000000002cb18
                0x0000000020002a98                __fs_data_start__ = .
 *(.fs_data*)
                0x0000000020002a98                __fs_data_end__ = (__fs_data_start__ + SIZEOF (.fs_data))
                0x0000000000000000                __fs_data_size__ = SIZEOF (.fs_data)
                0x000000000002cb18                __fs_data_load_end__ = (__fs_data_load_start__ + SIZEOF (.fs_data))
                0x0000000000000001                . = ASSERT (((__fs_data_load_start__ == __fs_data_load_end__) || ((__fs_data_load_end__ - __FLASH_segment_start__) <= __FLASH_segment_size__)), error: .fs_data is too large to fit in FLASH memory segment)

.fs_data_run    0x0000000020002a98        0x0
                0x0000000020002a98                __fs_data_run_start__ = .
                0x0000000020002a98                __start_fs_data = __fs_data_run_start__
                0x0000000020002a98                . = MAX ((__fs_data_run_start__ + SIZEOF (.fs_data)), .)
                0x0000000020002a98                __fs_data_run_end__ = (__fs_data_run_start__ + SIZEOF (.fs_data_run))
                0x0000000000000000                __fs_data_run_size__ = SIZEOF (.fs_data_run)
                0x0000000020002a98                __stop_fs_data = __fs_data_run_end__
                0x0000000020002a98                __fs_data_run_load_end__ = __fs_data_run_end__
                0x0000000000000001                . = ASSERT (((__fs_data_run_start__ == __fs_data_run_end__) || ((__fs_data_run_end__ - __RAM_segment_start__) <= __RAM_segment_size__)), error: .fs_data_run is too large to fit in RAM memory segment)
                0x000000000002cb18                __log_dynamic_data_load_start__ = ALIGN ((__fs_data_load_start__ + SIZEOF (.fs_data)), 0x4)

.log_dynamic_data
                0x0000000020002a98        0x0 load address 0x000000000002cb18
                0x0000000020002a98                __log_dynamic_data_start__ = .
 *(SORT_BY_NAME(.log_dynamic_data*))
                0x0000000020002a98                __log_dynamic_data_end__ = (__log_dynamic_data_start__ + SIZEOF (.log_dynamic_data))
                0x0000000000000000                __log_dynamic_data_size__ = SIZEOF (.log_dynamic_data)
                0x000000000002cb18                __log_dynamic_data_load_end__ = (__log_dynamic_data_load_start__ + SIZEOF (.log_dynamic_data))
                0x0000000000000001                . = ASSERT (((__log_dynamic_data_load_start__ == __log_dynamic_data_load_end__) || ((__log_dynamic_data_load_end__ - __FLASH_segment_start__) <= __FLASH_segment_size__)), error: .log_dynamic_data is too large to fit in FLASH memory segment)

.log_dynamic_data_run
                0x0000000020002a98        0x0
                0x0000000020002a98                __log_dynamic_data_run_start__ = .
                0x0000000020002a98                __start_log_dynamic_data = __log_dynamic_data_run_start__
                0x0000000020002a98                . = MAX ((__log_dynamic_data_run_start__ + SIZEOF (.log_dynamic_data)), .)
                0x0000000020002a98                __log_dynamic_data_run_end__ = (__log_dynamic_data_run_start__ + SIZEOF (.log_dynamic_data_run))
                0x0000000000000000                __log_dynamic_data_run_size__ = SIZEOF (.log_dynamic_data_run)
                0x0000000020002a98                __stop_log_dynamic_data = __log_dynamic_data_run_end__
                0x0000000020002a98                __log_dynamic_data_run_load_end__ = __log_dynamic_data_run_end__
                0x0000000000000001                . = ASSERT (((__log_dynamic_data_run_start__ == __log_dynamic_data_run_end__) || ((__log_dynamic_data_run_end__ - __RAM_segment_start__) <= __RAM_segment_size__)), error: .log_dynamic_data_run is too large to fit in RAM memory segment)
                0x000000000002cb18                __log_filter_data_load_start__ = ALIGN ((__log_dynamic_data_load_start__ + SIZEOF (.log_dynamic_data)), 0x4)

.log_filter_data
                0x0000000020002a98        0x0 load address 0x000000000002cb18
                0x0000000020002a98                __log_filter_data_start__ = .
 *(SORT_BY_NAME(.log_filter_data*))
                0x0000000020002a98                __log_filter_data_end__ = (__log_filter_data_start__ + SIZEOF (.log_filter_data))
                0x0000000000000000                __log_filter_data_size__ = SIZEOF (.log_filter_data)
                0x000000000002cb18                __log_filter_data_load_end__ = (__log_filter_data_load_start__ + SIZEOF (.log_filter_data))
                0x0000000000000001                . = ASSERT (((__log_filter_data_load_start__ == __log_filter_data_load_end__) || ((__log_filter_data_load_end__ - __FLASH_segment_start__) <= __FLASH_segment_size__)), error: .log_filter_data is too large to fit in FLASH memory segment)

.log_filter_data_run
                0x0000000020002a98        0x0
                0x0000000020002a98                __log_filter_data_run_start__ = .
                0x0000000020002a98                __start_log_filter_data = __log_filter_data_run_start__
                0x0000000020002a98                . = MAX ((__log_filter_data_run_start__ + SIZEOF (.log_filter_data)), .)
                0x0000000020002a98                __log_filter_data_run_end__ = (__log_filter_data_run_start__ + SIZEOF (.log_filter_data_run))
                0x0000000000000000                __log_filter_data_run_size__ = SIZEOF (.log_filter_data_run)
                0x0000000020002a98                __stop_log_filter_data = __log_filter_data_run_end__
                0x0000000020002a98                __log_filter_data_run_load_end__ = __log_filter_data_run_end__
                0x0000000000000001                . = ASSERT (((__log_filter_data_run_start__ == __log_filter_data_run_end__) || ((__log_filter_data_run_end__ - __RAM_segment_start__) <= __RAM_segment_size__)), error: .log_filter_data_run is too large to fit in RAM memory segment)
                0x0000000020002a98                __nrf_sections_run_end_load_start__ = ALIGN (__log_filter_data_run_end__, 0x4)

.nrf_sections_run_end
                0x0000000020002a98        0x0
                0x0000000020002a98                __nrf_sections_run_end_start__ = .
                0x0000000020002a98                __end_nrf_sections_run = __nrf_sections_run_end_start__
 *(.nrf_sections_run_end .nrf_sections_run_end.*)
                0x0000000020002a98                __nrf_sections_run_end_end__ = (__nrf_sections_run_end_start__ + SIZEOF (.nrf_sections_run_end))
                0x0000000000000000                __nrf_sections_run_end_size__ = SIZEOF (.nrf_sections_run_end)
                0x0000000020002a98                __nrf_sections_run_end_load_end__ = __nrf_sections_run_end_end__
                0x0000000000000001                . = ASSERT (((__nrf_sections_run_end_start__ == __nrf_sections_run_end_end__) || ((__nrf_sections_run_end_end__ - __RAM_segment_start__) <= __RAM_segment_size__)), error: .nrf_sections_run_end is too large to fit in RAM memory segment)
                0x000000000002cb18                __dtors_load_start__ = ALIGN ((__log_filter_data_load_start__ + SIZEOF (.log_filter_data)), 0x4)

.dtors          0x000000000002cb18        0x0
                0x000000000002cb18                __dtors_start__ = .
 *(SORT_BY_NAME(.dtors.*))
 *(.dtors)
 *(.fini_array)
 *(SORT_BY_NAME(.fini_array.*))
                0x000000000002cb18                __dtors_end__ = (__dtors_start__ + SIZEOF (.dtors))
                0x0000000000000000                __dtors_size__ = SIZEOF (.dtors)
                0x000000000002cb18                __dtors_load_end__ = __dtors_end__
                0x0000000000000001                . = ASSERT (((__dtors_start__ == __dtors_end__) || ((__dtors_end__ - __FLASH_segment_start__) <= __FLASH_segment_size__)), error: .dtors is too large to fit in FLASH memory segment)
                0x000000000002cb18                __ctors_load_start__ = ALIGN (__dtors_end__, 0x4)

.ctors          0x000000000002cb18        0x0
                0x000000000002cb18                __ctors_start__ = .
 *(SORT_BY_NAME(.ctors.*))
 *(.ctors)
 *(.init_array)
 *(SORT_BY_NAME(.init_array.*))
                0x000000000002cb18                __ctors_end__ = (__ctors_start__ + SIZEOF (.ctors))
                0x0000000000000000                __ctors_size__ = SIZEOF (.ctors)
                0x000000000002cb18                __ctors_load_end__ = __ctors_end__
                0x0000000000000001                . = ASSERT (((__ctors_start__ == __ctors_end__) || ((__ctors_end__ - __FLASH_segment_start__) <= __FLASH_segment_size__)), error: .ctors is too large to fit in FLASH memory segment)
                0x000000000002cb18                __rodata_load_start__ = ALIGN (__ctors_end__, 0x4)

.rodata         0x000000000002cb18      0xe1b
                0x000000000002cb18                __rodata_start__ = .
 *(.rodata .rodata.* .gnu.linkonce.r.*)
 .rodata.str1.1
                0x000000000002cb18       0x11 Output/bno055_ble Release/Obj/nrf_log_default_backends.o
 .rodata.nrf_log_frontend_dequeue.str1.1
                0x000000000002cb29       0x11 Output/bno055_ble Release/Obj/nrf_log_frontend.o
 .rodata.str1.1
                0x000000000002cb3a        0x4 Output/bno055_ble Release/Obj/nrf_log_frontend.o
 .rodata.postfix_process.str1.1
                0x000000000002cb3e        0x8 Output/bno055_ble Release/Obj/nrf_log_str_formatter.o
                                          0xb (size before relaxing)
 .rodata.prefix_process.str1.1
                0x000000000002cb46       0x2a Output/bno055_ble Release/Obj/nrf_log_str_formatter.o
 .rodata.nrf_log_hexdump_entry_process.str1.1
                0x000000000002cb70        0xf Output/bno055_ble Release/Obj/nrf_log_str_formatter.o
                                         0x11 (size before relaxing)
 .rodata.str1.1
                0x000000000002cb7f       0x4b Output/bno055_ble Release/Obj/nrf_log_str_formatter.o
                                         0x51 (size before relaxing)
 *fill*         0x000000000002cbca        0x2 
 .rodata.m_colors
                0x000000000002cbcc       0x24 Output/bno055_ble Release/Obj/nrf_log_str_formatter.o
 .rodata.severity_names
                0x000000000002cbf0       0x14 Output/bno055_ble Release/Obj/nrf_log_str_formatter.o
 .rodata        0x000000000002cc04       0x20 Output/bno055_ble Release/Obj/nrf_log_backend_uart.o
 .rodata.nrf_log_backend_uart_api
                0x000000000002cc24        0xc Output/bno055_ble Release/Obj/nrf_log_backend_uart.o
                0x000000000002cc24                nrf_log_backend_uart_api
 .rodata.m_detection_delay_timer_id
                0x000000000002cc30        0x4 Output/bno055_ble Release/Obj/app_button.o
 .rodata.app_error_fault_handler.str1.1
                0x000000000002cc34       0x19 Output/bno055_ble Release/Obj/app_error_weak.o
 *fill*         0x000000000002cc4d        0x3 
 .rodata.delay_bytecode.8324
                0x000000000002cc50        0x6 Output/bno055_ble Release/Obj/app_timer.o
 *fill*         0x000000000002cc56        0x2 
 .rodata        0x000000000002cc58       0x20 Output/bno055_ble Release/Obj/app_uart_fifo.o
 .rodata._aV2C.7537
                0x000000000002cc78       0x10 Output/bno055_ble Release/Obj/nrf_fprintf_format.o
 .rodata.str1.1
                0x000000000002cc88        0x9 Output/bno055_ble Release/Obj/nrf_pwr_mgmt.o
 *fill*         0x000000000002cc91        0x3 
 .rodata.pwr_mgmt_data
                0x000000000002cc94        0xc Output/bno055_ble Release/Obj/nrf_pwr_mgmt.o
 .rodata.str1.1
                0x000000000002cca0      0x3ba Output/bno055_ble Release/Obj/nrf_strerror.o
 .rodata.m_unknown_str
                0x000000000002d05a       0x13 Output/bno055_ble Release/Obj/nrf_strerror.o
 *fill*         0x000000000002d06d        0x3 
 .rodata.nrf_strerror_array