Archive member included to satisfy reference by file (symbol)

C:/Program Files/SEGGER/SEGGER Embedded Studio for ARM 4.42a/lib/libc_v7em_fpv4_sp_d16_hard_t_le_eabi.a(libc_asm.o)
                              Output/ble_app_uart_pca10040_s132 Release/Obj/bsp.o (__aeabi_uldivmod)
C:/Program Files/SEGGER/SEGGER Embedded Studio for ARM 4.42a/lib/libc_v7em_fpv4_sp_d16_hard_t_le_eabi.a(libc2.o)
                              Output/ble_app_uart_pca10040_s132 Release/Obj/nrf_log_str_formatter.o (isprint)
C:/Program Files/SEGGER/SEGGER Embedded Studio for ARM 4.42a/lib/libc_v7em_fpv4_sp_d16_hard_t_le_eabi.a(libc2_asm.o)
                              Output/ble_app_uart_pca10040_s132 Release/Obj/nrf_log_frontend.o (memcpy)
C:/Program Files/SEGGER/SEGGER Embedded Studio for ARM 4.42a/lib/libc_v7em_fpv4_sp_d16_hard_t_le_eabi.a(libc.o)
                              C:/Program Files/SEGGER/SEGGER Embedded Studio for ARM 4.42a/lib/libc_v7em_fpv4_sp_d16_hard_t_le_eabi.a(libc2.o) (__heap_lock)
C:/Program Files/SEGGER/SEGGER Embedded Studio for ARM 4.42a/lib/libdebugio_v7em_fpv4_sp_d16_hard_t_le_eabi.a(libdebugio.o)
                              Output/ble_app_uart_pca10040_s132 Release/Obj/thumb_crt0.o (debug_fopen)
C:/Program Files/SEGGER/SEGGER Embedded Studio for ARM 4.42a/lib/libdebugio_mempoll_v7em_fpv4_sp_d16_hard_t_le_eabi.a(mempoll_debug_operations.o)
                              C:/Program Files/SEGGER/SEGGER Embedded Studio for ARM 4.42a/lib/libdebugio_v7em_fpv4_sp_d16_hard_t_le_eabi.a(libdebugio.o) (__do_debug_operation)
C:/Program Files/SEGGER/SEGGER Embedded Studio for ARM 4.42a/lib/libdebugio_mempoll_v7em_fpv4_sp_d16_hard_t_le_eabi.a(do_nv_debug_operation.o)
                              C:/Program Files/SEGGER/SEGGER Embedded Studio for ARM 4.42a/lib/libdebugio_v7em_fpv4_sp_d16_hard_t_le_eabi.a(libdebugio.o) (__do_nvdebug_operation)
C:/Program Files/SEGGER/SEGGER Embedded Studio for ARM 4.42a/lib/libm_v7em_fpv4_sp_d16_hard_t_le_eabi.a(libm_asm.o)
                              C:/Program Files/SEGGER/SEGGER Embedded Studio for ARM 4.42a/lib/libc_v7em_fpv4_sp_d16_hard_t_le_eabi.a(libc2.o) (__aeabi_dadd)
C:/Program Files/SEGGER/SEGGER Embedded Studio for ARM 4.42a/lib/libm_v7em_fpv4_sp_d16_hard_t_le_eabi.a(libm2.o)
                              C:/Program Files/SEGGER/SEGGER Embedded Studio for ARM 4.42a/lib/libvfprintf_v7em_fpv4_sp_d16_hard_t_le_eabi.o (frexp)

Discarded input sections

 .text          0x0000000000000000        0x0 Output/ble_app_uart_pca10040_s132 Release/Obj/thumb_crt0.o
 .data          0x0000000000000000        0x0 Output/ble_app_uart_pca10040_s132 Release/Obj/thumb_crt0.o
 .bss           0x0000000000000000        0x0 Output/ble_app_uart_pca10040_s132 Release/Obj/thumb_crt0.o
 .text.__aeabi_read_tp
                0x0000000000000000        0x8 Output/ble_app_uart_pca10040_s132 Release/Obj/thumb_crt0.o
 .text.abort    0x0000000000000000        0x2 Output/ble_app_uart_pca10040_s132 Release/Obj/thumb_crt0.o
 .text.__assert
                0x0000000000000000        0x2 Output/ble_app_uart_pca10040_s132 Release/Obj/thumb_crt0.o
 .text.__aeabi_assert
                0x0000000000000000        0x2 Output/ble_app_uart_pca10040_s132 Release/Obj/thumb_crt0.o
 .text.__sync_synchronize
                0x0000000000000000        0x2 Output/ble_app_uart_pca10040_s132 Release/Obj/thumb_crt0.o
 .text.__getchar
                0x0000000000000000        0x4 Output/ble_app_uart_pca10040_s132 Release/Obj/thumb_crt0.o
 .text.__putchar
                0x0000000000000000        0x4 Output/ble_app_uart_pca10040_s132 Release/Obj/thumb_crt0.o
 .text.__open   0x0000000000000000        0x4 Output/ble_app_uart_pca10040_s132 Release/Obj/thumb_crt0.o
 .text.__close  0x0000000000000000        0x4 Output/ble_app_uart_pca10040_s132 Release/Obj/thumb_crt0.o
 .text.__write  0x0000000000000000        0xa Output/ble_app_uart_pca10040_s132 Release/Obj/thumb_crt0.o
 .text.__read   0x0000000000000000        0xa Output/ble_app_uart_pca10040_s132 Release/Obj/thumb_crt0.o
 .text.__seek   0x0000000000000000       0x1a Output/ble_app_uart_pca10040_s132 Release/Obj/thumb_crt0.o
 .bss.__user_locale_name_buffer
                0x0000000000000000        0x4 Output/ble_app_uart_pca10040_s132 Release/Obj/thumb_crt0.o
 .stack         0x0000000000000000        0x0 Output/ble_app_uart_pca10040_s132 Release/Obj/thumb_crt0.o
 .stack_process
                0x0000000000000000        0x0 Output/ble_app_uart_pca10040_s132 Release/Obj/thumb_crt0.o
 .heap          0x0000000000000000        0x0 Output/ble_app_uart_pca10040_s132 Release/Obj/thumb_crt0.o
 .group         0x0000000000000000        0xc Output/ble_app_uart_pca10040_s132 Release/Obj/nrf_log_backend_rtt.o
 .group         0x0000000000000000        0xc Output/ble_app_uart_pca10040_s132 Release/Obj/nrf_log_backend_rtt.o
 .group         0x0000000000000000        0xc Output/ble_app_uart_pca10040_s132 Release/Obj/nrf_log_backend_rtt.o
[...]
Memory Configuration

Name             Origin             Length             Attributes
UNPLACED_SECTIONS 0x0000000100000000 0x0000000000000000 xw
RAM              0x0000000020000000 0x0000000000010000 xw
FLASH            0x0000000000000000 0x0000000000080000 xw
*default*        0x0000000000000000 0xffffffffffffffff

Linker script and memory map

                0x000000000002bdc4                __vfprintf = __vfprintf_long
                0x0000000000000000                __vfscanf = __vfscanf_int
                0x0000000020000000                __RAM_segment_start__ = 0x20000000
                0x0000000020010000                __RAM_segment_end__ = 0x20010000
                0x0000000000010000                __RAM_segment_size__ = 0x10000
                0x0000000000000000                __FLASH_segment_start__ = 0x0
                0x0000000000080000                __FLASH_segment_end__ = 0x80000
                0x0000000000080000                __FLASH_segment_size__ = 0x80000
                0x0000000000002000                __HEAPSIZE__ = 0x2000
                0x0000000000000000                __STACKSIZE_PROCESS__ = 0x0
                0x0000000000002000                __STACKSIZE__ = 0x2000
                0x0000000020000000                __reserved_ram_load_start__ = 0x20000000

.reserved_ram   0x0000000020000000     0x2a98
                0x0000000020000000                __reserved_ram_start__ = .
 *(.reserved_ram .reserved_ram.*)
                0x0000000020002a98                . = MAX (((__reserved_ram_start__ + 0x20002a98) - 0x20000000), .)
 *fill*         0x0000000020000000     0x2a98 
                0x0000000020002a98                __reserved_ram_end__ = (__reserved_ram_start__ + SIZEOF (.reserved_ram))
                0x0000000000002a98                __reserved_ram_size__ = SIZEOF (.reserved_ram)
                0x0000000020002a98                __reserved_ram_load_end__ = __reserved_ram_end__
                0x0000000000000001                . = ASSERT (((__reserved_ram_start__ == __reserved_ram_end__) || ((__reserved_ram_end__ - __RAM_segment_start__) <= __RAM_segment_size__)), error: .reserved_ram is too large to fit in RAM memory segment)
                0x0000000020002a98                __vectors_ram_load_start__ = 0x20002a98

.vectors_ram    0x0000000020002a98        0x0
                0x0000000020002a98                __vectors_ram_start__ = .
                0x0000000020002a98                __app_ram_start__ = __vectors_ram_start__
 *(.vectors_ram .vectors_ram.*)
                0x0000000020002a98                __vectors_ram_end__ = (__vectors_ram_start__ + SIZEOF (.vectors_ram))
                0x0000000000000000                __vectors_ram_size__ = SIZEOF (.vectors_ram)
                0x0000000020002a98                __vectors_ram_load_end__ = __vectors_ram_end__
                0x0000000000000001                . = ASSERT (((__vectors_ram_start__ == __vectors_ram_end__) || ((__vectors_ram_end__ - __RAM_segment_start__) <= __RAM_segment_size__)), error: .vectors_ram is too large to fit in RAM memory segment)
                0x0000000000000001                . = ASSERT ((__reserved_ram_end__ <= __vectors_ram_start__), error: section .reserved_ram overlaps absolute placed section .vectors_ram)
                0x0000000020002a98                __nrf_sections_run_load_start__ = ALIGN (__vectors_ram_end__, 0x4)

.nrf_sections_run
                0x0000000020002a98        0x0
                0x0000000020002a98                __nrf_sections_run_start__ = .
                0x0000000020002a98                __start_nrf_sections_run = __nrf_sections_run_start__
 *(.nrf_sections_run .nrf_sections_run.*)
                0x0000000020002a98                __nrf_sections_run_end__ = (__nrf_sections_run_start__ + SIZEOF (.nrf_sections_run))
                0x0000000000000000                __nrf_sections_run_size__ = SIZEOF (.nrf_sections_run)
                0x0000000020002a98                __nrf_sections_run_load_end__ = __nrf_sections_run_end__
                0x0000000000000001                . = ASSERT (((__nrf_sections_run_start__ == __nrf_sections_run_end__) || ((__nrf_sections_run_end__ - __RAM_segment_start__) <= __RAM_segment_size__)), error: .nrf_sections_run is too large to fit in RAM memory segment)
                0x0000000000000000                __reserved_flash_load_start__ = 0x0

.reserved_flash
                0x0000000000000000    0x26000
                0x0000000000000000                __reserved_flash_start__ = .
 *(.reserved_flash .reserved_flash.*)
                0x0000000000026000                . = MAX (((__reserved_flash_start__ + 0x26000) - 0x0), .)
 *fill*         0x0000000000000000    0x26000 
                0x0000000000026000                __reserved_flash_end__ = (__reserved_flash_start__ + SIZEOF (.reserved_flash))
                0x0000000000026000                __reserved_flash_size__ = SIZEOF (.reserved_flash)
                0x0000000000026000                __reserved_flash_load_end__ = __reserved_flash_end__
                0x0000000000000001                . = ASSERT (((__reserved_flash_start__ == __reserved_flash_end__) || ((__reserved_flash_end__ - __FLASH_segment_start__) <= __FLASH_segment_size__)), error: .reserved_flash is too large to fit in FLASH memory segment)
                0x0000000000026000                __vectors_load_start__ = 0x26000

.vectors        0x0000000000026000      0x200
                0x0000000000026000                __vectors_start__ = .
 *(.vectors .vectors.*)
 .vectors       0x0000000000026000      0x200 Output/ble_app_uart_pca10040_s132 Release/Obj/ses_startup_nrf52.o
                0x0000000000026000                _vectors
                0x0000000000026200                __vectors_end__ = (__vectors_start__ + SIZEOF (.vectors))
                0x0000000000000200                __vectors_size__ = SIZEOF (.vectors)
                0x0000000000026200                __vectors_load_end__ = __vectors_end__
                0x0000000000000001                . = ASSERT (((__vectors_start__ == __vectors_end__) || ((__vectors_end__ - __FLASH_segment_start__) <= __FLASH_segment_size__)), error: .vectors is too large to fit in FLASH memory segment)
                0x0000000000000001                . = ASSERT ((__reserved_flash_end__ <= __vectors_start__), error: section .reserved_flash overlaps absolute placed section .vectors)
                0x0000000000026200                __init_load_start__ = ALIGN (__vectors_end__, 0x4)

.init           0x0000000000026200      0x1d4
                0x0000000000026200                __init_start__ = .
 *(.init .init.*)
 .init          0x0000000000026200      0x15c Output/ble_app_uart_pca10040_s132 Release/Obj/thumb_crt0.o
                0x0000000000026200                _start
                0x00000000000262b4                exit
 .init          0x000000000002635c       0x18 Output/ble_app_uart_pca10040_s132 Release/Obj/ses_startup_nrf52.o
                0x000000000002635c                NMI_Handler
                0x000000000002635e                HardFault_Handler
                0x0000000000026360                MemoryManagement_Handler
                0x0000000000026362                BusFault_Handler
                0x0000000000026364                UsageFault_Handler
                0x0000000000026366                SVC_Handler
                0x0000000000026368                DebugMon_Handler
                0x000000000002636a                PendSV_Handler
                0x000000000002636c                SysTick_Handler
                0x000000000002636e                RADIO_IRQHandler
                0x000000000002636e                PDM_IRQHandler
                0x000000000002636e                TEMP_IRQHandler
                0x000000000002636e                QDEC_IRQHandler
                0x000000000002636e                TIMER3_IRQHandler
                0x000000000002636e                FPU_IRQHandler
                0x000000000002636e                RTC0_IRQHandler
                0x000000000002636e                PWM1_IRQHandler
                0x000000000002636e                TIMER4_IRQHandler
                0x000000000002636e                I2S_IRQHandler
                0x000000000002636e                SWI4_EGU4_IRQHandler
                0x000000000002636e                TIMER0_IRQHandler
                0x000000000002636e                Dummy_Handler
                0x000000000002636e                TIMER1_IRQHandler
                0x000000000002636e                PWM2_IRQHandler
                0x000000000002636e                ECB_IRQHandler
                0x000000000002636e                SPIM1_SPIS1_TWIM1_TWIS1_SPI1_TWI1_IRQHandler
                0x000000000002636e                SAADC_IRQHandler
                0x000000000002636e                CCM_AAR_IRQHandler
                0x000000000002636e                WDT_IRQHandler
                0x000000000002636e                SPIM0_SPIS0_TWIM0_TWIS0_SPI0_TWI0_IRQHandler
                0x000000000002636e                SWI5_EGU5_IRQHandler
                0x000000000002636e                RNG_IRQHandler
                0x000000000002636e                RTC2_IRQHandler
                0x000000000002636e                PWM0_IRQHandler
                0x000000000002636e                SWI3_EGU3_IRQHandler
                0x000000000002636e                SWI1_EGU1_IRQHandler
                0x000000000002636e                SPIM2_SPIS2_SPI2_IRQHandler
                0x000000000002636e                NFCT_IRQHandler
                0x000000000002636e                TIMER2_IRQHandler
                0x000000000002636e                MWU_IRQHandler
                0x000000000002636e                COMP_LPCOMP_IRQHandler
                0x0000000000026370                nRFInitialize
 .init          0x0000000000026374       0x60 Output/ble_app_uart_pca10040_s132 Release/Obj/ses_startup_nrf_common.o
                0x0000000000026374                Reset_Handler
                0x000000000002639c                InitializeUserMemorySections
                0x00000000000263d4                __init_end__ = (__init_start__ + SIZEOF (.init))
                0x00000000000001d4                __init_size__ = SIZEOF (.init)
                0x00000000000263d4                __init_load_end__ = __init_end__
                0x0000000000000001                . = ASSERT (((__init_start__ == __init_end__) || ((__init_end__ - __FLASH_segment_start__) <= __FLASH_segment_size__)), error: .init is too large to fit in FLASH memory segment)
                0x00000000000263d4                __init_rodata_load_start__ = ALIGN (__init_end__, 0x4)

.init_rodata    0x00000000000263d4        0x0
                0x00000000000263d4                __init_rodata_start__ = .
 *(.init_rodata .init_rodata.*)
                0x00000000000263d4                __init_rodata_end__ = (__init_rodata_start__ + SIZEOF (.init_rodata))
                0x0000000000000000                __init_rodata_size__ = SIZEOF (.init_rodata)
                0x00000000000263d4                __init_rodata_load_end__ = __init_rodata_end__
                0x0000000000000001                . = ASSERT (((__init_rodata_start__ == __init_rodata_end__) || ((__init_rodata_end__ - __FLASH_segment_start__) <= __FLASH_segment_size__)), error: .init_rodata is too large to fit in FLASH memory segment)
                0x00000000000263d4                __text_load_start__ = ALIGN (__init_rodata_end__, 0x4)

.text           0x00000000000263d4     0x6054
                0x00000000000263d4                __text_start__ = .
 *(.text .text.* .glue_7t .glue_7 .gnu.linkonce.t.* .gcc_except_table .ARM.extab* .gnu.linkonce.armextab.*)
 .glue_7        0x00000000000263d4        0x0 linker stubs
 .glue_7t       0x00000000000263d4        0x0 linker stubs
 .text.nrf_log_backend_rtt_flush
                0x00000000000263d4        0x2 Output/ble_app_uart_pca10040_s132 Release/Obj/nrf_log_backend_rtt.o
 *fill*         0x00000000000263d6        0x2 
 .text.nrf_log_backend_rtt_put
                0x00000000000263d8       0x1c Output/ble_app_uart_pca10040_s132 Release/Obj/nrf_log_backend_rtt.o
 .text.serial_tx
                0x00000000000263f4       0x50 Output/ble_app_uart_pca10040_s132 Release/Obj/nrf_log_backend_rtt.o
 .text.nrf_log_backend_rtt_panic_set
                0x0000000000026444        0x2 Output/ble_app_uart_pca10040_s132 Release/Obj/nrf_log_backend_rtt.o
 .text.nrf_log_backend_serial_put
                0x0000000000026446       0xc2 Output/ble_app_uart_pca10040_s132 Release/Obj/nrf_log_backend_serial.o
                0x0000000000026446                nrf_log_backend_serial_put
 .text.invalid_packets_omit
                0x0000000000026508       0x3a Output/ble_app_uart_pca10040_s132 Release/Obj/nrf_log_frontend.o
 *fill*         0x0000000000026542        0x2 
 .text.buf_prealloc
                0x0000000000026544      0x138 Output/ble_app_uart_pca10040_s132 Release/Obj/nrf_log_frontend.o
 .text.nrf_log_module_name_get
                0x000000000002667c       0x38 Output/ble_app_uart_pca10040_s132 Release/Obj/nrf_log_frontend.o
                0x000000000002667c                nrf_log_module_name_get
 .text.nrf_log_color_id_get
                0x00000000000266b4       0x2c Output/ble_app_uart_pca10040_s132 Release/Obj/nrf_log_frontend.o
                0x00000000000266b4                nrf_log_color_id_get
 .text.buffer_is_empty
                0x00000000000266e0       0x14 Output/ble_app_uart_pca10040_s132 Release/Obj/nrf_log_frontend.o
                0x00000000000266e0                buffer_is_empty
 .text.nrf_log_frontend_dequeue
                0x00000000000266f4      0x220 Output/ble_app_uart_pca10040_s132 Release/Obj/nrf_log_frontend.o
                0x00000000000266f4                nrf_log_frontend_dequeue
 .text.std_n    0x0000000000026914       0x98 Output/ble_app_uart_pca10040_s132 Release/Obj/nrf_log_frontend.o
 .text.nrf_log_frontend_std_0
                0x00000000000269ac        0x8 Output/ble_app_uart_pca10040_s132 Release/Obj/nrf_log_frontend.o
                0x00000000000269ac                nrf_log_frontend_std_0
 .text.nrf_log_frontend_std_1
                0x00000000000269b4       0x12 Output/ble_app_uart_pca10040_s132 Release/Obj/nrf_log_frontend.o
                0x00000000000269b4                nrf_log_frontend_std_1
 .text.nrf_log_frontend_std_2
                0x00000000000269c6       0x14 Output/ble_app_uart_pca10040_s132 Release/Obj/nrf_log_frontend.o
                0x00000000000269c6                nrf_log_frontend_std_2
 *fill*         0x00000000000269da        0x2 
 .text.nrf_log_panic
                0x00000000000269dc       0x2c Output/ble_app_uart_pca10040_s132 Release/Obj/nrf_log_frontend.o
                0x00000000000269dc                nrf_log_panic
 .text.postfix_process
                0x0000000000026a08       0x44 Output/ble_app_uart_pca10040_s132 Release/Obj/nrf_log_str_formatter.o
 .text.prefix_process
                0x0000000000026a4c       0x7c Output/ble_app_uart_pca10040_s132 Release/Obj/nrf_log_str_formatter.o
 .text.nrf_log_std_entry_process
                0x0000000000026ac8       0xc8 Output/ble_app_uart_pca10040_s132 Release/Obj/nrf_log_str_formatter.o
                0x0000000000026ac8                nrf_log_std_entry_process
 .text.nrf_log_hexdump_entry_process
                0x0000000000026b90       0xb4 Output/ble_app_uart_pca10040_s132 Release/Obj/nrf_log_str_formatter.o
                0x0000000000026b90                nrf_log_hexdump_entry_process
 .text.detection_delay_timeout_handler
                0x0000000000026c44       0xf0 Output/ble_app_uart_pca10040_s132 Release/Obj/app_button.o
 .text.gpiote_event_handler
                0x0000000000026d34       0x90 Output/ble_app_uart_pca10040_s132 Release/Obj/app_button.o
 .text.app_button_init
                0x0000000000026dc4       0xa8 Output/ble_app_uart_pca10040_s132 Release/Obj/app_button.o
                0x0000000000026dc4                app_button_init
 .text.app_button_enable
                0x0000000000026e6c       0x2c Output/ble_app_uart_pca10040_s132 Release/Obj/app_button.o
                0x0000000000026e6c                app_button_enable
 .text.app_error_handler_bare
                0x0000000000026e98       0x1a Output/ble_app_uart_pca10040_s132 Release/Obj/app_error.o
                0x0000000000026e98                app_error_handler_bare
 *fill*         0x0000000000026eb2        0x2 
 .text.app_error_fault_handler
                0x0000000000026eb4       0x70 Output/ble_app_uart_pca10040_s132 Release/Obj/app_error_weak.o
                0x0000000000026eb4                app_error_fault_handler
 .text.app_fifo_init
                0x0000000000026f24       0x1e Output/ble_app_uart_pca10040_s132 Release/Obj/app_fifo.o
                0x0000000000026f24                app_fifo_init
 .text.app_fifo_put
                0x0000000000026f42       0x24 Output/ble_app_uart_pca10040_s132 Release/Obj/app_fifo.o
                0x0000000000026f42                app_fifo_put
 .text.app_fifo_get
                0x0000000000026f66       0x22 Output/ble_app_uart_pca10040_s132 Release/Obj/app_fifo.o
                0x0000000000026f66                app_fifo_get
 .text.user_op_alloc
                0x0000000000026f88       0x2c Output/ble_app_uart_pca10040_s132 Release/Obj/app_timer.o
 .text.timer_stop_op_schedule
                0x0000000000026fb4       0x50 Output/ble_app_uart_pca10040_s132 Release/Obj/app_timer.o
 .text.nrfx_coredep_delay_us.part.0.constprop.0
                0x0000000000027004       0x10 Output/ble_app_uart_pca10040_s132 Release/Obj/app_timer.o
 .text.rtc1_stop
                0x0000000000027014       0x44 Output/ble_app_uart_pca10040_s132 Release/Obj/app_timer.o
 .text.RTC1_IRQHandler
                0x0000000000027058       0x9c Output/ble_app_uart_pca10040_s132 Release/Obj/app_timer.o
                0x0000000000027058                RTC1_IRQHandler
 .text.SWI0_EGU0_IRQHandler
                0x00000000000270f4      0x2bc Output/ble_app_uart_pca10040_s132 Release/Obj/app_timer.o
                0x00000000000270f4                SWI0_EGU0_IRQHandler
 .text.app_timer_init
                0x00000000000273b0       0x60 Output/ble_app_uart_pca10040_s132 Release/Obj/app_timer.o
                0x00000000000273b0                app_timer_init
 .text.app_timer_create
                0x0000000000027410       0x24 Output/ble_app_uart_pca10040_s132 Release/Obj/app_timer.o
                0x0000000000027410                app_timer_create
 .text.app_timer_start
                0x0000000000027434       0x90 Output/ble_app_uart_pca10040_s132 Release/Obj/app_timer.o
                0x0000000000027434                app_timer_start
 .text.app_timer_stop
                0x00000000000274c4       0x20 Output/ble_app_uart_pca10040_s132 Release/Obj/app_timer.o
                0x00000000000274c4                app_timer_stop
 .text.nrf_drv_uart_rx.constprop.0
                0x00000000000274e4       0x28 Output/ble_app_uart_pca10040_s132 Release/Obj/app_uart_fifo.o
 .text.nrf_drv_uart_tx.constprop.0
                0x000000000002750c       0x28 Output/ble_app_uart_pca10040_s132 Release/Obj/app_uart_fifo.o
 .text.uart_event_handler
                0x0000000000027534       0x98 Output/ble_app_uart_pca10040_s132 Release/Obj/app_uart_fifo.o
 .text.app_uart_init
                0x00000000000275cc       0xb0 Output/ble_app_uart_pca10040_s132 Release/Obj/app_uart_fifo.o
                0x00000000000275cc                app_uart_init
 .text.app_uart_get
                0x000000000002767c       0x2c Output/ble_app_uart_pca10040_s132 Release/Obj/app_uart_fifo.o
                0x000000000002767c                app_uart_get
 .text.app_uart_put
                0x00000000000276a8       0x50 Output/ble_app_uart_pca10040_s132 Release/Obj/app_uart_fifo.o
                0x00000000000276a8                app_uart_put
 .text.app_util_critical_region_enter
                0x00000000000276f8       0x48 Output/ble_app_uart_pca10040_s132 Release/Obj/app_util_platform.o
                0x00000000000276f8                app_util_critical_region_enter
 .text.app_util_critical_region_exit
                0x0000000000027740       0x2c Output/ble_app_uart_pca10040_s132 Release/Obj/app_util_platform.o
                0x0000000000027740                app_util_critical_region_exit
 .text.nrf_atflags_set
                0x000000000002776c       0x12 Output/ble_app_uart_pca10040_s132 Release/Obj/nrf_atflags.o
                0x000000000002776c                nrf_atflags_set
 .text.nrf_atflags_clear
                0x000000000002777e       0x14 Output/ble_app_uart_pca10040_s132 Release/Obj/nrf_atflags.o
                0x000000000002777e                nrf_atflags_clear
 .text.nrf_atflags_get
                0x0000000000027792       0x12 Output/ble_app_uart_pca10040_s132 Release/Obj/nrf_atflags.o
                0x0000000000027792                nrf_atflags_get
 .text.nrf_atomic_u32_fetch_store
                0x00000000000277a4       0x16 Output/ble_app_uart_pca10040_s132 Release/Obj/nrf_atomic.o
                0x00000000000277a4                nrf_atomic_u32_fetch_store
 .text.nrf_atomic_u32_or
                0x00000000000277ba       0x18 Output/ble_app_uart_pca10040_s132 Release/Obj/nrf_atomic.o
                0x00000000000277ba                nrf_atomic_u32_or
 .text.nrf_atomic_u32_fetch_and
                0x00000000000277d2       0x18 Output/ble_app_uart_pca10040_s132 Release/Obj/nrf_atomic.o
                0x00000000000277d2                nrf_atomic_u32_fetch_and
 .text.nrf_atomic_u32_and
                0x00000000000277ea       0x18 Output/ble_app_uart_pca10040_s132 Release/Obj/nrf_atomic.o
                0x00000000000277ea                nrf_atomic_u32_and
 .text.nrf_atomic_u32_add
                0x0000000000027802       0x18 Output/ble_app_uart_pca10040_s132 Release/Obj/nrf_atomic.o
                0x0000000000027802                nrf_atomic_u32_add
 .text.nrf_atomic_u32_sub
                0x000000000002781a       0x18 Output/ble_app_uart_pca10040_s132 Release/Obj/nrf_atomic.o
                0x000000000002781a                nrf_atomic_u32_sub
 .text.nrf_atomic_flag_set
                0x0000000000027832        0x6 Output/ble_app_uart_pca10040_s132 Release/Obj/nrf_atomic.o
                0x0000000000027832                nrf_atomic_flag_set
 .text.nrf_atomic_flag_clear_fetch
                0x0000000000027838        0x6 Output/ble_app_uart_pca10040_s132 Release/Obj/nrf_atomic.o
                0x0000000000027838                nrf_atomic_flag_clear_fetch
 .text.nrf_balloc_alloc
                0x000000000002783e       0x48 Output/ble_app_uart_pca10040_s132 Release/Obj/nrf_balloc.o
                0x000000000002783e                nrf_balloc_alloc
 .text.nrf_balloc_free
                0x0000000000027886       0x34 Output/ble_app_uart_pca10040_s132 Release/Obj/nrf_balloc.o
                0x0000000000027886                nrf_balloc_free
 .text.nrf_fprintf_buffer_flush
                0x00000000000278ba       0x16 Output/ble_app_uart_pca10040_s132 Release/Obj/nrf_fprintf.o
                0x00000000000278ba                nrf_fprintf_buffer_flush
 .text.nrf_fprintf
                0x00000000000278d0       0x1c Output/ble_app_uart_pca10040_s132 Release/Obj/nrf_fprintf.o
                0x00000000000278d0                nrf_fprintf
 .text.buffer_add
                0x00000000000278ec       0x1e Output/ble_app_uart_pca10040_s132 Release/Obj/nrf_fprintf_format.o
 *fill*         0x000000000002790a        0x2 
 .text.unsigned_print
                0x000000000002790c       0xb4 Output/ble_app_uart_pca10040_s132 Release/Obj/nrf_fprintf_format.o
 .text.nrf_fprintf_fmt
                0x00000000000279c0      0x29c Output/ble_app_uart_pca10040_s132 Release/Obj/nrf_fprintf_format.o
                0x00000000000279c0                nrf_fprintf_fmt
 .text.memobj_op
                0x0000000000027c5c       0x86 Output/ble_app_uart_pca10040_s132 Release/Obj/nrf_memobj.o
 .text.nrf_memobj_free
                0x0000000000027ce2       0x2c Output/ble_app_uart_pca10040_s132 Release/Obj/nrf_memobj.o
                0x0000000000027ce2                nrf_memobj_free
 .text.nrf_memobj_alloc
                0x0000000000027d0e       0x5e Output/ble_app_uart_pca10040_s132 Release/Obj/nrf_memobj.o
                0x0000000000027d0e                nrf_memobj_alloc
 .text.nrf_memobj_get
                0x0000000000027d6c        0x8 Output/ble_app_uart_pca10040_s132 Release/Obj/nrf_memobj.o
                0x0000000000027d6c                nrf_memobj_get
 .text.nrf_memobj_put
                0x0000000000027d74       0x1e Output/ble_app_uart_pca10040_s132 Release/Obj/nrf_memobj.o
                0x0000000000027d74                nrf_memobj_put
 .text.nrf_memobj_write
                0x0000000000027d92       0x14 Output/ble_app_uart_pca10040_s132 Release/Obj/nrf_memobj.o
                0x0000000000027d92                nrf_memobj_write
 .text.nrf_memobj_read
                0x0000000000027da6       0x14 Output/ble_app_uart_pca10040_s132 Release/Obj/nrf_memobj.o
                0x0000000000027da6                nrf_memobj_read
 .text.sd_app_evt_wait
                0x0000000000027dba        0x4 Output/ble_app_uart_pca10040_s132 Release/Obj/nrf_pwr_mgmt.o
 *fill*         0x0000000000027dbe        0x2 
 .text.nrf_pwr_mgmt_init
                0x0000000000027dc0       0x2c Output/ble_app_uart_pca10040_s132 Release/Obj/nrf_pwr_mgmt.o
                0x0000000000027dc0                nrf_pwr_mgmt_init
 .text.nrf_pwr_mgmt_run
                0x0000000000027dec       0x4c Output/ble_app_uart_pca10040_s132 Release/Obj/nrf_pwr_mgmt.o
                0x0000000000027dec                nrf_pwr_mgmt_run
 .text.nrf_section_iter_init
                0x0000000000027e38       0x14 Output/ble_app_uart_pca10040_s132 Release/Obj/nrf_section_iter.o
                0x0000000000027e38                nrf_section_iter_init
 .text.nrf_section_iter_next
                0x0000000000027e4c       0x18 Output/ble_app_uart_pca10040_s132 Release/Obj/nrf_section_iter.o
                0x0000000000027e4c                nrf_section_iter_next
 .text.nrf_strerror_find
                0x0000000000027e64       0x3c Output/ble_app_uart_pca10040_s132 Release/Obj/nrf_strerror.o
                0x0000000000027e64                nrf_strerror_find
 .text.nrf_strerror_get
                0x0000000000027ea0       0x14 Output/ble_app_uart_pca10040_s132 Release/Obj/nrf_strerror.o
                0x0000000000027ea0                nrf_strerror_get
 .text.errata_12
                0x0000000000027eb4       0x40 Output/ble_app_uart_pca10040_s132 Release/Obj/system_nrf52.o
 .text.errata_16
                0x0000000000027ef4       0x34 Output/ble_app_uart_pca10040_s132 Release/Obj/system_nrf52.o
 .text.SystemInit
                0x0000000000027f28      0x25c Output/ble_app_uart_pca10040_s132 Release/Obj/system_nrf52.o
                0x0000000000027f28                SystemInit
 .text.bsp_board_led_state_get
                0x0000000000028184       0x1c Output/ble_app_uart_pca10040_s132 Release/Obj/boards.o
                0x0000000000028184                bsp_board_led_state_get
 .text.bsp_board_led_on
                0x00000000000281a0       0x18 Output/ble_app_uart_pca10040_s132 Release/Obj/boards.o
                0x00000000000281a0                bsp_board_led_on
 .text.bsp_board_led_off
                0x00000000000281b8       0x18 Output/ble_app_uart_pca10040_s132 Release/Obj/boards.o
                0x00000000000281b8                bsp_board_led_off
 .text.bsp_board_leds_off
                0x00000000000281d0       0x1e Output/ble_app_uart_pca10040_s132 Release/Obj/boards.o
                0x00000000000281d0                bsp_board_leds_off
 .text.bsp_board_leds_on
                0x00000000000281ee       0x1e Output/ble_app_uart_pca10040_s132 Release/Obj/boards.o
                0x00000000000281ee                bsp_board_leds_on
 .text.bsp_board_led_invert
                0x000000000002820c       0x24 Output/ble_app_uart_pca10040_s132 Release/Obj/boards.o
                0x000000000002820c                bsp_board_led_invert
 .text.bsp_board_button_state_get
                0x0000000000028230       0x1c Output/ble_app_uart_pca10040_s132 Release/Obj/boards.o
                0x0000000000028230                bsp_board_button_state_get
 .text.bsp_board_pin_to_button_idx
                0x000000000002824c       0x24 Output/ble_app_uart_pca10040_s132 Release/Obj/boards.o
                0x000000000002824c                bsp_board_pin_to_button_idx
 .text.bsp_board_button_idx_to_pin
                0x0000000000028270        0xc Output/ble_app_uart_pca10040_s132 Release/Obj/boards.o
                0x0000000000028270                bsp_board_button_idx_to_pin
 .text.bsp_board_init
                0x000000000002827c       0x3e Output/ble_app_uart_pca10040_s132 Release/Obj/boards.o
                0x000000000002827c                bsp_board_init
 *fill*         0x00000000000282ba        0x2 
 .text.clock_clk_started_notify
                0x00000000000282bc       0x24 Output/ble_app_uart_pca10040_s132 Release/Obj/nrf_drv_clock.o
 .text.clock_irq_handler
                0x00000000000282e0       0x1c Output/ble_app_uart_pca10040_s132 Release/Obj/nrf_drv_clock.o
 .text.soc_evt_handler
                0x00000000000282fc       0x14 Output/ble_app_uart_pca10040_s132 Release/Obj/nrf_drv_clock.o
 .text.nrf_drv_clock_init
                0x0000000000028310       0x38 Output/ble_app_uart_pca10040_s132 Release/Obj/nrf_drv_clock.o
                0x0000000000028310                nrf_drv_clock_init
 .text.nrf_drv_clock_lfclk_release
                0x0000000000028348       0x34 Output/ble_app_uart_pca10040_s132 Release/Obj/nrf_drv_clock.o
                0x0000000000028348                nrf_drv_clock_lfclk_release
 .text.sd_state_evt_handler
                0x000000000002837c       0x58 Output/ble_app_uart_pca10040_s132 Release/Obj/nrf_drv_clock.o
 .text.uarte_evt_handler
                0x00000000000283d4       0x34 Output/ble_app_uart_pca10040_s132 Release/Obj/nrf_drv_uart.o
 .text.uart_evt_handler
                0x0000000000028408       0x34 Output/ble_app_uart_pca10040_s132 Release/Obj/nrf_drv_uart.o
 .text.nrf_drv_uart_init
                0x000000000002843c       0x7c Output/ble_app_uart_pca10040_s132 Release/Obj/nrf_drv_uart.o
                0x000000000002843c                nrf_drv_uart_init
 .text.nrf_clock_event_clear
                0x00000000000284b8       0x14 Output/ble_app_uart_pca10040_s132 Release/Obj/nrfx_clock.o
 .text.nrfx_clock_init
                0x00000000000284cc       0x18 Output/ble_app_uart_pca10040_s132 Release/Obj/nrfx_clock.o
                0x00000000000284cc                nrfx_clock_init
 .text.nrfx_clock_enable
                0x00000000000284e4       0x28 Output/ble_app_uart_pca10040_s132 Release/Obj/nrfx_clock.o
                0x00000000000284e4                nrfx_clock_enable
 .text.nrfx_clock_lfclk_stop
                0x000000000002850c       0x18 Output/ble_app_uart_pca10040_s132 Release/Obj/nrfx_clock.o
                0x000000000002850c                nrfx_clock_lfclk_stop
 .text.POWER_CLOCK_IRQHandler
                0x0000000000028524       0x58 Output/ble_app_uart_pca10040_s132 Release/Obj/nrfx_clock.o
                0x0000000000028524                POWER_CLOCK_IRQHandler
 .text.nrf_gpiote_event_clear
                0x000000000002857c       0x18 Output/ble_app_uart_pca10040_s132 Release/Obj/nrfx_gpiote.o
 .text.nrf_gpio_cfg_sense_set
                0x0000000000028594       0x20 Output/ble_app_uart_pca10040_s132 Release/Obj/nrfx_gpiote.o
 .text.channel_free
                0x00000000000285b4       0x1c Output/ble_app_uart_pca10040_s132 Release/Obj/nrfx_gpiote.o
 .text.nrfx_gpiote_init
                0x00000000000285d0       0x74 Output/ble_app_uart_pca10040_s132 Release/Obj/nrfx_gpiote.o
                0x00000000000285d0                nrfx_gpiote_init
 .text.nrfx_gpiote_is_init
                0x0000000000028644       0x14 Output/ble_app_uart_pca10040_s132 Release/Obj/nrfx_gpiote.o
                0x0000000000028644                nrfx_gpiote_is_init
 .text.nrfx_gpiote_in_init
                0x0000000000028658       0xe4 Output/ble_app_uart_pca10040_s132 Release/Obj/nrfx_gpiote.o
                0x0000000000028658                nrfx_gpiote_in_init
 .text.nrfx_gpiote_in_event_enable
                0x000000000002873c       0x88 Output/ble_app_uart_pca10040_s132 Release/Obj/nrfx_gpiote.o
                0x000000000002873c                nrfx_gpiote_in_event_enable
 .text.nrfx_gpiote_in_is_set
                0x00000000000287c4       0x12 Output/ble_app_uart_pca10040_s132 Release/Obj/nrfx_gpiote.o
                0x00000000000287c4                nrfx_gpiote_in_is_set
 *fill*         0x00000000000287d6        0x2 
 .text.GPIOTE_IRQHandler
                0x00000000000287d8      0x184 Output/ble_app_uart_pca10040_s132 Release/Obj/nrfx_gpiote.o
                0x00000000000287d8                GPIOTE_IRQHandler
 .text.UARTE0_UART0_IRQHandler
                0x000000000002895c        0xc Output/ble_app_uart_pca10040_s132 Release/Obj/nrfx_prs.o
                0x000000000002895c                UARTE0_UART0_IRQHandler
 .text.nrfx_prs_acquire
                0x0000000000028968       0x44 Output/ble_app_uart_pca10040_s132 Release/Obj/nrfx_prs.o
                0x0000000000028968                nrfx_prs_acquire
 .text.nrf_uart_event_clear
                0x00000000000289ac       0x10 Output/ble_app_uart_pca10040_s132 Release/Obj/nrfx_uart.o
 .text.tx_byte  0x00000000000289bc       0x1e Output/ble_app_uart_pca10040_s132 Release/Obj/nrfx_uart.o
 .text.rx_enable.isra.0
                0x00000000000289da       0x20 Output/ble_app_uart_pca10040_s132 Release/Obj/nrfx_uart.o
 .text.rx_byte  0x00000000000289fa       0x2c Output/ble_app_uart_pca10040_s132 Release/Obj/nrfx_uart.o
 *fill*         0x0000000000028a26        0x2 
 .text.rx_done_event.constprop.0
                0x0000000000028a28       0x20 Output/ble_app_uart_pca10040_s132 Release/Obj/nrfx_uart.o
 .text.nrfx_uart_0_irq_handler
                0x0000000000028a48      0x138 Output/ble_app_uart_pca10040_s132 Release/Obj/nrfx_uart.o
                0x0000000000028a48                nrfx_uart_0_irq_handler
 .text.nrfx_uart_init
                0x0000000000028b80      0x180 Output/ble_app_uart_pca10040_s132 Release/Obj/nrfx_uart.o
                0x0000000000028b80                nrfx_uart_init
 .text.nrfx_uart_tx
                0x0000000000028d00       0x8c Output/ble_app_uart_pca10040_s132 Release/Obj/nrfx_uart.o
                0x0000000000028d00                nrfx_uart_tx
 .text.nrfx_uart_tx_in_progress
                0x0000000000028d8c       0x18 Output/ble_app_uart_pca10040_s132 Release/Obj/nrfx_uart.o
                0x0000000000028d8c                nrfx_uart_tx_in_progress
 .text.nrfx_uart_rx
                0x0000000000028da4       0xf0 Output/ble_app_uart_pca10040_s132 Release/Obj/nrfx_uart.o
                0x0000000000028da4                nrfx_uart_rx
 .text.nrf_uarte_event_clear
                0x0000000000028e94       0x10 Output/ble_app_uart_pca10040_s132 Release/Obj/nrfx_uarte.o
 .text.rx_done_event.constprop.0
                0x0000000000028ea4       0x24 Output/ble_app_uart_pca10040_s132 Release/Obj/nrfx_uarte.o
 .text.nrfx_uarte_0_irq_handler
                0x0000000000028ec8       0xe8 Output/ble_app_uart_pca10040_s132 Release/Obj/nrfx_uarte.o
                0x0000000000028ec8                nrfx_uarte_0_irq_handler
 .text.nrfx_uarte_init
                0x0000000000028fb0      0x190 Output/ble_app_uart_pca10040_s132 Release/Obj/nrfx_uarte.o
                0x0000000000028fb0                nrfx_uarte_init
 .text.nrfx_uarte_tx
                0x0000000000029140       0x84 Output/ble_app_uart_pca10040_s132 Release/Obj/nrfx_uarte.o
                0x0000000000029140                nrfx_uarte_tx
 .text.nrfx_uarte_tx_in_progress
                0x00000000000291c4       0x18 Output/ble_app_uart_pca10040_s132 Release/Obj/nrfx_uarte.o
                0x00000000000291c4                nrfx_uarte_tx_in_progress
 .text.nrfx_uarte_rx
                0x00000000000291dc       0xd8 Output/ble_app_uart_pca10040_s132 Release/Obj/nrfx_uarte.o
                0x00000000000291dc                nrfx_uarte_rx
 .text.alert_timer_handler
                0x00000000000292b4        0x6 Output/ble_app_uart_pca10040_s132 Release/Obj/bsp.o
 *fill*         0x00000000000292ba        0x2 
 .text.bsp_button_event_handler
                0x00000000000292bc       0x9c Output/ble_app_uart_pca10040_s132 Release/Obj/bsp.o
 .text.button_timer_handler
                0x0000000000029358        0x8 Output/ble_app_uart_pca10040_s132 Release/Obj/bsp.o
 .text.leds_off
                0x0000000000029360       0x2c Output/ble_app_uart_pca10040_s132 Release/Obj/bsp.o
 .text.bsp_led_indication
                0x000000000002938c      0x204 Output/ble_app_uart_pca10040_s132 Release/Obj/bsp.o
 .text.leds_timer_handler
                0x0000000000029590       0x1c Output/ble_app_uart_pca10040_s132 Release/Obj/bsp.o
 .text.bsp_button_is_pressed
                0x00000000000295ac        0xc Output/ble_app_uart_pca10040_s132 Release/Obj/bsp.o
                0x00000000000295ac                bsp_button_is_pressed
 .text.bsp_indication_set
                0x00000000000295b8       0x18 Output/ble_app_uart_pca10040_s132 Release/Obj/bsp.o
                0x00000000000295b8                bsp_indication_set
 .text.bsp_init
                0x00000000000295d0       0x9c Output/ble_app_uart_pca10040_s132 Release/Obj/bsp.o
                0x00000000000295d0                bsp_init
 .text.bsp_event_to_button_action_assign
                0x000000000002966c       0x4c Output/ble_app_uart_pca10040_s132 Release/Obj/bsp.o
                0x000000000002966c                bsp_event_to_button_action_assign
 .text.bsp_wakeup_button_enable
                0x00000000000296b8       0x30 Output/ble_app_uart_pca10040_s132 Release/Obj/bsp.o
                0x00000000000296b8                bsp_wakeup_button_enable
 .text.advertising_buttons_configure
                0x00000000000296e8       0x36 Output/ble_app_uart_pca10040_s132 Release/Obj/bsp_btn_ble.o
 *fill*         0x000000000002971e        0x2 
 .text.ble_evt_handler
                0x0000000000029720       0x80 Output/ble_app_uart_pca10040_s132 Release/Obj/bsp_btn_ble.o
 .text.bsp_btn_ble_sleep_mode_prepare
                0x00000000000297a0       0x1e Output/ble_app_uart_pca10040_s132 Release/Obj/bsp_btn_ble.o
                0x00000000000297a0                bsp_btn_ble_sleep_mode_prepare
 *fill*         0x00000000000297be        0x2 
 .text.bsp_btn_ble_init
                0x00000000000297c0       0x40 Output/ble_app_uart_pca10040_s132 Release/Obj/bsp_btn_ble.o
                0x00000000000297c0                bsp_btn_ble_init
 .text.startup.main
                0x0000000000029800       0x68 Output/ble_app_uart_pca10040_s132 Release/Obj/main.o
                0x0000000000029800                main
 .text.sd_ble_gap_disconnect
                0x0000000000029868        0x4 Output/ble_app_uart_pca10040_s132 Release/Obj/ble_uart_peripheral.o
 .text.sd_ble_gap_ppcp_set
                0x000000000002986c        0x4 Output/ble_app_uart_pca10040_s132 Release/Obj/ble_uart_peripheral.o
 .text.sd_ble_gap_device_name_set
                0x0000000000029870        0x4 Output/ble_app_uart_pca10040_s132 Release/Obj/ble_uart_peripheral.o
 .text.sd_ble_gap_sec_params_reply
                0x0000000000029874        0x4 Output/ble_app_uart_pca10040_s132 Release/Obj/ble_uart_peripheral.o
 .text.sd_ble_gap_phy_update
                0x0000000000029878        0x4 Output/ble_app_uart_pca10040_s132 Release/Obj/ble_uart_peripheral.o
 .text.sd_ble_gatts_sys_attr_set
                0x000000000002987c        0x4 Output/ble_app_uart_pca10040_s132 Release/Obj/ble_uart_peripheral.o
 .text.sd_power_system_off
                0x0000000000029880        0x4 Output/ble_app_uart_pca10040_s132 Release/Obj/ble_uart_peripheral.o
 .text.conn_params_error_handler
                0x0000000000029884        0x4 Output/ble_app_uart_pca10040_s132 Release/Obj/ble_uart_peripheral.o
 .text.sleep_mode_enter
                0x0000000000029888       0x28 Output/ble_app_uart_pca10040_s132 Release/Obj/ble_uart_peripheral.o
 .text.ble_evt_handler
                0x00000000000298b0       0x98 Output/ble_app_uart_pca10040_s132 Release/Obj/ble_uart_peripheral.o
 .text.gatt_evt_handler
                0x0000000000029948       0x28 Output/ble_app_uart_pca10040_s132 Release/Obj/ble_uart_peripheral.o
                0x0000000000029948                gatt_evt_handler
 .text.on_conn_params_evt
                0x0000000000029970       0x20 Output/ble_app_uart_pca10040_s132 Release/Obj/ble_uart_peripheral.o
 .text.bsp_event_handler
                0x0000000000029990       0x4c Output/ble_app_uart_pca10040_s132 Release/Obj/ble_uart_peripheral.o
                0x0000000000029990                bsp_event_handler
 .text.on_adv_evt
                0x00000000000299dc       0x22 Output/ble_app_uart_pca10040_s132 Release/Obj/ble_uart_peripheral.o
 *fill*         0x00000000000299fe        0x2 
 .text.uart_event_handle
                0x0000000000029a00       0x8c Output/ble_app_uart_pca10040_s132 Release/Obj/ble_uart_peripheral.o
                0x0000000000029a00                uart_event_handle
 .text.nus_data_handler
                0x0000000000029a8c       0x3a Output/ble_app_uart_pca10040_s132 Release/Obj/ble_uart_peripheral.o
 .text.nrf_qwr_error_handler
                0x0000000000029ac6        0x4 Output/ble_app_uart_pca10040_s132 Release/Obj/ble_uart_peripheral.o
 *fill*         0x0000000000029aca        0x2 
 .text.gatt_init
                0x0000000000029acc       0x2c Output/ble_app_uart_pca10040_s132 Release/Obj/ble_uart_peripheral.o
                0x0000000000029acc                gatt_init
 .text.ble_uart_peripheral_print_to_uart
                0x0000000000029af8       0x30 Output/ble_app_uart_pca10040_s132 Release/Obj/ble_uart_peripheral.o
                0x0000000000029af8                ble_uart_peripheral_print_to_uart
 .text.ble_uart_peripheral_init
                0x0000000000029b28      0x1c8 Output/ble_app_uart_pca10040_s132 Release/Obj/ble_uart_peripheral.o
                0x0000000000029b28                ble_uart_peripheral_init
 .text.ble_uart_peripheral_advertising_start
                0x0000000000029cf0       0x1c Output/ble_app_uart_pca10040_s132 Release/Obj/ble_uart_peripheral.o
                0x0000000000029cf0                ble_uart_peripheral_advertising_start
 .text.ble_uart_peripheral_idle_state_handle
                0x0000000000029d0c        0x4 Output/ble_app_uart_pca10040_s132 Release/Obj/ble_uart_peripheral.o
                0x0000000000029d0c                ble_uart_peripheral_idle_state_handle
 .text.scl_low  0x0000000000029d10       0x18 Output/ble_app_uart_pca10040_s132 Release/Obj/soft_i2c.o
                0x0000000000029d10                scl_low
 .text.scl_high
                0x0000000000029d28       0x18 Output/ble_app_uart_pca10040_s132 Release/Obj/soft_i2c.o
                0x0000000000029d28                scl_high
 .text.sda_low  0x0000000000029d40       0x18 Output/ble_app_uart_pca10040_s132 Release/Obj/soft_i2c.o
                0x0000000000029d40                sda_low
 .text.sda_high
                0x0000000000029d58       0x18 Output/ble_app_uart_pca10040_s132 Release/Obj/soft_i2c.o
                0x0000000000029d58                sda_high
 .text.i2c_init
                0x0000000000029d70       0x48 Output/ble_app_uart_pca10040_s132 Release/Obj/soft_i2c.o
                0x0000000000029d70                i2c_init
 .text.read_scl
                0x0000000000029db8       0x18 Output/ble_app_uart_pca10040_s132 Release/Obj/soft_i2c.o
                0x0000000000029db8                read_scl
 .text.read_sda
                0x0000000000029dd0       0x18 Output/ble_app_uart_pca10040_s132 Release/Obj/soft_i2c.o
                0x0000000000029dd0                read_sda
 .text.i2c_delay
                0x0000000000029de8       0x10 Output/ble_app_uart_pca10040_s132 Release/Obj/soft_i2c.o
                0x0000000000029de8                i2c_delay
 .text.i2c_rx_byte
                0x0000000000029df8       0x48 Output/ble_app_uart_pca10040_s132 Release/Obj/soft_i2c.o
                0x0000000000029df8                i2c_rx_byte
 .text.i2c_tx_byte
                0x0000000000029e40       0x3c Output/ble_app_uart_pca10040_s132 Release/Obj/soft_i2c.o
                0x0000000000029e40                i2c_tx_byte
 .text.ack_slave
                0x0000000000029e7c       0x26 Output/ble_app_uart_pca10040_s132 Release/Obj/soft_i2c.o
                0x0000000000029e7c                ack_slave
 .text.nack_slave
                0x0000000000029ea2       0x26 Output/ble_app_uart_pca10040_s132 Release/Obj/soft_i2c.o
                0x0000000000029ea2                nack_slave
 .text.wait_ack
                0x0000000000029ec8       0x42 Output/ble_app_uart_pca10040_s132 Release/Obj/soft_i2c.o
                0x0000000000029ec8                wait_ack
 .text.i2c_stop
                0x0000000000029f0a       0x22 Output/ble_app_uart_pca10040_s132 Release/Obj/soft_i2c.o
                0x0000000000029f0a                i2c_stop
 .text.i2c_start
                0x0000000000029f2c       0x22 Output/ble_app_uart_pca10040_s132 Release/Obj/soft_i2c.o
                0x0000000000029f2c                i2c_start
 .text.i2c_write
                0x0000000000029f4e       0x50 Output/ble_app_uart_pca10040_s132 Release/Obj/soft_i2c.o
                0x0000000000029f4e                i2c_write
 .text.i2c_read
                0x0000000000029f9e       0x4c Output/ble_app_uart_pca10040_s132 Release/Obj/soft_i2c.o
                0x0000000000029f9e                i2c_read
 *fill*         0x0000000000029fea        0x2 
 .text.htu21d_init
                0x0000000000029fec       0x20 Output/ble_app_uart_pca10040_s132 Release/Obj/htu21d.o
                0x0000000000029fec                htu21d_init
 .text.htu21d_nh_get_data
                0x000000000002a00c       0x64 Output/ble_app_uart_pca10040_s132 Release/Obj/htu21d.o
                0x000000000002a00c                htu21d_nh_get_data
 .text.htu21d_nh_temperature
                0x000000000002a070       0x34 Output/ble_app_uart_pca10040_s132 Release/Obj/htu21d.o
                0x000000000002a070                htu21d_nh_temperature
 .text.htu21d_nh_rhumidity
                0x000000000002a0a4       0x34 Output/ble_app_uart_pca10040_s132 Release/Obj/htu21d.o
                0x000000000002a0a4                htu21d_nh_rhumidity
 .text._GetAvailWriteSpace
                0x000000000002a0d8       0x1c Output/ble_app_uart_pca10040_s132 Release/Obj/SEGGER_RTT.o
 .text._WriteNoCheck
                0x000000000002a0f4       0x38 Output/ble_app_uart_pca10040_s132 Release/Obj/SEGGER_RTT.o
 .text._WriteBlocking
                0x000000000002a12c       0x52 Output/ble_app_uart_pca10040_s132 Release/Obj/SEGGER_RTT.o
 *fill*         0x000000000002a17e        0x2 
 .text.SEGGER_RTT_WriteNoLock
                0x000000000002a180       0x68 Output/ble_app_uart_pca10040_s132 Release/Obj/SEGGER_RTT.o
                0x000000000002a180                SEGGER_RTT_WriteNoLock
 .text.sd_ble_gap_addr_get
                0x000000000002a1e8        0x4 Output/ble_app_uart_pca10040_s132 Release/Obj/ble_advdata.o
 .text.sd_ble_gap_appearance_get
                0x000000000002a1ec        0x4 Output/ble_app_uart_pca10040_s132 Release/Obj/ble_advdata.o
 .text.sd_ble_gap_device_name_get
                0x000000000002a1f0        0x4 Output/ble_app_uart_pca10040_s132 Release/Obj/ble_advdata.o
 .text.sd_ble_uuid_encode
                0x000000000002a1f4        0x4 Output/ble_app_uart_pca10040_s132 Release/Obj/ble_advdata.o
 .text.uuid_list_sized_encode
                0x000000000002a1f8       0xac Output/ble_app_uart_pca10040_s132 Release/Obj/ble_advdata.o
 .text.uuid_list_encode
                0x000000000002a2a4       0x38 Output/ble_app_uart_pca10040_s132 Release/Obj/ble_advdata.o
 .text.ble_advdata_encode
                0x000000000002a2dc      0x394 Output/ble_app_uart_pca10040_s132 Release/Obj/ble_advdata.o
                0x000000000002a2dc                ble_advdata_encode
 .text.ble_advdata_search
                0x000000000002a670       0x38 Output/ble_app_uart_pca10040_s132 Release/Obj/ble_advdata.o
                0x000000000002a670                ble_advdata_search
 .text.ble_advdata_parse
                0x000000000002a6a8       0x20 Output/ble_app_uart_pca10040_s132 Release/Obj/ble_advdata.o
                0x000000000002a6a8                ble_advdata_parse
 .text.sd_ble_gap_adv_set_configure
                0x000000000002a6c8        0x4 Output/ble_app_uart_pca10040_s132 Release/Obj/ble_advertising.o
 .text.sd_ble_gap_adv_start
                0x000000000002a6cc        0x4 Output/ble_app_uart_pca10040_s132 Release/Obj/ble_advertising.o
 .text.sd_ble_gap_adv_stop
                0x000000000002a6d0        0x4 Output/ble_app_uart_pca10040_s132 Release/Obj/ble_advertising.o
 .text.flags_set
                0x000000000002a6d4       0x2c Output/ble_app_uart_pca10040_s132 Release/Obj/ble_advertising.o
 .text.ble_advertising_conn_cfg_tag_set
                0x000000000002a700        0x6 Output/ble_app_uart_pca10040_s132 Release/Obj/ble_advertising.o
                0x000000000002a700                ble_advertising_conn_cfg_tag_set
 .text.ble_advertising_init
                0x000000000002a706       0xfe Output/ble_app_uart_pca10040_s132 Release/Obj/ble_advertising.o
                0x000000000002a706                ble_advertising_init
 .text.ble_advertising_start
                0x000000000002a804      0x21a Output/ble_app_uart_pca10040_s132 Release/Obj/ble_advertising.o
                0x000000000002a804                ble_advertising_start
 .text.ble_advertising_on_ble_evt
                0x000000000002aa1e       0x6a Output/ble_app_uart_pca10040_s132 Release/Obj/ble_advertising.o
                0x000000000002aa1e                ble_advertising_on_ble_evt
 .text.ble_advertising_on_sys_evt
                0x000000000002aa88        0x2 Output/ble_app_uart_pca10040_s132 Release/Obj/ble_advertising.o
                0x000000000002aa88                ble_advertising_on_sys_evt
 .text.ble_advertising_restart_without_whitelist
                0x000000000002aa8a       0x3c Output/ble_app_uart_pca10040_s132 Release/Obj/ble_advertising.o
                0x000000000002aa8a                ble_advertising_restart_without_whitelist
 .text.sd_ble_gap_conn_param_update
                0x000000000002aac6        0x4 Output/ble_app_uart_pca10040_s132 Release/Obj/ble_conn_params.o
 .text.sd_ble_gap_disconnect
                0x000000000002aaca        0x4 Output/ble_app_uart_pca10040_s132 Release/Obj/ble_conn_params.o
 .text.sd_ble_gap_ppcp_set
                0x000000000002aace        0x4 Output/ble_app_uart_pca10040_s132 Release/Obj/ble_conn_params.o
 .text.sd_ble_gap_ppcp_get
                0x000000000002aad2        0x4 Output/ble_app_uart_pca10040_s132 Release/Obj/ble_conn_params.o
 *fill*         0x000000000002aad6        0x2 
 .text.instance_get
                0x000000000002aad8       0x14 Output/ble_app_uart_pca10040_s132 Release/Obj/ble_conn_params.o
 .text.send_error_evt
                0x000000000002aaec       0x10 Output/ble_app_uart_pca10040_s132 Release/Obj/ble_conn_params.o
 .text.update_timeout_handler
                0x000000000002aafc       0x6c Output/ble_app_uart_pca10040_s132 Release/Obj/ble_conn_params.o
 .text.conn_params_negotiation
                0x000000000002ab68       0x48 Output/ble_app_uart_pca10040_s132 Release/Obj/ble_conn_params.o
 .text.is_conn_params_ok.constprop.0
                0x000000000002abb0       0x34 Output/ble_app_uart_pca10040_s132 Release/Obj/ble_conn_params.o
 .text.ble_evt_handler
                0x000000000002abe4       0xe0 Output/ble_app_uart_pca10040_s132 Release/Obj/ble_conn_params.o
 .text.ble_conn_params_init
                0x000000000002acc4       0x74 Output/ble_app_uart_pca10040_s132 Release/Obj/ble_conn_params.o
                0x000000000002acc4                ble_conn_params_init
 .text.conn_handle_list_get
                0x000000000002ad38       0x2e Output/ble_app_uart_pca10040_s132 Release/Obj/ble_conn_state.o
                0x000000000002ad38                conn_handle_list_get
 *fill*         0x000000000002ad66        0x2 
 .text.ble_evt_handler
                0x000000000002ad68       0xd4 Output/ble_app_uart_pca10040_s132 Release/Obj/ble_conn_state.o
 .text.ble_conn_state_valid
                0x000000000002ae3c       0x14 Output/ble_app_uart_pca10040_s132 Release/Obj/ble_conn_state.o
                0x000000000002ae3c                ble_conn_state_valid
 .text.ble_conn_state_conn_idx
                0x000000000002ae50       0x12 Output/ble_app_uart_pca10040_s132 Release/Obj/ble_conn_state.o
                0x000000000002ae50                ble_conn_state_conn_idx
 .text.blcm_link_ctx_get
                0x000000000002ae62       0x4e Output/ble_app_uart_pca10040_s132 Release/Obj/ble_link_ctx_manager.o
                0x000000000002ae62                blcm_link_ctx_get
 .text.sd_ble_gatts_characteristic_add
                0x000000000002aeb0        0x4 Output/ble_app_uart_pca10040_s132 Release/Obj/ble_srv_common.o
 .text.set_security_req
                0x000000000002aeb4       0x2a Output/ble_app_uart_pca10040_s132 Release/Obj/ble_srv_common.o
 .text.ble_srv_is_notification_enabled
                0x000000000002aede        0x8 Output/ble_app_uart_pca10040_s132 Release/Obj/ble_srv_common.o
                0x000000000002aede                ble_srv_is_notification_enabled
 .text.characteristic_add
                0x000000000002aee6      0x154 Output/ble_app_uart_pca10040_s132 Release/Obj/ble_srv_common.o
                0x000000000002aee6                characteristic_add
 .text.sd_ble_gap_data_length_update
                0x000000000002b03a        0x4 Output/ble_app_uart_pca10040_s132 Release/Obj/nrf_ble_gatt.o
 .text.sd_ble_gattc_exchange_mtu_request
                0x000000000002b03e        0x4 Output/ble_app_uart_pca10040_s132 Release/Obj/nrf_ble_gatt.o
 .text.sd_ble_gatts_exchange_mtu_reply
                0x000000000002b042        0x4 Output/ble_app_uart_pca10040_s132 Release/Obj/nrf_ble_gatt.o
 *fill*         0x000000000002b046        0x2 
 .text.data_length_update
                0x000000000002b048       0x80 Output/ble_app_uart_pca10040_s132 Release/Obj/nrf_ble_gatt.o
 .text.nrf_ble_gatt_init
                0x000000000002b0c8       0x28 Output/ble_app_uart_pca10040_s132 Release/Obj/nrf_ble_gatt.o
                0x000000000002b0c8                nrf_ble_gatt_init
 .text.nrf_ble_gatt_att_mtu_periph_set
                0x000000000002b0f0       0x18 Output/ble_app_uart_pca10040_s132 Release/Obj/nrf_ble_gatt.o
                0x000000000002b0f0                nrf_ble_gatt_att_mtu_periph_set
 .text.nrf_ble_gatt_on_ble_evt
                0x000000000002b108      0x198 Output/ble_app_uart_pca10040_s132 Release/Obj/nrf_ble_gatt.o
                0x000000000002b108                nrf_ble_gatt_on_ble_evt
 .text.sd_ble_gatts_rw_authorize_reply
                0x000000000002b2a0        0x4 Output/ble_app_uart_pca10040_s132 Release/Obj/nrf_ble_qwr.o
 .text.sd_ble_user_mem_reply
                0x000000000002b2a4        0x4 Output/ble_app_uart_pca10040_s132 Release/Obj/nrf_ble_qwr.o
 .text.user_mem_reply.part.0
                0x000000000002b2a8       0x24 Output/ble_app_uart_pca10040_s132 Release/Obj/nrf_ble_qwr.o
 .text.nrf_ble_qwr_init
                0x000000000002b2cc       0x24 Output/ble_app_uart_pca10040_s132 Release/Obj/nrf_ble_qwr.o
                0x000000000002b2cc                nrf_ble_qwr_init
 .text.nrf_ble_qwr_conn_handle_assign
                0x000000000002b2f0       0x16 Output/ble_app_uart_pca10040_s132 Release/Obj/nrf_ble_qwr.o
                0x000000000002b2f0                nrf_ble_qwr_conn_handle_assign
 .text.nrf_ble_qwr_on_ble_evt
                0x000000000002b306       0xa0 Output/ble_app_uart_pca10040_s132 Release/Obj/nrf_ble_qwr.o
                0x000000000002b306                nrf_ble_qwr_on_ble_evt
 .text.sd_ble_gatts_service_add
                0x000000000002b3a6        0x4 Output/ble_app_uart_pca10040_s132 Release/Obj/ble_nus.o
 .text.sd_ble_gatts_value_get
                0x000000000002b3aa        0x4 Output/ble_app_uart_pca10040_s132 Release/Obj/ble_nus.o
 .text.sd_ble_gatts_hvx
                0x000000000002b3ae        0x4 Output/ble_app_uart_pca10040_s132 Release/Obj/ble_nus.o
 .text.sd_ble_uuid_vs_add
                0x000000000002b3b2        0x4 Output/ble_app_uart_pca10040_s132 Release/Obj/ble_nus.o
 .text.ble_nus_on_ble_evt
                0x000000000002b3b6      0x132 Output/ble_app_uart_pca10040_s132 Release/Obj/ble_nus.o
                0x000000000002b3b6                ble_nus_on_ble_evt
 .text.ble_nus_init
                0x000000000002b4e8       0xf4 Output/ble_app_uart_pca10040_s132 Release/Obj/ble_nus.o
                0x000000000002b4e8                ble_nus_init
 .text.ble_nus_data_send
                0x000000000002b5dc       0x66 Output/ble_app_uart_pca10040_s132 Release/Obj/ble_nus.o
                0x000000000002b5dc                ble_nus_data_send
 .text.sd_softdevice_enable
                0x000000000002b642        0x4 Output/ble_app_uart_pca10040_s132 Release/Obj/nrf_sdh.o
 *fill*         0x000000000002b646        0x2 
 .text.sdh_request_observer_notify
                0x000000000002b648       0x30 Output/ble_app_uart_pca10040_s132 Release/Obj/nrf_sdh.o
 .text.sdh_state_observer_notify
                0x000000000002b678       0x28 Output/ble_app_uart_pca10040_s132 Release/Obj/nrf_sdh.o
 .text.softdevices_evt_irq_enable
                0x000000000002b6a0       0x38 Output/ble_app_uart_pca10040_s132 Release/Obj/nrf_sdh.o
 .text.nrf_sdh_enable_request
                0x000000000002b6d8       0x7c Output/ble_app_uart_pca10040_s132 Release/Obj/nrf_sdh.o
                0x000000000002b6d8                nrf_sdh_enable_request
 .text.nrf_sdh_is_enabled
                0x000000000002b754        0xc Output/ble_app_uart_pca10040_s132 Release/Obj/nrf_sdh.o
                0x000000000002b754                nrf_sdh_is_enabled
 .text.nrf_sdh_evts_poll
                0x000000000002b760       0x28 Output/ble_app_uart_pca10040_s132 Release/Obj/nrf_sdh.o
                0x000000000002b760                nrf_sdh_evts_poll
 .text.SWI2_EGU2_IRQHandler
                0x000000000002b788        0x4 Output/ble_app_uart_pca10040_s132 Release/Obj/nrf_sdh.o
                0x000000000002b788                SWI2_EGU2_IRQHandler
 .text.sd_ble_enable
                0x000000000002b78c        0x4 Output/ble_app_uart_pca10040_s132 Release/Obj/nrf_sdh_ble.o
 .text.sd_ble_cfg_set
                0x000000000002b790        0x4 Output/ble_app_uart_pca10040_s132 Release/Obj/nrf_sdh_ble.o
 .text.sd_ble_evt_get
                0x000000000002b794        0x4 Output/ble_app_uart_pca10040_s132 Release/Obj/nrf_sdh_ble.o
 .text.nrf_sdh_ble_evts_poll.part.0
                0x000000000002b798       0x4c Output/ble_app_uart_pca10040_s132 Release/Obj/nrf_sdh_ble.o
 .text.nrf_sdh_ble_evts_poll
                0x000000000002b7e4       0x10 Output/ble_app_uart_pca10040_s132 Release/Obj/nrf_sdh_ble.o
 .text.nrf_sdh_ble_default_cfg_set
                0x000000000002b7f4      0x1a0 Output/ble_app_uart_pca10040_s132 Release/Obj/nrf_sdh_ble.o
                0x000000000002b7f4                nrf_sdh_ble_default_cfg_set
 .text.nrf_sdh_ble_enable
                0x000000000002b994       0x98 Output/ble_app_uart_pca10040_s132 Release/Obj/nrf_sdh_ble.o
                0x000000000002b994                nrf_sdh_ble_enable
 .text.sd_evt_get
                0x000000000002ba2c        0x4 Output/ble_app_uart_pca10040_s132 Release/Obj/nrf_sdh_soc.o
 .text.nrf_sdh_soc_evts_poll
                0x000000000002ba30       0x3c Output/ble_app_uart_pca10040_s132 Release/Obj/nrf_sdh_soc.o
 .text.libc.__int64_udivmod
                0x000000000002ba6c       0xce C:/Program Files/SEGGER/SEGGER Embedded Studio for ARM 4.42a/lib/libc_v7em_fpv4_sp_d16_hard_t_le_eabi.a(libc_asm.o)
                0x000000000002ba6c                __aeabi_uldivmod
                0x000000000002ba6c                __int64_udiv
                0x000000000002ba6c                __udivdi3
                0x000000000002ba6c                __int64_udivmod
 *fill*         0x000000000002bb3a        0x2 
 .text.libc.__RAL_ascii_isctype
                0x000000000002bb3c       0x1c C:/Program Files/SEGGER/SEGGER Embedded Studio for ARM 4.42a/lib/libc_v7em_fpv4_sp_d16_hard_t_le_eabi.a(libc2.o)
 .text.libc.__RAL_ascii_toupper
                0x000000000002bb58        0xc C:/Program Files/SEGGER/SEGGER Embedded Studio for ARM 4.42a/lib/libc_v7em_fpv4_sp_d16_hard_t_le_eabi.a(libc2.o)
 .text.libc.__RAL_ascii_tolower
                0x000000000002bb64        0xc C:/Program Files/SEGGER/SEGGER Embedded Studio for ARM 4.42a/lib/libc_v7em_fpv4_sp_d16_hard_t_le_eabi.a(libc2.o)
 .text.libc.__RAL_ascii_iswctype
                0x000000000002bb70       0x1c C:/Program Files/SEGGER/SEGGER Embedded Studio for ARM 4.42a/lib/libc_v7em_fpv4_sp_d16_hard_t_le_eabi.a(libc2.o)
 .text.libc.__RAL_ascii_towupper
                0x000000000002bb8c        0xc C:/Program Files/SEGGER/SEGGER Embedded Studio for ARM 4.42a/lib/libc_v7em_fpv4_sp_d16_hard_t_le_eabi.a(libc2.o)
 .text.libc.__RAL_ascii_towlower
                0x000000000002bb98        0xc C:/Program Files/SEGGER/SEGGER Embedded Studio for ARM 4.42a/lib/libc_v7em_fpv4_sp_d16_hard_t_le_eabi.a(libc2.o)
 .text.libc.__RAL_ascii_wctomb
                0x000000000002bba4        0xe C:/Program Files/SEGGER/SEGGER Embedded Studio for ARM 4.42a/lib/libc_v7em_fpv4_sp_d16_hard_t_le_eabi.a(libc2.o)
                0x000000000002bba4                __RAL_ascii_wctomb
 .text.libc.__RAL_ascii_mbtowc
                0x000000000002bbb2       0x24 C:/Program Files/SEGGER/SEGGER Embedded Studio for ARM 4.42a/lib/libc_v7em_fpv4_sp_d16_hard_t_le_eabi.a(libc2.o)
                0x000000000002bbb2                __RAL_ascii_mbtowc
 .text.libc.__putc
                0x000000000002bbd6       0x34 C:/Program Files/SEGGER/SEGGER Embedded Studio for ARM 4.42a/lib/libc_v7em_fpv4_sp_d16_hard_t_le_eabi.a(libc2.o)
                0x000000000002bbd6                __putc
 .text.libc.__RAL_print_padding
                0x000000000002bc0a       0x1c C:/Program Files/SEGGER/SEGGER Embedded Studio for ARM 4.42a/lib/libc_v7em_fpv4_sp_d16_hard_t_le_eabi.a(libc2.o)
                0x000000000002bc0a                __RAL_print_padding
 .text.libc.__RAL_pre_padding
                0x000000000002bc26       0x1a C:/Program Files/SEGGER/SEGGER Embedded Studio for ARM 4.42a/lib/libc_v7em_fpv4_sp_d16_hard_t_le_eabi.a(libc2.o)
                0x000000000002bc26                __RAL_pre_padding
 .text.libc.__RAL_isctype
                0x000000000002bc40       0x14 C:/Program Files/SEGGER/SEGGER Embedded Studio for ARM 4.42a/lib/libc_v7em_fpv4_sp_d16_hard_t_le_eabi.a(libc2.o)
                0x000000000002bc40                __RAL_isctype
 .text.libc.isprint
                0x000000000002bc54        0xa C:/Program Files/SEGGER/SEGGER Embedded Studio for ARM 4.42a/lib/libc_v7em_fpv4_sp_d16_hard_t_le_eabi.a(libc2.o)
                0x000000000002bc54                isprint
 .text.libc.sprintf
                0x000000000002bc5e       0x2a C:/Program Files/SEGGER/SEGGER Embedded Studio for ARM 4.42a/lib/libc_v7em_fpv4_sp_d16_hard_t_le_eabi.a(libc2.o)
                0x000000000002bc5e                sprintf
 .text.libc.strnlen
                0x000000000002bc88       0x22 C:/Program Files/SEGGER/SEGGER Embedded Studio for ARM 4.42a/lib/libc_v7em_fpv4_sp_d16_hard_t_le_eabi.a(libc2.o)
                0x000000000002bc88                strnlen
 .text.libc.memcpy
                0x000000000002bcaa       0x52 C:/Program Files/SEGGER/SEGGER Embedded Studio for ARM 4.42a/lib/libc_v7em_fpv4_sp_d16_hard_t_le_eabi.a(libc2_asm.o)
                0x000000000002bcaa                __aeabi_memcpy
                0x000000000002bcaa                memcpy
                0x000000000002bcb6                __aeabi_memcpy8
                0x000000000002bcb6                __aeabi_memcpy4
 .text.libc.memset
                0x000000000002bcfc       0x66 C:/Program Files/SEGGER/SEGGER Embedded Studio for ARM 4.42a/lib/libc_v7em_fpv4_sp_d16_hard_t_le_eabi.a(libc2_asm.o)
                0x000000000002bcfc                memset
 .text.libc.strlen
                0x000000000002bd62       0x60 C:/Program Files/SEGGER/SEGGER Embedded Studio for ARM 4.42a/lib/libc_v7em_fpv4_sp_d16_hard_t_le_eabi.a(libc2_asm.o)
                0x000000000002bd62                strlen
 *fill*         0x000000000002bdc2        0x2 
 .text.libc.__vfprintf_long
                0x000000000002bdc4      0x664 C:/Program Files/SEGGER/SEGGER Embedded Studio for ARM 4.42a/lib/libvfprintf_v7em_fpv4_sp_d16_hard_t_le_eabi.o
                0x000000000002bdc4                __vfprintf_long
                0x000000000002c428                __text_end__ = (__text_start__ + SIZEOF (.text))
                0x0000000000006054                __text_size__ = SIZEOF (.text)
                0x000000000002c428                __text_load_end__ = __text_end__

.vfp11_veneer   0x0000000100000000        0x0
 .vfp11_veneer  0x0000000100000000        0x0 linker stubs

.v4_bx          0x0000000100000000        0x0
 .v4_bx         0x0000000100000000        0x0 linker stubs

.iplt           0x0000000100000000        0x0
 .iplt          0x0000000100000000        0x0 Output/ble_app_uart_pca10040_s132 Release/Obj/thumb_crt0.o
                0x0000000000000001                . = ASSERT (((__text_start__ == __text_end__) || ((__text_end__ - __FLASH_segment_start__) <= __FLASH_segment_size__)), error: .text is too large to fit in FLASH memory segment)
                0x000000000002c428                __sdh_soc_observers_load_start__ = ALIGN (__text_end__, 0x4)

.sdh_soc_observers
                0x000000000002c428       0x10
                0x000000000002c428                __sdh_soc_observers_start__ = .
                0x000000000002c428                __start_sdh_soc_observers = __sdh_soc_observers_start__
 *(SORT_BY_NAME(.sdh_soc_observers*))
 .sdh_soc_observers0
                0x000000000002c428        0x8 Output/ble_app_uart_pca10040_s132 Release/Obj/nrf_drv_clock.o
 .sdh_soc_observers1
                0x000000000002c430        0x8 Output/ble_app_uart_pca10040_s132 Release/Obj/ble_uart_peripheral.o
                0x000000000002c438                __sdh_soc_observers_end__ = (__sdh_soc_observers_start__ + SIZEOF (.sdh_soc_observers))
                0x0000000000000010                __sdh_soc_observers_size__ = SIZEOF (.sdh_soc_observers)
                0x000000000002c438                __stop_sdh_soc_observers = __sdh_soc_observers_end__
                0x000000000002c438                __sdh_soc_observers_load_end__ = __sdh_soc_observers_end__
                0x0000000000000001                . = ASSERT (((__sdh_soc_observers_start__ == __sdh_soc_observers_end__) || ((__sdh_soc_observers_end__ - __FLASH_segment_start__) <= __FLASH_segment_size__)), error: .sdh_soc_observers is too large to fit in FLASH memory segment)
                0x000000000002c438                __sdh_ble_observers_load_start__ = ALIGN (__sdh_soc_observers_end__, 0x4)

.sdh_ble_observers
                0x000000000002c438       0x40
                0x000000000002c438                __sdh_ble_observers_start__ = .
                0x000000000002c438                __start_sdh_ble_observers = __sdh_ble_observers_start__
 *(SORT_BY_NAME(.sdh_ble_observers*))
 .sdh_ble_observers0
                0x000000000002c438        0x8 Output/ble_app_uart_pca10040_s132 Release/Obj/ble_conn_state.o
 .sdh_ble_observers1
                0x000000000002c440        0x8 Output/ble_app_uart_pca10040_s132 Release/Obj/bsp_btn_ble.o
 .sdh_ble_observers1
                0x000000000002c448       0x10 Output/ble_app_uart_pca10040_s132 Release/Obj/ble_uart_peripheral.o
 .sdh_ble_observers1
                0x000000000002c458        0x8 Output/ble_app_uart_pca10040_s132 Release/Obj/ble_conn_params.o
 .sdh_ble_observers2
                0x000000000002c460       0x10 Output/ble_app_uart_pca10040_s132 Release/Obj/ble_uart_peripheral.o
 .sdh_ble_observers3
                0x000000000002c470        0x8 Output/ble_app_uart_pca10040_s132 Release/Obj/ble_uart_peripheral.o
                0x000000000002c478                __sdh_ble_observers_end__ = (__sdh_ble_observers_start__ + SIZEOF (.sdh_ble_observers))
                0x0000000000000040                __sdh_ble_observers_size__ = SIZEOF (.sdh_ble_observers)
                0x000000000002c478                __stop_sdh_ble_observers = __sdh_ble_observers_end__
                0x000000000002c478                __sdh_ble_observers_load_end__ = __sdh_ble_observers_end__
                0x0000000000000001                . = ASSERT (((__sdh_ble_observers_start__ == __sdh_ble_observers_end__) || ((__sdh_ble_observers_end__ - __FLASH_segment_start__) <= __FLASH_segment_size__)), error: .sdh_ble_observers is too large to fit in FLASH memory segment)
                0x000000000002c478                __pwr_mgmt_data_load_start__ = ALIGN (__sdh_ble_observers_end__, 0x4)

.pwr_mgmt_data  0x000000000002c478        0x0
                0x000000000002c478                __pwr_mgmt_data_start__ = .
                0x000000000002c478                __start_pwr_mgmt_data = __pwr_mgmt_data_start__
 *(SORT_BY_NAME(.pwr_mgmt_data*))
                0x000000000002c478                __pwr_mgmt_data_end__ = (__pwr_mgmt_data_start__ + SIZEOF (.pwr_mgmt_data))
                0x0000000000000000                __pwr_mgmt_data_size__ = SIZEOF (.pwr_mgmt_data)
                0x000000000002c478                __stop_pwr_mgmt_data = __pwr_mgmt_data_end__
                0x000000000002c478                __pwr_mgmt_data_load_end__ = __pwr_mgmt_data_end__
                0x0000000000000001                . = ASSERT (((__pwr_mgmt_data_start__ == __pwr_mgmt_data_end__) || ((__pwr_mgmt_data_end__ - __FLASH_segment_start__) <= __FLASH_segment_size__)), error: .pwr_mgmt_data is too large to fit in FLASH memory segment)
                0x000000000002c478                __sdh_stack_observers_load_start__ = ALIGN (__pwr_mgmt_data_end__, 0x4)

.sdh_stack_observers
                0x000000000002c478       0x10
                0x000000000002c478                __sdh_stack_observers_start__ = .
                0x000000000002c478                __start_sdh_stack_observers = __sdh_stack_observers_start__
 *(SORT_BY_NAME(.sdh_stack_observers*))
 .sdh_stack_observers0
                0x000000000002c478        0x8 Output/ble_app_uart_pca10040_s132 Release/Obj/nrf_sdh_ble.o
 .sdh_stack_observers0
                0x000000000002c480        0x8 Output/ble_app_uart_pca10040_s132 Release/Obj/nrf_sdh_soc.o
                0x000000000002c488                __sdh_stack_observers_end__ = (__sdh_stack_observers_start__ + SIZEOF (.sdh_stack_observers))
                0x0000000000000010                __sdh_stack_observers_size__ = SIZEOF (.sdh_stack_observers)
                0x000000000002c488                __stop_sdh_stack_observers = __sdh_stack_observers_end__
                0x000000000002c488                __sdh_stack_observers_load_end__ = __sdh_stack_observers_end__
                0x0000000000000001                . = ASSERT (((__sdh_stack_observers_start__ == __sdh_stack_observers_end__) || ((__sdh_stack_observers_end__ - __FLASH_segment_start__) <= __FLASH_segment_size__)), error: .sdh_stack_observers is too large to fit in FLASH memory segment)
                0x000000000002c488                __sdh_req_observers_load_start__ = ALIGN (__sdh_stack_observers_end__, 0x4)

.sdh_req_observers
                0x000000000002c488        0x0
                0x000000000002c488                __sdh_req_observers_start__ = .
                0x000000000002c488                __start_sdh_req_observers = __sdh_req_observers_start__
 *(SORT_BY_NAME(.sdh_req_observers*))
                0x000000000002c488                __sdh_req_observers_end__ = (__sdh_req_observers_start__ + SIZEOF (.sdh_req_observers))
                0x0000000000000000                __sdh_req_observers_size__ = SIZEOF (.sdh_req_observers)
                0x000000000002c488                __stop_sdh_req_observers = __sdh_req_observers_end__
                0x000000000002c488                __sdh_req_observers_load_end__ = __sdh_req_observers_end__
                0x0000000000000001                . = ASSERT (((__sdh_req_observers_start__ == __sdh_req_observers_end__) || ((__sdh_req_observers_end__ - __FLASH_segment_start__) <= __FLASH_segment_size__)), error: .sdh_req_observers is too large to fit in FLASH memory segment)
                0x000000000002c488                __sdh_state_observers_load_start__ = ALIGN (__sdh_req_observers_end__, 0x4)

.sdh_state_observers
                0x000000000002c488        0x8
                0x000000000002c488                __sdh_state_observers_start__ = .
                0x000000000002c488                __start_sdh_state_observers = __sdh_state_observers_start__
 *(SORT_BY_NAME(.sdh_state_observers*))
 .sdh_state_observers0
                0x000000000002c488        0x8 Output/ble_app_uart_pca10040_s132 Release/Obj/nrf_drv_clock.o
                0x000000000002c490                __sdh_state_observers_end__ = (__sdh_state_observers_start__ + SIZEOF (.sdh_state_observers))
                0x0000000000000008                __sdh_state_observers_size__ = SIZEOF (.sdh_state_observers)
                0x000000000002c490                __stop_sdh_state_observers = __sdh_state_observers_end__
                0x000000000002c490                __sdh_state_observers_load_end__ = __sdh_state_observers_end__
                0x0000000000000001                . = ASSERT (((__sdh_state_observers_start__ == __sdh_state_observers_end__) || ((__sdh_state_observers_end__ - __FLASH_segment_start__) <= __FLASH_segment_size__)), error: .sdh_state_observers is too large to fit in FLASH memory segment)
                0x000000000002c490                __nrf_queue_load_start__ = ALIGN (__sdh_state_observers_end__, 0x4)

.nrf_queue      0x000000000002c490        0x0
                0x000000000002c490                __nrf_queue_start__ = .
                0x000000000002c490                __start_nrf_queue = __nrf_queue_start__
 *(.nrf_queue*)
                0x000000000002c490                __nrf_queue_end__ = (__nrf_queue_start__ + SIZEOF (.nrf_queue))
                0x0000000000000000                __nrf_queue_size__ = SIZEOF (.nrf_queue)
                0x000000000002c490                __stop_nrf_queue = __nrf_queue_end__
                0x000000000002c490                __nrf_queue_load_end__ = __nrf_queue_end__
                0x0000000000000001                . = ASSERT (((__nrf_queue_start__ == __nrf_queue_end__) || ((__nrf_queue_end__ - __FLASH_segment_start__) <= __FLASH_segment_size__)), error: .nrf_queue is too large to fit in FLASH memory segment)
                0x000000000002c490                __nrf_balloc_load_start__ = ALIGN (__nrf_queue_end__, 0x4)

.nrf_balloc     0x000000000002c490       0x14
                0x000000000002c490                __nrf_balloc_start__ = .
                0x000000000002c490                __start_nrf_balloc = __nrf_balloc_start__
 *(.nrf_balloc*)
 .nrf_balloc    0x000000000002c490       0x14 Output/ble_app_uart_pca10040_s132 Release/Obj/nrf_log_frontend.o
                0x000000000002c490                log_mempool
                0x000000000002c4a4                __nrf_balloc_end__ = (__nrf_balloc_start__ + SIZEOF (.nrf_balloc))
                0x0000000000000014                __nrf_balloc_size__ = SIZEOF (.nrf_balloc)
                0x000000000002c4a4                __stop_nrf_balloc = __nrf_balloc_end__
                0x000000000002c4a4                __nrf_balloc_load_end__ = __nrf_balloc_end__
                0x0000000000000001                . = ASSERT (((__nrf_balloc_start__ == __nrf_balloc_end__) || ((__nrf_balloc_end__ - __FLASH_segment_start__) <= __FLASH_segment_size__)), error: .nrf_balloc is too large to fit in FLASH memory segment)
                0x000000000002c4a4                __cli_command_load_start__ = ALIGN (__nrf_balloc_end__, 0x4)

.cli_command    0x000000000002c4a4        0x0
                0x000000000002c4a4                __cli_command_start__ = .
                0x000000000002c4a4                __start_cli_command = __cli_command_start__
 *(.cli_command*)
                0x000000000002c4a4                __cli_command_end__ = (__cli_command_start__ + SIZEOF (.cli_command))
                0x0000000000000000                __cli_command_size__ = SIZEOF (.cli_command)
                0x000000000002c4a4                __stop_cli_command = __cli_command_end__
                0x000000000002c4a4                __cli_command_load_end__ = __cli_command_end__
                0x0000000000000001                . = ASSERT (((__cli_command_start__ == __cli_command_end__) || ((__cli_command_end__ - __FLASH_segment_start__) <= __FLASH_segment_size__)), error: .cli_command is too large to fit in FLASH memory segment)
                0x000000000002c4a4                __crypto_data_load_start__ = ALIGN (__cli_command_end__, 0x4)

.crypto_data    0x000000000002c4a4        0x0
                0x000000000002c4a4                __crypto_data_start__ = .
                0x000000000002c4a4                __start_crypto_data = __crypto_data_start__
 *(SORT_BY_NAME(.crypto_data*))
                0x000000000002c4a4                __crypto_data_end__ = (__crypto_data_start__ + SIZEOF (.crypto_data))
                0x0000000000000000                __crypto_data_size__ = SIZEOF (.crypto_data)
                0x000000000002c4a4                __stop_crypto_data = __crypto_data_end__
                0x000000000002c4a4                __crypto_data_load_end__ = __crypto_data_end__
                0x0000000000000001                . = ASSERT (((__crypto_data_start__ == __crypto_data_end__) || ((__crypto_data_end__ - __FLASH_segment_start__) <= __FLASH_segment_size__)), error: .crypto_data is too large to fit in FLASH memory segment)
                0x000000000002c4a4                __log_const_data_load_start__ = ALIGN (__crypto_data_end__, 0x4)

.log_const_data
                0x000000000002c4a4       0x68
                0x000000000002c4a4                __log_const_data_start__ = .
                0x000000000002c4a4                __start_log_const_data = __log_const_data_start__
 *(SORT_BY_NAME(.log_const_data*))
 .log_const_data_CLOCK
                0x000000000002c4a4        0x8 Output/ble_app_uart_pca10040_s132 Release/Obj/nrfx_clock.o
                0x000000000002c4a4                m_nrf_log_CLOCK_logs_data_const
 .log_const_data_GPIOTE
                0x000000000002c4ac        0x8 Output/ble_app_uart_pca10040_s132 Release/Obj/nrfx_gpiote.o
                0x000000000002c4ac                m_nrf_log_GPIOTE_logs_data_const
 .log_const_data_PRS
                0x000000000002c4b4        0x8 Output/ble_app_uart_pca10040_s132 Release/Obj/nrfx_prs.o
                0x000000000002c4b4                m_nrf_log_PRS_logs_data_const
 .log_const_data_UART
                0x000000000002c4bc        0x8 Output/ble_app_uart_pca10040_s132 Release/Obj/nrfx_uart.o
                0x000000000002c4bc                m_nrf_log_UART_logs_data_const
 .log_const_data_UARTE
                0x000000000002c4c4        0x8 Output/ble_app_uart_pca10040_s132 Release/Obj/nrfx_uarte.o
                0x000000000002c4c4                m_nrf_log_UARTE_logs_data_const
 .log_const_data_app
                0x000000000002c4cc        0x8 Output/ble_app_uart_pca10040_s132 Release/Obj/nrf_log_frontend.o
                0x000000000002c4cc                m_nrf_log_app_logs_data_const
 .log_const_data_ble_nus
                0x000000000002c4d4        0x8 Output/ble_app_uart_pca10040_s132 Release/Obj/ble_nus.o
                0x000000000002c4d4                m_nrf_log_ble_nus_logs_data_const
 .log_const_data_clock
                0x000000000002c4dc        0x8 Output/ble_app_uart_pca10040_s132 Release/Obj/nrf_drv_clock.o
                0x000000000002c4dc                m_nrf_log_clock_logs_data_const
 .log_const_data_nrf_ble_gatt
                0x000000000002c4e4        0x8 Output/ble_app_uart_pca10040_s132 Release/Obj/nrf_ble_gatt.o
                0x000000000002c4e4                m_nrf_log_nrf_ble_gatt_logs_data_const
 .log_const_data_nrf_sdh
                0x000000000002c4ec        0x8 Output/ble_app_uart_pca10040_s132 Release/Obj/nrf_sdh.o
                0x000000000002c4ec                m_nrf_log_nrf_sdh_logs_data_const
 .log_const_data_nrf_sdh_ble
                0x000000000002c4f4        0x8 Output/ble_app_uart_pca10040_s132 Release/Obj/nrf_sdh_ble.o
                0x000000000002c4f4                m_nrf_log_nrf_sdh_ble_logs_data_const
 .log_const_data_nrf_sdh_soc
                0x000000000002c4fc        0x8 Output/ble_app_uart_pca10040_s132 Release/Obj/nrf_sdh_soc.o
                0x000000000002c4fc                m_nrf_log_nrf_sdh_soc_logs_data_const
 .log_const_data_pwr_mgmt
                0x000000000002c504        0x8 Output/ble_app_uart_pca10040_s132 Release/Obj/nrf_pwr_mgmt.o
                0x000000000002c504                m_nrf_log_pwr_mgmt_logs_data_const
                0x000000000002c50c                __log_const_data_end__ = (__log_const_data_start__ + SIZEOF (.log_const_data))
                0x0000000000000068                __log_const_data_size__ = SIZEOF (.log_const_data)
                0x000000000002c50c                __stop_log_const_data = __log_const_data_end__
                0x000000000002c50c                __log_const_data_load_end__ = __log_const_data_end__
                0x0000000000000001                . = ASSERT (((__log_const_data_start__ == __log_const_data_end__) || ((__log_const_data_end__ - __FLASH_segment_start__) <= __FLASH_segment_size__)), error: .log_const_data is too large to fit in FLASH memory segment)
                0x000000000002c50c                __log_backends_load_start__ = ALIGN (__log_const_data_end__, 0x4)

.log_backends   0x000000000002c50c       0x10
                0x000000000002c50c                __log_backends_start__ = .
                0x000000000002c50c                __start_log_backends = __log_backends_start__
 *(SORT_BY_NAME(.log_backends*))
 .log_backends  0x000000000002c50c       0x10 Output/ble_app_uart_pca10040_s132 Release/Obj/nrf_log_default_backends.o
                0x000000000002c51c                __log_backends_end__ = (__log_backends_start__ + SIZEOF (.log_backends))
                0x0000000000000010                __log_backends_size__ = SIZEOF (.log_backends)
                0x000000000002c51c                __stop_log_backends = __log_backends_end__
                0x000000000002c51c                __log_backends_load_end__ = __log_backends_end__
                0x0000000000000001                . = ASSERT (((__log_backends_start__ == __log_backends_end__) || ((__log_backends_end__ - __FLASH_segment_start__) <= __FLASH_segment_size__)), error: .log_backends is too large to fit in FLASH memory segment)
                0x000000000002c51c                __nrf_sections_load_start__ = ALIGN (__log_backends_end__, 0x4)

.nrf_sections   0x000000000002c51c        0x0
                0x000000000002c51c                __nrf_sections_start__ = .
                0x000000000002c51c                __start_nrf_sections = __nrf_sections_start__
 *(.nrf_sections .nrf_sections.*)
                0x000000000002c51c                __nrf_sections_end__ = (__nrf_sections_start__ + SIZEOF (.nrf_sections))
                0x0000000000000000                __nrf_sections_size__ = SIZEOF (.nrf_sections)
                0x000000000002c51c                __nrf_sections_load_end__ = __nrf_sections_end__
                0x0000000000000001                . = ASSERT (((__nrf_sections_start__ == __nrf_sections_end__) || ((__nrf_sections_end__ - __FLASH_segment_start__) <= __FLASH_segment_size__)), error: .nrf_sections is too large to fit in FLASH memory segment)
                0x000000000002c51c                __cli_sorted_cmd_ptrs_load_start__ = ALIGN (__nrf_sections_end__, 0x4)

.cli_sorted_cmd_ptrs
                0x0000000020002a98        0x0 load address 0x000000000002c51c
                0x0000000020002a98                __cli_sorted_cmd_ptrs_start__ = .
 *(.cli_sorted_cmd_ptrs*)
                0x0000000020002a98                __cli_sorted_cmd_ptrs_end__ = (__cli_sorted_cmd_ptrs_start__ + SIZEOF (.cli_sorted_cmd_ptrs))
                0x0000000000000000                __cli_sorted_cmd_ptrs_size__ = SIZEOF (.cli_sorted_cmd_ptrs)
                0x000000000002c51c                __cli_sorted_cmd_ptrs_load_end__ = (__cli_sorted_cmd_ptrs_load_start__ + SIZEOF (.cli_sorted_cmd_ptrs))
                0x0000000000000001                . = ASSERT (((__cli_sorted_cmd_ptrs_load_start__ == __cli_sorted_cmd_ptrs_load_end__) || ((__cli_sorted_cmd_ptrs_load_end__ - __FLASH_segment_start__) <= __FLASH_segment_size__)), error: .cli_sorted_cmd_ptrs is too large to fit in FLASH memory segment)

.cli_sorted_cmd_ptrs_run
                0x0000000020002a98        0x0
                0x0000000020002a98                __cli_sorted_cmd_ptrs_run_start__ = .
                0x0000000020002a98                __start_cli_sorted_cmd_ptrs = __cli_sorted_cmd_ptrs_run_start__
                0x0000000020002a98                . = MAX ((__cli_sorted_cmd_ptrs_run_start__ + SIZEOF (.cli_sorted_cmd_ptrs)), .)
                0x0000000020002a98                __cli_sorted_cmd_ptrs_run_end__ = (__cli_sorted_cmd_ptrs_run_start__ + SIZEOF (.cli_sorted_cmd_ptrs_run))
                0x0000000000000000                __cli_sorted_cmd_ptrs_run_size__ = SIZEOF (.cli_sorted_cmd_ptrs_run)
                0x0000000020002a98                __stop_cli_sorted_cmd_ptrs = __cli_sorted_cmd_ptrs_run_end__
                0x0000000020002a98                __cli_sorted_cmd_ptrs_run_load_end__ = __cli_sorted_cmd_ptrs_run_end__
                0x0000000000000001                . = ASSERT (((__cli_sorted_cmd_ptrs_run_start__ == __cli_sorted_cmd_ptrs_run_end__) || ((__cli_sorted_cmd_ptrs_run_end__ - __RAM_segment_start__) <= __RAM_segment_size__)), error: .cli_sorted_cmd_ptrs_run is too large to fit in RAM memory segment)
                0x000000000002c51c                __fs_data_load_start__ = ALIGN ((__cli_sorted_cmd_ptrs_load_start__ + SIZEOF (.cli_sorted_cmd_ptrs)), 0x4)

.fs_data        0x0000000020002a98        0x0 load address 0x000000000002c51c
                0x0000000020002a98                __fs_data_start__ = .
 *(.fs_data*)
                0x0000000020002a98                __fs_data_end__ = (__fs_data_start__ + SIZEOF (.fs_data))
                0x0000000000000000                __fs_data_size__ = SIZEOF (.fs_data)
                0x000000000002c51c                __fs_data_load_end__ = (__fs_data_load_start__ + SIZEOF (.fs_data))
                0x0000000000000001                . = ASSERT (((__fs_data_load_start__ == __fs_data_load_end__) || ((__fs_data_load_end__ - __FLASH_segment_start__) <= __FLASH_segment_size__)), error: .fs_data is too large to fit in FLASH memory segment)

.fs_data_run    0x0000000020002a98        0x0
                0x0000000020002a98                __fs_data_run_start__ = .
                0x0000000020002a98                __start_fs_data = __fs_data_run_start__
                0x0000000020002a98                . = MAX ((__fs_data_run_start__ + SIZEOF (.fs_data)), .)
                0x0000000020002a98                __fs_data_run_end__ = (__fs_data_run_start__ + SIZEOF (.fs_data_run))
                0x0000000000000000                __fs_data_run_size__ = SIZEOF (.fs_data_run)
                0x0000000020002a98                __stop_fs_data = __fs_data_run_end__
                0x0000000020002a98                __fs_data_run_load_end__ = __fs_data_run_end__
                0x0000000000000001                . = ASSERT (((__fs_data_run_start__ == __fs_data_run_end__) || ((__fs_data_run_end__ - __RAM_segment_start__) <= __RAM_segment_size__)), error: .fs_data_run is too large to fit in RAM memory segment)
                0x000000000002c51c                __log_dynamic_data_load_start__ = ALIGN ((__fs_data_load_start__ + SIZEOF (.fs_data)), 0x4)

.log_dynamic_data
                0x0000000020002a98        0x0 load address 0x000000000002c51c
                0x0000000020002a98                __log_dynamic_data_start__ = .
 *(SORT_BY_NAME(.log_dynamic_data*))
                0x0000000020002a98                __log_dynamic_data_end__ = (__log_dynamic_data_start__ + SIZEOF (.log_dynamic_data))
                0x0000000000000000                __log_dynamic_data_size__ = SIZEOF (.log_dynamic_data)
                0x000000000002c51c                __log_dynamic_data_load_end__ = (__log_dynamic_data_load_start__ + SIZEOF (.log_dynamic_data))
                0x0000000000000001                . = ASSERT (((__log_dynamic_data_load_start__ == __log_dynamic_data_load_end__) || ((__log_dynamic_data_load_end__ - __FLASH_segment_start__) <= __FLASH_segment_size__)), error: .log_dynamic_data is too large to fit in FLASH memory segment)

.log_dynamic_data_run
                0x0000000020002a98        0x0
                0x0000000020002a98                __log_dynamic_data_run_start__ = .
                0x0000000020002a98                __start_log_dynamic_data = __log_dynamic_data_run_start__
                0x0000000020002a98                . = MAX ((__log_dynamic_data_run_start__ + SIZEOF (.log_dynamic_data)), .)
                0x0000000020002a98                __log_dynamic_data_run_end__ = (__log_dynamic_data_run_start__ + SIZEOF (.log_dynamic_data_run))
                0x0000000000000000                __log_dynamic_data_run_size__ = SIZEOF (.log_dynamic_data_run)
                0x0000000020002a98                __stop_log_dynamic_data = __log_dynamic_data_run_end__
                0x0000000020002a98                __log_dynamic_data_run_load_end__ = __log_dynamic_data_run_end__
                0x0000000000000001                . = ASSERT (((__log_dynamic_data_run_start__ == __log_dynamic_data_run_end__) || ((__log_dynamic_data_run_end__ - __RAM_segment_start__) <= __RAM_segment_size__)), error: .log_dynamic_data_run is too large to fit in RAM memory segment)
                0x000000000002c51c                __log_filter_data_load_start__ = ALIGN ((__log_dynamic_data_load_start__ + SIZEOF (.log_dynamic_data)), 0x4)

.log_filter_data
                0x0000000020002a98        0x0 load address 0x000000000002c51c
                0x0000000020002a98                __log_filter_data_start__ = .
 *(SORT_BY_NAME(.log_filter_data*))
                0x0000000020002a98                __log_filter_data_end__ = (__log_filter_data_start__ + SIZEOF (.log_filter_data))
                0x0000000000000000                __log_filter_data_size__ = SIZEOF (.log_filter_data)
                0x000000000002c51c                __log_filter_data_load_end__ = (__log_filter_data_load_start__ + SIZEOF (.log_filter_data))
                0x0000000000000001                . = ASSERT (((__log_filter_data_load_start__ == __log_filter_data_load_end__) || ((__log_filter_data_load_end__ - __FLASH_segment_start__) <= __FLASH_segment_size__)), error: .log_filter_data is too large to fit in FLASH memory segment)

.log_filter_data_run
                0x0000000020002a98        0x0
                0x0000000020002a98                __log_filter_data_run_start__ = .
                0x0000000020002a98                __start_log_filter_data = __log_filter_data_run_start__
                0x0000000020002a98                . = MAX ((__log_filter_data_run_start__ + SIZEOF (.log_filter_data)), .)
                0x0000000020002a98                __log_filter_data_run_end__ = (__log_filter_data_run_start__ + SIZEOF (.log_filter_data_run))
                0x0000000000000000                __log_filter_data_run_size__ = SIZEOF (.log_filter_data_run)
                0x0000000020002a98                __stop_log_filter_data = __log_filter_data_run_end__
                0x0000000020002a98                __log_filter_data_run_load_end__ = __log_filter_data_run_end__
                0x0000000000000001                . = ASSERT (((__log_filter_data_run_start__ == __log_filter_data_run_end__) || ((__log_filter_data_run_end__ - __RAM_segment_start__) <= __RAM_segment_size__)), error: .log_filter_data_run is too large to fit in RAM memory segment)
                0x0000000020002a98                __nrf_sections_run_end_load_start__ = ALIGN (__log_filter_data_run_end__, 0x4)

.nrf_sections_run_end
                0x0000000020002a98        0x0
                0x0000000020002a98                __nrf_sections_run_end_start__ = .
                0x0000000020002a98                __end_nrf_sections_run = __nrf_sections_run_end_start__
 *(.nrf_sections_run_end .nrf_sections_run_end.*)
                0x0000000020002a98                __nrf_sections_run_end_end__ = (__nrf_sections_run_end_start__ + SIZEOF (.nrf_sections_run_end))
                0x0000000000000000                __nrf_sections_run_end_size__ = SIZEOF (.nrf_sections_run_end)
                0x0000000020002a98                __nrf_sections_run_end_load_end__ = __nrf_sections_run_end_end__
                0x0000000000000001                . = ASSERT (((__nrf_sections_run_end_start__ == __nrf_sections_run_end_end__) || ((__nrf_sections_run_end_end__ - __RAM_segment_start__) <= __RAM_segment_size__)), error: .nrf_sections_run_end is too large to fit in RAM memory segment)
                0x000000000002c51c                __dtors_load_start__ = ALIGN ((__log_filter_data_load_start__ + SIZEOF (.log_filter_data)), 0x4)

.dtors          0x000000000002c51c        0x0
                0x000000000002c51c                __dtors_start__ = .
 *(SORT_BY_NAME(.dtors.*))
 *(.dtors)
 *(.fini_array)
 *(SORT_BY_NAME(.fini_array.*))
                0x000000000002c51c                __dtors_end__ = (__dtors_start__ + SIZEOF (.dtors))
                0x0000000000000000                __dtors_size__ = SIZEOF (.dtors)