Archive member included to satisfy reference by file (symbol)

C:/Program Files/SEGGER/SEGGER Embedded Studio for ARM 4.42a/lib/libc_v7em_fpv4_sp_d16_hard_t_le_eabi.a(libc_asm.o)
                              Output/nrf52832_bno055_ble_s132 Release/Obj/bsp.o (__aeabi_uldivmod)
C:/Program Files/SEGGER/SEGGER Embedded Studio for ARM 4.42a/lib/libc_v7em_fpv4_sp_d16_hard_t_le_eabi.a(libc2.o)
                              Output/nrf52832_bno055_ble_s132 Release/Obj/nrf_log_str_formatter.o (isprint)
C:/Program Files/SEGGER/SEGGER Embedded Studio for ARM 4.42a/lib/libc_v7em_fpv4_sp_d16_hard_t_le_eabi.a(libc2_asm.o)
                              Output/nrf52832_bno055_ble_s132 Release/Obj/nrf_log_frontend.o (memcpy)
C:/Program Files/SEGGER/SEGGER Embedded Studio for ARM 4.42a/lib/libc_v7em_fpv4_sp_d16_hard_t_le_eabi.a(libc.o)
                              C:/Program Files/SEGGER/SEGGER Embedded Studio for ARM 4.42a/lib/libc_v7em_fpv4_sp_d16_hard_t_le_eabi.a(libc2.o) (__heap_lock)
C:/Program Files/SEGGER/SEGGER Embedded Studio for ARM 4.42a/lib/libdebugio_v7em_fpv4_sp_d16_hard_t_le_eabi.a(libdebugio.o)
                              Output/nrf52832_bno055_ble_s132 Release/Obj/thumb_crt0.o (debug_fopen)
C:/Program Files/SEGGER/SEGGER Embedded Studio for ARM 4.42a/lib/libdebugio_mempoll_v7em_fpv4_sp_d16_hard_t_le_eabi.a(mempoll_debug_operations.o)
                              C:/Program Files/SEGGER/SEGGER Embedded Studio for ARM 4.42a/lib/libdebugio_v7em_fpv4_sp_d16_hard_t_le_eabi.a(libdebugio.o) (__do_debug_operation)
C:/Program Files/SEGGER/SEGGER Embedded Studio for ARM 4.42a/lib/libdebugio_mempoll_v7em_fpv4_sp_d16_hard_t_le_eabi.a(do_nv_debug_operation.o)
                              C:/Program Files/SEGGER/SEGGER Embedded Studio for ARM 4.42a/lib/libdebugio_v7em_fpv4_sp_d16_hard_t_le_eabi.a(libdebugio.o) (__do_nvdebug_operation)
C:/Program Files/SEGGER/SEGGER Embedded Studio for ARM 4.42a/lib/libm_v7em_fpv4_sp_d16_hard_t_le_eabi.a(libm_asm.o)
                              C:/Program Files/SEGGER/SEGGER Embedded Studio for ARM 4.42a/lib/libc_v7em_fpv4_sp_d16_hard_t_le_eabi.a(libc2.o) (__aeabi_dadd)
C:/Program Files/SEGGER/SEGGER Embedded Studio for ARM 4.42a/lib/libm_v7em_fpv4_sp_d16_hard_t_le_eabi.a(libm2.o)
                              C:/Program Files/SEGGER/SEGGER Embedded Studio for ARM 4.42a/lib/libvfprintf_v7em_fpv4_sp_d16_hard_t_le_eabi.o (frexp)

Discarded input sections

 .text          0x0000000000000000        0x0 Output/nrf52832_bno055_ble_s132 Release/Obj/thumb_crt0.o
 .data          0x0000000000000000        0x0 Output/nrf52832_bno055_ble_s132 Release/Obj/thumb_crt0.o
 .bss           0x0000000000000000        0x0 Output/nrf52832_bno055_ble_s132 Release/Obj/thumb_crt0.o
 .text.__aeabi_read_tp
                0x0000000000000000        0x8 Output/nrf52832_bno055_ble_s132 Release/Obj/thumb_crt0.o
 .text.abort    0x0000000000000000        0x2 Output/nrf52832_bno055_ble_s132 Release/Obj/thumb_crt0.o
 .text.__assert
                0x0000000000000000        0x2 Output/nrf52832_bno055_ble_s132 Release/Obj/thumb_crt0.o
 .text.__aeabi_assert
                0x0000000000000000        0x2 Output/nrf52832_bno055_ble_s132 Release/Obj/thumb_crt0.o
 .text.__sync_synchronize
                0x0000000000000000        0x2 Output/nrf52832_bno055_ble_s132 Release/Obj/thumb_crt0.o
 .text.__getchar
                0x0000000000000000        0x4 Output/nrf52832_bno055_ble_s132 Release/Obj/thumb_crt0.o
 .text.__putchar
                0x0000000000000000        0x4 Output/nrf52832_bno055_ble_s132 Release/Obj/thumb_crt0.o
 .text.__open   0x0000000000000000        0x4 Output/nrf52832_bno055_ble_s132 Release/Obj/thumb_crt0.o
 .text.__close  0x0000000000000000        0x4 Output/nrf52832_bno055_ble_s132 Release/Obj/thumb_crt0.o
 .text.__write  0x0000000000000000        0xa Output/nrf52832_bno055_ble_s132 Release/Obj/thumb_crt0.o
 .text.__read   0x0000000000000000        0xa Output/nrf52832_bno055_ble_s132 Release/Obj/thumb_crt0.o
 .text.__seek   0x0000000000000000       0x1a Output/nrf52832_bno055_ble_s132 Release/Obj/thumb_crt0.o
 .bss.__user_locale_name_buffer
                0x0000000000000000        0x4 Output/nrf52832_bno055_ble_s132 Release/Obj/thumb_crt0.o
 .stack         0x0000000000000000        0x0 Output/nrf52832_bno055_ble_s132 Release/Obj/thumb_crt0.o
 .stack_process
                0x0000000000000000        0x0 Output/nrf52832_bno055_ble_s132 Release/Obj/thumb_crt0.o
 .heap          0x0000000000000000        0x0 Output/nrf52832_bno055_ble_s132 Release/Obj/thumb_crt0.o
 .group         0x0000000000000000        0xc Output/nrf52832_bno055_ble_s132 Release/Obj/nrf_log_backend_rtt.o
 .group         0x0000000000000000        0xc Output/nrf52832_bno055_ble_s132 Release/Obj/nrf_log_backend_rtt.o
 .group         0x0000000000000000        0xc Output/nrf52832_bno055_ble_s132 Release/Obj/nrf_log_backend_rtt.o
 .group         0x0000000000000000        0xc Output/nrf52832_bno055_ble_s132 Release/Obj/nrf_log_backend_rtt.o
[...]
Memory Configuration

Name             Origin             Length             Attributes
UNPLACED_SECTIONS 0x0000000100000000 0x0000000000000000 xw
RAM              0x0000000020000000 0x0000000000010000 xw
FLASH            0x0000000000000000 0x0000000000080000 xw
*default*        0x0000000000000000 0xffffffffffffffff

Linker script and memory map

                0x000000000002bbe0                __vfprintf = __vfprintf_long
                0x0000000000000000                __vfscanf = __vfscanf_int
                0x0000000020000000                __RAM_segment_start__ = 0x20000000
                0x0000000020010000                __RAM_segment_end__ = 0x20010000
                0x0000000000010000                __RAM_segment_size__ = 0x10000
                0x0000000000000000                __FLASH_segment_start__ = 0x0
                0x0000000000080000                __FLASH_segment_end__ = 0x80000
                0x0000000000080000                __FLASH_segment_size__ = 0x80000
                0x0000000000002000                __HEAPSIZE__ = 0x2000
                0x0000000000000000                __STACKSIZE_PROCESS__ = 0x0
                0x0000000000002000                __STACKSIZE__ = 0x2000
                0x0000000020000000                __reserved_ram_load_start__ = 0x20000000

.reserved_ram   0x0000000020000000     0x2a98
                0x0000000020000000                __reserved_ram_start__ = .
 *(.reserved_ram .reserved_ram.*)
                0x0000000020002a98                . = MAX (((__reserved_ram_start__ + 0x20002a98) - 0x20000000), .)
 *fill*         0x0000000020000000     0x2a98 
                0x0000000020002a98                __reserved_ram_end__ = (__reserved_ram_start__ + SIZEOF (.reserved_ram))
                0x0000000000002a98                __reserved_ram_size__ = SIZEOF (.reserved_ram)
                0x0000000020002a98                __reserved_ram_load_end__ = __reserved_ram_end__
                0x0000000000000001                . = ASSERT (((__reserved_ram_start__ == __reserved_ram_end__) || ((__reserved_ram_end__ - __RAM_segment_start__) <= __RAM_segment_size__)), error: .reserved_ram is too large to fit in RAM memory segment)
                0x0000000020002a98                __vectors_ram_load_start__ = 0x20002a98

.vectors_ram    0x0000000020002a98        0x0
                0x0000000020002a98                __vectors_ram_start__ = .
                0x0000000020002a98                __app_ram_start__ = __vectors_ram_start__
 *(.vectors_ram .vectors_ram.*)
                0x0000000020002a98                __vectors_ram_end__ = (__vectors_ram_start__ + SIZEOF (.vectors_ram))
                0x0000000000000000                __vectors_ram_size__ = SIZEOF (.vectors_ram)
                0x0000000020002a98                __vectors_ram_load_end__ = __vectors_ram_end__
                0x0000000000000001                . = ASSERT (((__vectors_ram_start__ == __vectors_ram_end__) || ((__vectors_ram_end__ - __RAM_segment_start__) <= __RAM_segment_size__)), error: .vectors_ram is too large to fit in RAM memory segment)
                0x0000000000000001                . = ASSERT ((__reserved_ram_end__ <= __vectors_ram_start__), error: section .reserved_ram overlaps absolute placed section .vectors_ram)
                0x0000000020002a98                __nrf_sections_run_load_start__ = ALIGN (__vectors_ram_end__, 0x4)

.nrf_sections_run
                0x0000000020002a98        0x0
                0x0000000020002a98                __nrf_sections_run_start__ = .
                0x0000000020002a98                __start_nrf_sections_run = __nrf_sections_run_start__
 *(.nrf_sections_run .nrf_sections_run.*)
                0x0000000020002a98                __nrf_sections_run_end__ = (__nrf_sections_run_start__ + SIZEOF (.nrf_sections_run))
                0x0000000000000000                __nrf_sections_run_size__ = SIZEOF (.nrf_sections_run)
                0x0000000020002a98                __nrf_sections_run_load_end__ = __nrf_sections_run_end__
                0x0000000000000001                . = ASSERT (((__nrf_sections_run_start__ == __nrf_sections_run_end__) || ((__nrf_sections_run_end__ - __RAM_segment_start__) <= __RAM_segment_size__)), error: .nrf_sections_run is too large to fit in RAM memory segment)
                0x0000000000000000                __reserved_flash_load_start__ = 0x0

.reserved_flash
                0x0000000000000000    0x26000
                0x0000000000000000                __reserved_flash_start__ = .
 *(.reserved_flash .reserved_flash.*)
                0x0000000000026000                . = MAX (((__reserved_flash_start__ + 0x26000) - 0x0), .)
 *fill*         0x0000000000000000    0x26000 
                0x0000000000026000                __reserved_flash_end__ = (__reserved_flash_start__ + SIZEOF (.reserved_flash))
                0x0000000000026000                __reserved_flash_size__ = SIZEOF (.reserved_flash)
                0x0000000000026000                __reserved_flash_load_end__ = __reserved_flash_end__
                0x0000000000000001                . = ASSERT (((__reserved_flash_start__ == __reserved_flash_end__) || ((__reserved_flash_end__ - __FLASH_segment_start__) <= __FLASH_segment_size__)), error: .reserved_flash is too large to fit in FLASH memory segment)
                0x0000000000026000                __vectors_load_start__ = 0x26000

.vectors        0x0000000000026000      0x200
                0x0000000000026000                __vectors_start__ = .
 *(.vectors .vectors.*)
 .vectors       0x0000000000026000      0x200 Output/nrf52832_bno055_ble_s132 Release/Obj/ses_startup_nrf52.o
                0x0000000000026000                _vectors
                0x0000000000026200                __vectors_end__ = (__vectors_start__ + SIZEOF (.vectors))
                0x0000000000000200                __vectors_size__ = SIZEOF (.vectors)
                0x0000000000026200                __vectors_load_end__ = __vectors_end__
                0x0000000000000001                . = ASSERT (((__vectors_start__ == __vectors_end__) || ((__vectors_end__ - __FLASH_segment_start__) <= __FLASH_segment_size__)), error: .vectors is too large to fit in FLASH memory segment)
                0x0000000000000001                . = ASSERT ((__reserved_flash_end__ <= __vectors_start__), error: section .reserved_flash overlaps absolute placed section .vectors)
                0x0000000000026200                __init_load_start__ = ALIGN (__vectors_end__, 0x4)

.init           0x0000000000026200      0x1d4
                0x0000000000026200                __init_start__ = .
 *(.init .init.*)
 .init          0x0000000000026200      0x15c Output/nrf52832_bno055_ble_s132 Release/Obj/thumb_crt0.o
                0x0000000000026200                _start
                0x00000000000262b4                exit
 .init          0x000000000002635c       0x18 Output/nrf52832_bno055_ble_s132 Release/Obj/ses_startup_nrf52.o
                0x000000000002635c                NMI_Handler
                0x000000000002635e                HardFault_Handler
                0x0000000000026360                MemoryManagement_Handler
                0x0000000000026362                BusFault_Handler
                0x0000000000026364                UsageFault_Handler
                0x0000000000026366                SVC_Handler
                0x0000000000026368                DebugMon_Handler
                0x000000000002636a                PendSV_Handler
                0x000000000002636c                SysTick_Handler
                0x000000000002636e                RADIO_IRQHandler
                0x000000000002636e                PDM_IRQHandler
                0x000000000002636e                TEMP_IRQHandler
                0x000000000002636e                QDEC_IRQHandler
                0x000000000002636e                TIMER3_IRQHandler
                0x000000000002636e                FPU_IRQHandler
                0x000000000002636e                RTC0_IRQHandler
                0x000000000002636e                PWM1_IRQHandler
                0x000000000002636e                TIMER4_IRQHandler
                0x000000000002636e                I2S_IRQHandler
                0x000000000002636e                SWI4_EGU4_IRQHandler
                0x000000000002636e                TIMER0_IRQHandler
                0x000000000002636e                Dummy_Handler
                0x000000000002636e                TIMER1_IRQHandler
                0x000000000002636e                PWM2_IRQHandler
                0x000000000002636e                ECB_IRQHandler
                0x000000000002636e                SPIM1_SPIS1_TWIM1_TWIS1_SPI1_TWI1_IRQHandler
                0x000000000002636e                SAADC_IRQHandler
                0x000000000002636e                CCM_AAR_IRQHandler
                0x000000000002636e                WDT_IRQHandler
                0x000000000002636e                SPIM0_SPIS0_TWIM0_TWIS0_SPI0_TWI0_IRQHandler
                0x000000000002636e                SWI5_EGU5_IRQHandler
                0x000000000002636e                RNG_IRQHandler
                0x000000000002636e                RTC2_IRQHandler
                0x000000000002636e                PWM0_IRQHandler
                0x000000000002636e                SWI3_EGU3_IRQHandler
                0x000000000002636e                SWI1_EGU1_IRQHandler
                0x000000000002636e                SPIM2_SPIS2_SPI2_IRQHandler
                0x000000000002636e                NFCT_IRQHandler
                0x000000000002636e                TIMER2_IRQHandler
                0x000000000002636e                MWU_IRQHandler
                0x000000000002636e                COMP_LPCOMP_IRQHandler
                0x0000000000026370                nRFInitialize
 .init          0x0000000000026374       0x60 Output/nrf52832_bno055_ble_s132 Release/Obj/ses_startup_nrf_common.o
                0x0000000000026374                Reset_Handler
                0x000000000002639c                InitializeUserMemorySections
                0x00000000000263d4                __init_end__ = (__init_start__ + SIZEOF (.init))
                0x00000000000001d4                __init_size__ = SIZEOF (.init)
                0x00000000000263d4                __init_load_end__ = __init_end__
                0x0000000000000001                . = ASSERT (((__init_start__ == __init_end__) || ((__init_end__ - __FLASH_segment_start__) <= __FLASH_segment_size__)), error: .init is too large to fit in FLASH memory segment)
                0x00000000000263d4                __init_rodata_load_start__ = ALIGN (__init_end__, 0x4)

.init_rodata    0x00000000000263d4        0x0
                0x00000000000263d4                __init_rodata_start__ = .
 *(.init_rodata .init_rodata.*)
                0x00000000000263d4                __init_rodata_end__ = (__init_rodata_start__ + SIZEOF (.init_rodata))
                0x0000000000000000                __init_rodata_size__ = SIZEOF (.init_rodata)
                0x00000000000263d4                __init_rodata_load_end__ = __init_rodata_end__
                0x0000000000000001                . = ASSERT (((__init_rodata_start__ == __init_rodata_end__) || ((__init_rodata_end__ - __FLASH_segment_start__) <= __FLASH_segment_size__)), error: .init_rodata is too large to fit in FLASH memory segment)
                0x00000000000263d4                __text_load_start__ = ALIGN (__init_rodata_end__, 0x4)

.text           0x00000000000263d4     0x5e70
                0x00000000000263d4                __text_start__ = .
 *(.text .text.* .glue_7t .glue_7 .gnu.linkonce.t.* .gcc_except_table .ARM.extab* .gnu.linkonce.armextab.*)
 .glue_7        0x00000000000263d4        0x0 linker stubs
 .glue_7t       0x00000000000263d4        0x0 linker stubs
 .text.nrf_log_backend_rtt_flush
                0x00000000000263d4        0x2 Output/nrf52832_bno055_ble_s132 Release/Obj/nrf_log_backend_rtt.o
 *fill*         0x00000000000263d6        0x2 
 .text.nrf_log_backend_rtt_put
                0x00000000000263d8       0x1c Output/nrf52832_bno055_ble_s132 Release/Obj/nrf_log_backend_rtt.o
 .text.serial_tx
                0x00000000000263f4       0x50 Output/nrf52832_bno055_ble_s132 Release/Obj/nrf_log_backend_rtt.o
 .text.nrf_log_backend_rtt_panic_set
                0x0000000000026444        0x2 Output/nrf52832_bno055_ble_s132 Release/Obj/nrf_log_backend_rtt.o
 .text.nrf_log_backend_rtt_init
                0x0000000000026446        0x4 Output/nrf52832_bno055_ble_s132 Release/Obj/nrf_log_backend_rtt.o
                0x0000000000026446                nrf_log_backend_rtt_init
 .text.nrf_log_backend_serial_put
                0x000000000002644a       0xc2 Output/nrf52832_bno055_ble_s132 Release/Obj/nrf_log_backend_serial.o
                0x000000000002644a                nrf_log_backend_serial_put
 .text.nrf_log_default_backends_init
                0x000000000002650c       0x20 Output/nrf52832_bno055_ble_s132 Release/Obj/nrf_log_default_backends.o
                0x000000000002650c                nrf_log_default_backends_init
 .text.invalid_packets_omit
                0x000000000002652c       0x3a Output/nrf52832_bno055_ble_s132 Release/Obj/nrf_log_frontend.o
 *fill*         0x0000000000026566        0x2 
 .text.buf_prealloc
                0x0000000000026568      0x138 Output/nrf52832_bno055_ble_s132 Release/Obj/nrf_log_frontend.o
 .text.nrf_log_init
                0x00000000000266a0       0x3c Output/nrf52832_bno055_ble_s132 Release/Obj/nrf_log_frontend.o
                0x00000000000266a0                nrf_log_init
 .text.nrf_log_module_name_get
                0x00000000000266dc       0x38 Output/nrf52832_bno055_ble_s132 Release/Obj/nrf_log_frontend.o
                0x00000000000266dc                nrf_log_module_name_get
 .text.nrf_log_color_id_get
                0x0000000000026714       0x2c Output/nrf52832_bno055_ble_s132 Release/Obj/nrf_log_frontend.o
                0x0000000000026714                nrf_log_color_id_get
 .text.buffer_is_empty
                0x0000000000026740       0x14 Output/nrf52832_bno055_ble_s132 Release/Obj/nrf_log_frontend.o
                0x0000000000026740                buffer_is_empty
 .text.nrf_log_frontend_dequeue
                0x0000000000026754      0x220 Output/nrf52832_bno055_ble_s132 Release/Obj/nrf_log_frontend.o
                0x0000000000026754                nrf_log_frontend_dequeue
 .text.std_n    0x0000000000026974       0x98 Output/nrf52832_bno055_ble_s132 Release/Obj/nrf_log_frontend.o
 .text.nrf_log_frontend_std_0
                0x0000000000026a0c        0x8 Output/nrf52832_bno055_ble_s132 Release/Obj/nrf_log_frontend.o
                0x0000000000026a0c                nrf_log_frontend_std_0
 .text.nrf_log_frontend_std_1
                0x0000000000026a14       0x12 Output/nrf52832_bno055_ble_s132 Release/Obj/nrf_log_frontend.o
                0x0000000000026a14                nrf_log_frontend_std_1
 .text.nrf_log_frontend_std_2
                0x0000000000026a26       0x14 Output/nrf52832_bno055_ble_s132 Release/Obj/nrf_log_frontend.o
                0x0000000000026a26                nrf_log_frontend_std_2
 *fill*         0x0000000000026a3a        0x2 
 .text.nrf_log_backend_add
                0x0000000000026a3c       0x44 Output/nrf52832_bno055_ble_s132 Release/Obj/nrf_log_frontend.o
                0x0000000000026a3c                nrf_log_backend_add
 .text.nrf_log_panic
                0x0000000000026a80       0x2c Output/nrf52832_bno055_ble_s132 Release/Obj/nrf_log_frontend.o
                0x0000000000026a80                nrf_log_panic
 .text.postfix_process
                0x0000000000026aac       0x44 Output/nrf52832_bno055_ble_s132 Release/Obj/nrf_log_str_formatter.o
 .text.prefix_process
                0x0000000000026af0       0x7c Output/nrf52832_bno055_ble_s132 Release/Obj/nrf_log_str_formatter.o
 .text.nrf_log_std_entry_process
                0x0000000000026b6c       0xc8 Output/nrf52832_bno055_ble_s132 Release/Obj/nrf_log_str_formatter.o
                0x0000000000026b6c                nrf_log_std_entry_process
 .text.nrf_log_hexdump_entry_process
                0x0000000000026c34       0xb4 Output/nrf52832_bno055_ble_s132 Release/Obj/nrf_log_str_formatter.o
                0x0000000000026c34                nrf_log_hexdump_entry_process
 .text.detection_delay_timeout_handler
                0x0000000000026ce8       0xf0 Output/nrf52832_bno055_ble_s132 Release/Obj/app_button.o
 .text.gpiote_event_handler
                0x0000000000026dd8       0x90 Output/nrf52832_bno055_ble_s132 Release/Obj/app_button.o
 .text.app_button_init
                0x0000000000026e68       0xa8 Output/nrf52832_bno055_ble_s132 Release/Obj/app_button.o
                0x0000000000026e68                app_button_init
 .text.app_button_enable
                0x0000000000026f10       0x2c Output/nrf52832_bno055_ble_s132 Release/Obj/app_button.o
                0x0000000000026f10                app_button_enable
 .text.app_error_handler_bare
                0x0000000000026f3c       0x1a Output/nrf52832_bno055_ble_s132 Release/Obj/app_error.o
                0x0000000000026f3c                app_error_handler_bare
 *fill*         0x0000000000026f56        0x2 
 .text.app_error_fault_handler
                0x0000000000026f58       0x70 Output/nrf52832_bno055_ble_s132 Release/Obj/app_error_weak.o
                0x0000000000026f58                app_error_fault_handler
 .text.app_fifo_init
                0x0000000000026fc8       0x1e Output/nrf52832_bno055_ble_s132 Release/Obj/app_fifo.o
                0x0000000000026fc8                app_fifo_init
 .text.app_fifo_put
                0x0000000000026fe6       0x24 Output/nrf52832_bno055_ble_s132 Release/Obj/app_fifo.o
                0x0000000000026fe6                app_fifo_put
 .text.app_fifo_get
                0x000000000002700a       0x22 Output/nrf52832_bno055_ble_s132 Release/Obj/app_fifo.o
                0x000000000002700a                app_fifo_get
 .text.user_op_alloc
                0x000000000002702c       0x2c Output/nrf52832_bno055_ble_s132 Release/Obj/app_timer.o
 .text.timer_stop_op_schedule
                0x0000000000027058       0x50 Output/nrf52832_bno055_ble_s132 Release/Obj/app_timer.o
 .text.nrfx_coredep_delay_us.part.0.constprop.0
                0x00000000000270a8       0x10 Output/nrf52832_bno055_ble_s132 Release/Obj/app_timer.o
 .text.rtc1_stop
                0x00000000000270b8       0x44 Output/nrf52832_bno055_ble_s132 Release/Obj/app_timer.o
 .text.RTC1_IRQHandler
                0x00000000000270fc       0x9c Output/nrf52832_bno055_ble_s132 Release/Obj/app_timer.o
                0x00000000000270fc                RTC1_IRQHandler
 .text.SWI0_EGU0_IRQHandler
                0x0000000000027198      0x2bc Output/nrf52832_bno055_ble_s132 Release/Obj/app_timer.o
                0x0000000000027198                SWI0_EGU0_IRQHandler
 .text.app_timer_init
                0x0000000000027454       0x60 Output/nrf52832_bno055_ble_s132 Release/Obj/app_timer.o
                0x0000000000027454                app_timer_init
 .text.app_timer_create
                0x00000000000274b4       0x24 Output/nrf52832_bno055_ble_s132 Release/Obj/app_timer.o
                0x00000000000274b4                app_timer_create
 .text.app_timer_start
                0x00000000000274d8       0x90 Output/nrf52832_bno055_ble_s132 Release/Obj/app_timer.o
                0x00000000000274d8                app_timer_start
 .text.app_timer_stop
                0x0000000000027568       0x20 Output/nrf52832_bno055_ble_s132 Release/Obj/app_timer.o
                0x0000000000027568                app_timer_stop
 .text.nrf_drv_uart_rx.constprop.0
                0x0000000000027588       0x28 Output/nrf52832_bno055_ble_s132 Release/Obj/app_uart_fifo.o
 .text.nrf_drv_uart_tx.constprop.0
                0x00000000000275b0       0x28 Output/nrf52832_bno055_ble_s132 Release/Obj/app_uart_fifo.o
 .text.uart_event_handler
                0x00000000000275d8       0x98 Output/nrf52832_bno055_ble_s132 Release/Obj/app_uart_fifo.o
 .text.app_uart_init
                0x0000000000027670       0xb0 Output/nrf52832_bno055_ble_s132 Release/Obj/app_uart_fifo.o
                0x0000000000027670                app_uart_init
 .text.app_uart_get
                0x0000000000027720       0x2c Output/nrf52832_bno055_ble_s132 Release/Obj/app_uart_fifo.o
                0x0000000000027720                app_uart_get
 .text.app_uart_put
                0x000000000002774c       0x50 Output/nrf52832_bno055_ble_s132 Release/Obj/app_uart_fifo.o
                0x000000000002774c                app_uart_put
 .text.app_util_critical_region_enter
                0x000000000002779c       0x48 Output/nrf52832_bno055_ble_s132 Release/Obj/app_util_platform.o
                0x000000000002779c                app_util_critical_region_enter
 .text.app_util_critical_region_exit
                0x00000000000277e4       0x2c Output/nrf52832_bno055_ble_s132 Release/Obj/app_util_platform.o
                0x00000000000277e4                app_util_critical_region_exit
 .text.nrf_atflags_set
                0x0000000000027810       0x12 Output/nrf52832_bno055_ble_s132 Release/Obj/nrf_atflags.o
                0x0000000000027810                nrf_atflags_set
 .text.nrf_atflags_clear
                0x0000000000027822       0x14 Output/nrf52832_bno055_ble_s132 Release/Obj/nrf_atflags.o
                0x0000000000027822                nrf_atflags_clear
 .text.nrf_atflags_get
                0x0000000000027836       0x12 Output/nrf52832_bno055_ble_s132 Release/Obj/nrf_atflags.o
                0x0000000000027836                nrf_atflags_get
 .text.nrf_atomic_u32_fetch_store
                0x0000000000027848       0x16 Output/nrf52832_bno055_ble_s132 Release/Obj/nrf_atomic.o
                0x0000000000027848                nrf_atomic_u32_fetch_store
 .text.nrf_atomic_u32_or
                0x000000000002785e       0x18 Output/nrf52832_bno055_ble_s132 Release/Obj/nrf_atomic.o
                0x000000000002785e                nrf_atomic_u32_or
 .text.nrf_atomic_u32_fetch_and
                0x0000000000027876       0x18 Output/nrf52832_bno055_ble_s132 Release/Obj/nrf_atomic.o
                0x0000000000027876                nrf_atomic_u32_fetch_and
 .text.nrf_atomic_u32_and
                0x000000000002788e       0x18 Output/nrf52832_bno055_ble_s132 Release/Obj/nrf_atomic.o
                0x000000000002788e                nrf_atomic_u32_and
 .text.nrf_atomic_u32_add
                0x00000000000278a6       0x18 Output/nrf52832_bno055_ble_s132 Release/Obj/nrf_atomic.o
                0x00000000000278a6                nrf_atomic_u32_add
 .text.nrf_atomic_u32_sub
                0x00000000000278be       0x18 Output/nrf52832_bno055_ble_s132 Release/Obj/nrf_atomic.o
                0x00000000000278be                nrf_atomic_u32_sub
 .text.nrf_atomic_flag_set
                0x00000000000278d6        0x6 Output/nrf52832_bno055_ble_s132 Release/Obj/nrf_atomic.o
                0x00000000000278d6                nrf_atomic_flag_set
 .text.nrf_atomic_flag_clear_fetch
                0x00000000000278dc        0x6 Output/nrf52832_bno055_ble_s132 Release/Obj/nrf_atomic.o
                0x00000000000278dc                nrf_atomic_flag_clear_fetch
 .text.nrf_balloc_init
                0x00000000000278e2       0x2e Output/nrf52832_bno055_ble_s132 Release/Obj/nrf_balloc.o
                0x00000000000278e2                nrf_balloc_init
 .text.nrf_balloc_alloc
                0x0000000000027910       0x48 Output/nrf52832_bno055_ble_s132 Release/Obj/nrf_balloc.o
                0x0000000000027910                nrf_balloc_alloc
 .text.nrf_balloc_free
                0x0000000000027958       0x34 Output/nrf52832_bno055_ble_s132 Release/Obj/nrf_balloc.o
                0x0000000000027958                nrf_balloc_free
 .text.nrf_fprintf_buffer_flush
                0x000000000002798c       0x16 Output/nrf52832_bno055_ble_s132 Release/Obj/nrf_fprintf.o
                0x000000000002798c                nrf_fprintf_buffer_flush
 .text.nrf_fprintf
                0x00000000000279a2       0x1c Output/nrf52832_bno055_ble_s132 Release/Obj/nrf_fprintf.o
                0x00000000000279a2                nrf_fprintf
 .text.buffer_add
                0x00000000000279be       0x1e Output/nrf52832_bno055_ble_s132 Release/Obj/nrf_fprintf_format.o
 .text.unsigned_print
                0x00000000000279dc       0xb4 Output/nrf52832_bno055_ble_s132 Release/Obj/nrf_fprintf_format.o
 .text.nrf_fprintf_fmt
                0x0000000000027a90      0x29c Output/nrf52832_bno055_ble_s132 Release/Obj/nrf_fprintf_format.o
                0x0000000000027a90                nrf_fprintf_fmt
 .text.memobj_op
                0x0000000000027d2c       0x86 Output/nrf52832_bno055_ble_s132 Release/Obj/nrf_memobj.o
 .text.nrf_memobj_pool_init
                0x0000000000027db2        0x4 Output/nrf52832_bno055_ble_s132 Release/Obj/nrf_memobj.o
                0x0000000000027db2                nrf_memobj_pool_init
 .text.nrf_memobj_free
                0x0000000000027db6       0x2c Output/nrf52832_bno055_ble_s132 Release/Obj/nrf_memobj.o
                0x0000000000027db6                nrf_memobj_free
 .text.nrf_memobj_alloc
                0x0000000000027de2       0x5e Output/nrf52832_bno055_ble_s132 Release/Obj/nrf_memobj.o
                0x0000000000027de2                nrf_memobj_alloc
 .text.nrf_memobj_get
                0x0000000000027e40        0x8 Output/nrf52832_bno055_ble_s132 Release/Obj/nrf_memobj.o
                0x0000000000027e40                nrf_memobj_get
 .text.nrf_memobj_put
                0x0000000000027e48       0x1e Output/nrf52832_bno055_ble_s132 Release/Obj/nrf_memobj.o
                0x0000000000027e48                nrf_memobj_put
 .text.nrf_memobj_write
                0x0000000000027e66       0x14 Output/nrf52832_bno055_ble_s132 Release/Obj/nrf_memobj.o
                0x0000000000027e66                nrf_memobj_write
 .text.nrf_memobj_read
                0x0000000000027e7a       0x14 Output/nrf52832_bno055_ble_s132 Release/Obj/nrf_memobj.o
                0x0000000000027e7a                nrf_memobj_read
 *fill*         0x0000000000027e8e        0x2 
 .text.nrf_pwr_mgmt_init
                0x0000000000027e90       0x2c Output/nrf52832_bno055_ble_s132 Release/Obj/nrf_pwr_mgmt.o
                0x0000000000027e90                nrf_pwr_mgmt_init
 .text.nrf_ringbuf_init
                0x0000000000027ebc       0x12 Output/nrf52832_bno055_ble_s132 Release/Obj/nrf_ringbuf.o
                0x0000000000027ebc                nrf_ringbuf_init
 .text.nrf_section_iter_init
                0x0000000000027ece       0x14 Output/nrf52832_bno055_ble_s132 Release/Obj/nrf_section_iter.o
                0x0000000000027ece                nrf_section_iter_init
 .text.nrf_section_iter_next
                0x0000000000027ee2       0x18 Output/nrf52832_bno055_ble_s132 Release/Obj/nrf_section_iter.o
                0x0000000000027ee2                nrf_section_iter_next
 *fill*         0x0000000000027efa        0x2 
 .text.nrf_strerror_find
                0x0000000000027efc       0x3c Output/nrf52832_bno055_ble_s132 Release/Obj/nrf_strerror.o
                0x0000000000027efc                nrf_strerror_find
 .text.nrf_strerror_get
                0x0000000000027f38       0x14 Output/nrf52832_bno055_ble_s132 Release/Obj/nrf_strerror.o
                0x0000000000027f38                nrf_strerror_get
 .text.__putchar
                0x0000000000027f4c        0xe Output/nrf52832_bno055_ble_s132 Release/Obj/retarget.o
                0x0000000000027f4c                __putchar
 *fill*         0x0000000000027f5a        0x2 
 .text.errata_12
                0x0000000000027f5c       0x40 Output/nrf52832_bno055_ble_s132 Release/Obj/system_nrf52.o
 .text.errata_16
                0x0000000000027f9c       0x34 Output/nrf52832_bno055_ble_s132 Release/Obj/system_nrf52.o
 .text.SystemInit
                0x0000000000027fd0      0x25c Output/nrf52832_bno055_ble_s132 Release/Obj/system_nrf52.o
                0x0000000000027fd0                SystemInit
 .text.bsp_board_led_state_get
                0x000000000002822c       0x1c Output/nrf52832_bno055_ble_s132 Release/Obj/boards.o
                0x000000000002822c                bsp_board_led_state_get
 .text.bsp_board_led_on
                0x0000000000028248       0x18 Output/nrf52832_bno055_ble_s132 Release/Obj/boards.o
                0x0000000000028248                bsp_board_led_on
 .text.bsp_board_led_off
                0x0000000000028260       0x18 Output/nrf52832_bno055_ble_s132 Release/Obj/boards.o
                0x0000000000028260                bsp_board_led_off
 .text.bsp_board_leds_off
                0x0000000000028278       0x1e Output/nrf52832_bno055_ble_s132 Release/Obj/boards.o
                0x0000000000028278                bsp_board_leds_off
 .text.bsp_board_leds_on
                0x0000000000028296       0x1e Output/nrf52832_bno055_ble_s132 Release/Obj/boards.o
                0x0000000000028296                bsp_board_leds_on
 .text.bsp_board_led_invert
                0x00000000000282b4       0x24 Output/nrf52832_bno055_ble_s132 Release/Obj/boards.o
                0x00000000000282b4                bsp_board_led_invert
 .text.bsp_board_button_state_get
                0x00000000000282d8       0x1c Output/nrf52832_bno055_ble_s132 Release/Obj/boards.o
                0x00000000000282d8                bsp_board_button_state_get
 .text.bsp_board_pin_to_button_idx
                0x00000000000282f4       0x24 Output/nrf52832_bno055_ble_s132 Release/Obj/boards.o
                0x00000000000282f4                bsp_board_pin_to_button_idx
 .text.bsp_board_button_idx_to_pin
                0x0000000000028318        0xc Output/nrf52832_bno055_ble_s132 Release/Obj/boards.o
                0x0000000000028318                bsp_board_button_idx_to_pin
 .text.bsp_board_init
                0x0000000000028324       0x3e Output/nrf52832_bno055_ble_s132 Release/Obj/boards.o
                0x0000000000028324                bsp_board_init
 *fill*         0x0000000000028362        0x2 
 .text.clock_clk_started_notify
                0x0000000000028364       0x24 Output/nrf52832_bno055_ble_s132 Release/Obj/nrf_drv_clock.o
 .text.clock_irq_handler
                0x0000000000028388       0x1c Output/nrf52832_bno055_ble_s132 Release/Obj/nrf_drv_clock.o
 .text.soc_evt_handler
                0x00000000000283a4       0x14 Output/nrf52832_bno055_ble_s132 Release/Obj/nrf_drv_clock.o
 .text.nrf_drv_clock_init
                0x00000000000283b8       0x38 Output/nrf52832_bno055_ble_s132 Release/Obj/nrf_drv_clock.o
                0x00000000000283b8                nrf_drv_clock_init
 .text.nrf_drv_clock_lfclk_release
                0x00000000000283f0       0x34 Output/nrf52832_bno055_ble_s132 Release/Obj/nrf_drv_clock.o
                0x00000000000283f0                nrf_drv_clock_lfclk_release
 .text.sd_state_evt_handler
                0x0000000000028424       0x58 Output/nrf52832_bno055_ble_s132 Release/Obj/nrf_drv_clock.o
 .text.uarte_evt_handler
                0x000000000002847c       0x34 Output/nrf52832_bno055_ble_s132 Release/Obj/nrf_drv_uart.o
 .text.uart_evt_handler
                0x00000000000284b0       0x34 Output/nrf52832_bno055_ble_s132 Release/Obj/nrf_drv_uart.o
 .text.nrf_drv_uart_init
                0x00000000000284e4       0x7c Output/nrf52832_bno055_ble_s132 Release/Obj/nrf_drv_uart.o
                0x00000000000284e4                nrf_drv_uart_init
 .text.nrf_clock_event_clear
                0x0000000000028560       0x14 Output/nrf52832_bno055_ble_s132 Release/Obj/nrfx_clock.o
 .text.nrfx_clock_init
                0x0000000000028574       0x18 Output/nrf52832_bno055_ble_s132 Release/Obj/nrfx_clock.o
                0x0000000000028574                nrfx_clock_init
 .text.nrfx_clock_enable
                0x000000000002858c       0x28 Output/nrf52832_bno055_ble_s132 Release/Obj/nrfx_clock.o
                0x000000000002858c                nrfx_clock_enable
 .text.nrfx_clock_lfclk_stop
                0x00000000000285b4       0x18 Output/nrf52832_bno055_ble_s132 Release/Obj/nrfx_clock.o
                0x00000000000285b4                nrfx_clock_lfclk_stop
 .text.POWER_CLOCK_IRQHandler
                0x00000000000285cc       0x58 Output/nrf52832_bno055_ble_s132 Release/Obj/nrfx_clock.o
                0x00000000000285cc                POWER_CLOCK_IRQHandler
 .text.nrf_gpiote_event_clear
                0x0000000000028624       0x18 Output/nrf52832_bno055_ble_s132 Release/Obj/nrfx_gpiote.o
 .text.nrf_gpio_cfg_sense_set
                0x000000000002863c       0x20 Output/nrf52832_bno055_ble_s132 Release/Obj/nrfx_gpiote.o
 .text.channel_free
                0x000000000002865c       0x1c Output/nrf52832_bno055_ble_s132 Release/Obj/nrfx_gpiote.o
 .text.nrfx_gpiote_init
                0x0000000000028678       0x74 Output/nrf52832_bno055_ble_s132 Release/Obj/nrfx_gpiote.o
                0x0000000000028678                nrfx_gpiote_init
 .text.nrfx_gpiote_is_init
                0x00000000000286ec       0x14 Output/nrf52832_bno055_ble_s132 Release/Obj/nrfx_gpiote.o
                0x00000000000286ec                nrfx_gpiote_is_init
 .text.nrfx_gpiote_in_init
                0x0000000000028700       0xe4 Output/nrf52832_bno055_ble_s132 Release/Obj/nrfx_gpiote.o
                0x0000000000028700                nrfx_gpiote_in_init
 .text.nrfx_gpiote_in_event_enable
                0x00000000000287e4       0x88 Output/nrf52832_bno055_ble_s132 Release/Obj/nrfx_gpiote.o
                0x00000000000287e4                nrfx_gpiote_in_event_enable
 .text.nrfx_gpiote_in_is_set
                0x000000000002886c       0x12 Output/nrf52832_bno055_ble_s132 Release/Obj/nrfx_gpiote.o
                0x000000000002886c                nrfx_gpiote_in_is_set
 *fill*         0x000000000002887e        0x2 
 .text.GPIOTE_IRQHandler
                0x0000000000028880      0x184 Output/nrf52832_bno055_ble_s132 Release/Obj/nrfx_gpiote.o
                0x0000000000028880                GPIOTE_IRQHandler
 .text.UARTE0_UART0_IRQHandler
                0x0000000000028a04        0xc Output/nrf52832_bno055_ble_s132 Release/Obj/nrfx_prs.o
                0x0000000000028a04                UARTE0_UART0_IRQHandler
 .text.nrfx_prs_acquire
                0x0000000000028a10       0x44 Output/nrf52832_bno055_ble_s132 Release/Obj/nrfx_prs.o
                0x0000000000028a10                nrfx_prs_acquire
 .text.nrf_uart_event_clear
                0x0000000000028a54       0x10 Output/nrf52832_bno055_ble_s132 Release/Obj/nrfx_uart.o
 .text.tx_byte  0x0000000000028a64       0x1e Output/nrf52832_bno055_ble_s132 Release/Obj/nrfx_uart.o
 .text.rx_enable.isra.0
                0x0000000000028a82       0x20 Output/nrf52832_bno055_ble_s132 Release/Obj/nrfx_uart.o
 .text.rx_byte  0x0000000000028aa2       0x2c Output/nrf52832_bno055_ble_s132 Release/Obj/nrfx_uart.o
 *fill*         0x0000000000028ace        0x2 
 .text.rx_done_event.constprop.0
                0x0000000000028ad0       0x20 Output/nrf52832_bno055_ble_s132 Release/Obj/nrfx_uart.o
 .text.nrfx_uart_0_irq_handler
                0x0000000000028af0      0x138 Output/nrf52832_bno055_ble_s132 Release/Obj/nrfx_uart.o
                0x0000000000028af0                nrfx_uart_0_irq_handler
 .text.nrfx_uart_init
                0x0000000000028c28      0x180 Output/nrf52832_bno055_ble_s132 Release/Obj/nrfx_uart.o
                0x0000000000028c28                nrfx_uart_init
 .text.nrfx_uart_tx
                0x0000000000028da8       0x8c Output/nrf52832_bno055_ble_s132 Release/Obj/nrfx_uart.o
                0x0000000000028da8                nrfx_uart_tx
 .text.nrfx_uart_tx_in_progress
                0x0000000000028e34       0x18 Output/nrf52832_bno055_ble_s132 Release/Obj/nrfx_uart.o
                0x0000000000028e34                nrfx_uart_tx_in_progress
 .text.nrfx_uart_rx
                0x0000000000028e4c       0xf0 Output/nrf52832_bno055_ble_s132 Release/Obj/nrfx_uart.o
                0x0000000000028e4c                nrfx_uart_rx
 .text.nrf_uarte_event_clear
                0x0000000000028f3c       0x10 Output/nrf52832_bno055_ble_s132 Release/Obj/nrfx_uarte.o
 .text.rx_done_event.constprop.0
                0x0000000000028f4c       0x24 Output/nrf52832_bno055_ble_s132 Release/Obj/nrfx_uarte.o
 .text.nrfx_uarte_0_irq_handler
                0x0000000000028f70       0xe8 Output/nrf52832_bno055_ble_s132 Release/Obj/nrfx_uarte.o
                0x0000000000028f70                nrfx_uarte_0_irq_handler
 .text.nrfx_uarte_init
                0x0000000000029058      0x190 Output/nrf52832_bno055_ble_s132 Release/Obj/nrfx_uarte.o
                0x0000000000029058                nrfx_uarte_init
 .text.nrfx_uarte_tx
                0x00000000000291e8       0x84 Output/nrf52832_bno055_ble_s132 Release/Obj/nrfx_uarte.o
                0x00000000000291e8                nrfx_uarte_tx
 .text.nrfx_uarte_tx_in_progress
                0x000000000002926c       0x18 Output/nrf52832_bno055_ble_s132 Release/Obj/nrfx_uarte.o
                0x000000000002926c                nrfx_uarte_tx_in_progress
 .text.nrfx_uarte_rx
                0x0000000000029284       0xd8 Output/nrf52832_bno055_ble_s132 Release/Obj/nrfx_uarte.o
                0x0000000000029284                nrfx_uarte_rx
 .text.alert_timer_handler
                0x000000000002935c        0x6 Output/nrf52832_bno055_ble_s132 Release/Obj/bsp.o
 *fill*         0x0000000000029362        0x2 
 .text.bsp_button_event_handler
                0x0000000000029364       0x9c Output/nrf52832_bno055_ble_s132 Release/Obj/bsp.o
 .text.button_timer_handler
                0x0000000000029400        0x8 Output/nrf52832_bno055_ble_s132 Release/Obj/bsp.o
 .text.leds_off
                0x0000000000029408       0x2c Output/nrf52832_bno055_ble_s132 Release/Obj/bsp.o
 .text.bsp_led_indication
                0x0000000000029434      0x204 Output/nrf52832_bno055_ble_s132 Release/Obj/bsp.o
 .text.leds_timer_handler
                0x0000000000029638       0x1c Output/nrf52832_bno055_ble_s132 Release/Obj/bsp.o
 .text.bsp_button_is_pressed
                0x0000000000029654        0xc Output/nrf52832_bno055_ble_s132 Release/Obj/bsp.o
                0x0000000000029654                bsp_button_is_pressed
 .text.bsp_indication_set
                0x0000000000029660       0x18 Output/nrf52832_bno055_ble_s132 Release/Obj/bsp.o
                0x0000000000029660                bsp_indication_set
 .text.bsp_init
                0x0000000000029678       0x9c Output/nrf52832_bno055_ble_s132 Release/Obj/bsp.o
                0x0000000000029678                bsp_init
 .text.bsp_event_to_button_action_assign
                0x0000000000029714       0x4c Output/nrf52832_bno055_ble_s132 Release/Obj/bsp.o
                0x0000000000029714                bsp_event_to_button_action_assign
 .text.bsp_wakeup_button_enable
                0x0000000000029760       0x30 Output/nrf52832_bno055_ble_s132 Release/Obj/bsp.o
                0x0000000000029760                bsp_wakeup_button_enable
 .text.advertising_buttons_configure
                0x0000000000029790       0x36 Output/nrf52832_bno055_ble_s132 Release/Obj/bsp_btn_ble.o
 *fill*         0x00000000000297c6        0x2 
 .text.ble_evt_handler
                0x00000000000297c8       0x80 Output/nrf52832_bno055_ble_s132 Release/Obj/bsp_btn_ble.o
 .text.bsp_btn_ble_sleep_mode_prepare
                0x0000000000029848       0x1e Output/nrf52832_bno055_ble_s132 Release/Obj/bsp_btn_ble.o
                0x0000000000029848                bsp_btn_ble_sleep_mode_prepare
 *fill*         0x0000000000029866        0x2 
 .text.bsp_btn_ble_init
                0x0000000000029868       0x40 Output/nrf52832_bno055_ble_s132 Release/Obj/bsp_btn_ble.o
                0x0000000000029868                bsp_btn_ble_init
 .text.sd_ble_gap_disconnect
                0x00000000000298a8        0x4 Output/nrf52832_bno055_ble_s132 Release/Obj/main.o
 .text.sd_ble_gap_ppcp_set
                0x00000000000298ac        0x4 Output/nrf52832_bno055_ble_s132 Release/Obj/main.o
 .text.sd_ble_gap_device_name_set
                0x00000000000298b0        0x4 Output/nrf52832_bno055_ble_s132 Release/Obj/main.o
 .text.sd_ble_gap_sec_params_reply
                0x00000000000298b4        0x4 Output/nrf52832_bno055_ble_s132 Release/Obj/main.o
 .text.sd_ble_gap_phy_update
                0x00000000000298b8        0x4 Output/nrf52832_bno055_ble_s132 Release/Obj/main.o
 .text.sd_ble_gatts_sys_attr_set
                0x00000000000298bc        0x4 Output/nrf52832_bno055_ble_s132 Release/Obj/main.o
 .text.sd_power_system_off
                0x00000000000298c0        0x4 Output/nrf52832_bno055_ble_s132 Release/Obj/main.o
 .text.nrf_qwr_error_handler
                0x00000000000298c4        0x4 Output/nrf52832_bno055_ble_s132 Release/Obj/main.o
 .text.sleep_mode_enter
                0x00000000000298c8       0x28 Output/nrf52832_bno055_ble_s132 Release/Obj/main.o
 .text.ble_evt_handler
                0x00000000000298f0       0xd0 Output/nrf52832_bno055_ble_s132 Release/Obj/main.o
 .text.gatt_evt_handler
                0x00000000000299c0       0x4c Output/nrf52832_bno055_ble_s132 Release/Obj/main.o
                0x00000000000299c0                gatt_evt_handler
 .text.on_conn_params_evt
                0x0000000000029a0c       0x20 Output/nrf52832_bno055_ble_s132 Release/Obj/main.o
 .text.bsp_event_handler
                0x0000000000029a2c       0x4c Output/nrf52832_bno055_ble_s132 Release/Obj/main.o
                0x0000000000029a2c                bsp_event_handler
 .text.on_adv_evt
                0x0000000000029a78       0x22 Output/nrf52832_bno055_ble_s132 Release/Obj/main.o
 *fill*         0x0000000000029a9a        0x2 
 .text.uart_event_handle
                0x0000000000029a9c       0x8c Output/nrf52832_bno055_ble_s132 Release/Obj/main.o
                0x0000000000029a9c                uart_event_handle
 .text.nus_data_handler
                0x0000000000029b28       0x6c Output/nrf52832_bno055_ble_s132 Release/Obj/main.o
 .text.conn_params_error_handler
                0x0000000000029b94        0x4 Output/nrf52832_bno055_ble_s132 Release/Obj/main.o
 .text.gatt_init
                0x0000000000029b98       0x2c Output/nrf52832_bno055_ble_s132 Release/Obj/main.o
                0x0000000000029b98                gatt_init
 .text.startup.main
                0x0000000000029bc4      0x26c Output/nrf52832_bno055_ble_s132 Release/Obj/main.o
                0x0000000000029bc4                main
 .text._GetAvailWriteSpace
                0x0000000000029e30       0x1c Output/nrf52832_bno055_ble_s132 Release/Obj/SEGGER_RTT.o
 .text._WriteNoCheck
                0x0000000000029e4c       0x38 Output/nrf52832_bno055_ble_s132 Release/Obj/SEGGER_RTT.o
 .text._WriteBlocking
                0x0000000000029e84       0x52 Output/nrf52832_bno055_ble_s132 Release/Obj/SEGGER_RTT.o
 *fill*         0x0000000000029ed6        0x2 
 .text._DoInit  0x0000000000029ed8       0x60 Output/nrf52832_bno055_ble_s132 Release/Obj/SEGGER_RTT.o
 .text.SEGGER_RTT_WriteNoLock
                0x0000000000029f38       0x68 Output/nrf52832_bno055_ble_s132 Release/Obj/SEGGER_RTT.o
                0x0000000000029f38                SEGGER_RTT_WriteNoLock
 .text.SEGGER_RTT_Init
                0x0000000000029fa0        0x4 Output/nrf52832_bno055_ble_s132 Release/Obj/SEGGER_RTT.o
                0x0000000000029fa0                SEGGER_RTT_Init
 .text.sd_ble_gap_addr_get
                0x0000000000029fa4        0x4 Output/nrf52832_bno055_ble_s132 Release/Obj/ble_advdata.o
 .text.sd_ble_gap_appearance_get
                0x0000000000029fa8        0x4 Output/nrf52832_bno055_ble_s132 Release/Obj/ble_advdata.o
 .text.sd_ble_gap_device_name_get
                0x0000000000029fac        0x4 Output/nrf52832_bno055_ble_s132 Release/Obj/ble_advdata.o
 .text.sd_ble_uuid_encode
                0x0000000000029fb0        0x4 Output/nrf52832_bno055_ble_s132 Release/Obj/ble_advdata.o
 .text.uuid_list_sized_encode
                0x0000000000029fb4       0xac Output/nrf52832_bno055_ble_s132 Release/Obj/ble_advdata.o
 .text.uuid_list_encode
                0x000000000002a060       0x38 Output/nrf52832_bno055_ble_s132 Release/Obj/ble_advdata.o
 .text.ble_advdata_encode
                0x000000000002a098      0x394 Output/nrf52832_bno055_ble_s132 Release/Obj/ble_advdata.o
                0x000000000002a098                ble_advdata_encode
 .text.ble_advdata_search
                0x000000000002a42c       0x38 Output/nrf52832_bno055_ble_s132 Release/Obj/ble_advdata.o
                0x000000000002a42c                ble_advdata_search
 .text.ble_advdata_parse
                0x000000000002a464       0x20 Output/nrf52832_bno055_ble_s132 Release/Obj/ble_advdata.o
                0x000000000002a464                ble_advdata_parse
 .text.sd_ble_gap_adv_set_configure
                0x000000000002a484        0x4 Output/nrf52832_bno055_ble_s132 Release/Obj/ble_advertising.o
 .text.sd_ble_gap_adv_start
                0x000000000002a488        0x4 Output/nrf52832_bno055_ble_s132 Release/Obj/ble_advertising.o
 .text.sd_ble_gap_adv_stop
                0x000000000002a48c        0x4 Output/nrf52832_bno055_ble_s132 Release/Obj/ble_advertising.o
 .text.flags_set
                0x000000000002a490       0x2c Output/nrf52832_bno055_ble_s132 Release/Obj/ble_advertising.o
 .text.ble_advertising_conn_cfg_tag_set
                0x000000000002a4bc        0x6 Output/nrf52832_bno055_ble_s132 Release/Obj/ble_advertising.o
                0x000000000002a4bc                ble_advertising_conn_cfg_tag_set
 .text.ble_advertising_init
                0x000000000002a4c2       0xfe Output/nrf52832_bno055_ble_s132 Release/Obj/ble_advertising.o
                0x000000000002a4c2                ble_advertising_init
 .text.ble_advertising_start
                0x000000000002a5c0      0x21a Output/nrf52832_bno055_ble_s132 Release/Obj/ble_advertising.o
                0x000000000002a5c0                ble_advertising_start
 .text.ble_advertising_on_ble_evt
                0x000000000002a7da       0x6a Output/nrf52832_bno055_ble_s132 Release/Obj/ble_advertising.o
                0x000000000002a7da                ble_advertising_on_ble_evt
 .text.ble_advertising_on_sys_evt
                0x000000000002a844        0x2 Output/nrf52832_bno055_ble_s132 Release/Obj/ble_advertising.o
                0x000000000002a844                ble_advertising_on_sys_evt
 .text.ble_advertising_restart_without_whitelist
                0x000000000002a846       0x3c Output/nrf52832_bno055_ble_s132 Release/Obj/ble_advertising.o
                0x000000000002a846                ble_advertising_restart_without_whitelist
 .text.sd_ble_gap_conn_param_update
                0x000000000002a882        0x4 Output/nrf52832_bno055_ble_s132 Release/Obj/ble_conn_params.o
 .text.sd_ble_gap_disconnect
                0x000000000002a886        0x4 Output/nrf52832_bno055_ble_s132 Release/Obj/ble_conn_params.o
 .text.sd_ble_gap_ppcp_set
                0x000000000002a88a        0x4 Output/nrf52832_bno055_ble_s132 Release/Obj/ble_conn_params.o
 .text.sd_ble_gap_ppcp_get
                0x000000000002a88e        0x4 Output/nrf52832_bno055_ble_s132 Release/Obj/ble_conn_params.o
 *fill*         0x000000000002a892        0x2 
 .text.instance_get
                0x000000000002a894       0x14 Output/nrf52832_bno055_ble_s132 Release/Obj/ble_conn_params.o
 .text.send_error_evt
                0x000000000002a8a8       0x10 Output/nrf52832_bno055_ble_s132 Release/Obj/ble_conn_params.o
 .text.update_timeout_handler
                0x000000000002a8b8       0x6c Output/nrf52832_bno055_ble_s132 Release/Obj/ble_conn_params.o
 .text.conn_params_negotiation
                0x000000000002a924       0x48 Output/nrf52832_bno055_ble_s132 Release/Obj/ble_conn_params.o
 .text.is_conn_params_ok.constprop.0
                0x000000000002a96c       0x34 Output/nrf52832_bno055_ble_s132 Release/Obj/ble_conn_params.o
 .text.ble_evt_handler
                0x000000000002a9a0       0xe0 Output/nrf52832_bno055_ble_s132 Release/Obj/ble_conn_params.o
 .text.ble_conn_params_init
                0x000000000002aa80       0x74 Output/nrf52832_bno055_ble_s132 Release/Obj/ble_conn_params.o
                0x000000000002aa80                ble_conn_params_init
 .text.conn_handle_list_get
                0x000000000002aaf4       0x2e Output/nrf52832_bno055_ble_s132 Release/Obj/ble_conn_state.o
                0x000000000002aaf4                conn_handle_list_get
 *fill*         0x000000000002ab22        0x2 
 .text.ble_evt_handler
                0x000000000002ab24       0xd4 Output/nrf52832_bno055_ble_s132 Release/Obj/ble_conn_state.o
 .text.ble_conn_state_valid
                0x000000000002abf8       0x14 Output/nrf52832_bno055_ble_s132 Release/Obj/ble_conn_state.o
                0x000000000002abf8                ble_conn_state_valid
 .text.ble_conn_state_conn_idx
                0x000000000002ac0c       0x12 Output/nrf52832_bno055_ble_s132 Release/Obj/ble_conn_state.o
                0x000000000002ac0c                ble_conn_state_conn_idx
 .text.blcm_link_ctx_get
                0x000000000002ac1e       0x4e Output/nrf52832_bno055_ble_s132 Release/Obj/ble_link_ctx_manager.o
                0x000000000002ac1e                blcm_link_ctx_get
 .text.sd_ble_gatts_characteristic_add
                0x000000000002ac6c        0x4 Output/nrf52832_bno055_ble_s132 Release/Obj/ble_srv_common.o
 .text.set_security_req
                0x000000000002ac70       0x2a Output/nrf52832_bno055_ble_s132 Release/Obj/ble_srv_common.o
 .text.ble_srv_is_notification_enabled
                0x000000000002ac9a        0x8 Output/nrf52832_bno055_ble_s132 Release/Obj/ble_srv_common.o
                0x000000000002ac9a                ble_srv_is_notification_enabled
 .text.characteristic_add
                0x000000000002aca2      0x154 Output/nrf52832_bno055_ble_s132 Release/Obj/ble_srv_common.o
                0x000000000002aca2                characteristic_add
 .text.sd_ble_gap_data_length_update
                0x000000000002adf6        0x4 Output/nrf52832_bno055_ble_s132 Release/Obj/nrf_ble_gatt.o
 .text.sd_ble_gattc_exchange_mtu_request
                0x000000000002adfa        0x4 Output/nrf52832_bno055_ble_s132 Release/Obj/nrf_ble_gatt.o
 .text.sd_ble_gatts_exchange_mtu_reply
                0x000000000002adfe        0x4 Output/nrf52832_bno055_ble_s132 Release/Obj/nrf_ble_gatt.o
 *fill*         0x000000000002ae02        0x2 
 .text.data_length_update
                0x000000000002ae04       0x80 Output/nrf52832_bno055_ble_s132 Release/Obj/nrf_ble_gatt.o
 .text.nrf_ble_gatt_init
                0x000000000002ae84       0x28 Output/nrf52832_bno055_ble_s132 Release/Obj/nrf_ble_gatt.o
                0x000000000002ae84                nrf_ble_gatt_init
 .text.nrf_ble_gatt_att_mtu_periph_set
                0x000000000002aeac       0x18 Output/nrf52832_bno055_ble_s132 Release/Obj/nrf_ble_gatt.o
                0x000000000002aeac                nrf_ble_gatt_att_mtu_periph_set
 .text.nrf_ble_gatt_on_ble_evt
                0x000000000002aec4      0x198 Output/nrf52832_bno055_ble_s132 Release/Obj/nrf_ble_gatt.o
                0x000000000002aec4                nrf_ble_gatt_on_ble_evt
 .text.sd_ble_gatts_rw_authorize_reply
                0x000000000002b05c        0x4 Output/nrf52832_bno055_ble_s132 Release/Obj/nrf_ble_qwr.o
 .text.sd_ble_user_mem_reply
                0x000000000002b060        0x4 Output/nrf52832_bno055_ble_s132 Release/Obj/nrf_ble_qwr.o
 .text.user_mem_reply.part.0
                0x000000000002b064       0x24 Output/nrf52832_bno055_ble_s132 Release/Obj/nrf_ble_qwr.o
 .text.nrf_ble_qwr_init
                0x000000000002b088       0x24 Output/nrf52832_bno055_ble_s132 Release/Obj/nrf_ble_qwr.o
                0x000000000002b088                nrf_ble_qwr_init
 .text.nrf_ble_qwr_conn_handle_assign
                0x000000000002b0ac       0x16 Output/nrf52832_bno055_ble_s132 Release/Obj/nrf_ble_qwr.o
                0x000000000002b0ac                nrf_ble_qwr_conn_handle_assign
 .text.nrf_ble_qwr_on_ble_evt
                0x000000000002b0c2       0xa0 Output/nrf52832_bno055_ble_s132 Release/Obj/nrf_ble_qwr.o
                0x000000000002b0c2                nrf_ble_qwr_on_ble_evt
 .text.sd_ble_gatts_service_add
                0x000000000002b162        0x4 Output/nrf52832_bno055_ble_s132 Release/Obj/ble_nus.o
 .text.sd_ble_gatts_value_get
                0x000000000002b166        0x4 Output/nrf52832_bno055_ble_s132 Release/Obj/ble_nus.o
 .text.sd_ble_gatts_hvx
                0x000000000002b16a        0x4 Output/nrf52832_bno055_ble_s132 Release/Obj/ble_nus.o
 .text.sd_ble_uuid_vs_add
                0x000000000002b16e        0x4 Output/nrf52832_bno055_ble_s132 Release/Obj/ble_nus.o
 .text.ble_nus_on_ble_evt
                0x000000000002b172      0x132 Output/nrf52832_bno055_ble_s132 Release/Obj/ble_nus.o
                0x000000000002b172                ble_nus_on_ble_evt
 .text.ble_nus_init
                0x000000000002b2a4       0xf4 Output/nrf52832_bno055_ble_s132 Release/Obj/ble_nus.o
                0x000000000002b2a4                ble_nus_init
 .text.ble_nus_data_send
                0x000000000002b398       0x66 Output/nrf52832_bno055_ble_s132 Release/Obj/ble_nus.o
                0x000000000002b398                ble_nus_data_send
 .text.sd_softdevice_enable
                0x000000000002b3fe        0x4 Output/nrf52832_bno055_ble_s132 Release/Obj/nrf_sdh.o
 *fill*         0x000000000002b402        0x2 
 .text.sdh_request_observer_notify
                0x000000000002b404       0x30 Output/nrf52832_bno055_ble_s132 Release/Obj/nrf_sdh.o
 .text.sdh_state_observer_notify
                0x000000000002b434       0x28 Output/nrf52832_bno055_ble_s132 Release/Obj/nrf_sdh.o
 .text.softdevices_evt_irq_enable
                0x000000000002b45c       0x38 Output/nrf52832_bno055_ble_s132 Release/Obj/nrf_sdh.o
 .text.nrf_sdh_enable_request
                0x000000000002b494       0x7c Output/nrf52832_bno055_ble_s132 Release/Obj/nrf_sdh.o
                0x000000000002b494                nrf_sdh_enable_request
 .text.nrf_sdh_is_enabled
                0x000000000002b510        0xc Output/nrf52832_bno055_ble_s132 Release/Obj/nrf_sdh.o
                0x000000000002b510                nrf_sdh_is_enabled
 .text.nrf_sdh_evts_poll
                0x000000000002b51c       0x28 Output/nrf52832_bno055_ble_s132 Release/Obj/nrf_sdh.o
                0x000000000002b51c                nrf_sdh_evts_poll
 .text.SWI2_EGU2_IRQHandler
                0x000000000002b544        0x4 Output/nrf52832_bno055_ble_s132 Release/Obj/nrf_sdh.o
                0x000000000002b544                SWI2_EGU2_IRQHandler
 .text.sd_ble_enable
                0x000000000002b548        0x4 Output/nrf52832_bno055_ble_s132 Release/Obj/nrf_sdh_ble.o
 .text.sd_ble_cfg_set
                0x000000000002b54c        0x4 Output/nrf52832_bno055_ble_s132 Release/Obj/nrf_sdh_ble.o
 .text.sd_ble_evt_get
                0x000000000002b550        0x4 Output/nrf52832_bno055_ble_s132 Release/Obj/nrf_sdh_ble.o
 .text.nrf_sdh_ble_evts_poll.part.0
                0x000000000002b554       0x4c Output/nrf52832_bno055_ble_s132 Release/Obj/nrf_sdh_ble.o
 .text.nrf_sdh_ble_evts_poll
                0x000000000002b5a0       0x10 Output/nrf52832_bno055_ble_s132 Release/Obj/nrf_sdh_ble.o
 .text.nrf_sdh_ble_default_cfg_set
                0x000000000002b5b0      0x1a0 Output/nrf52832_bno055_ble_s132 Release/Obj/nrf_sdh_ble.o
                0x000000000002b5b0                nrf_sdh_ble_default_cfg_set
 .text.nrf_sdh_ble_enable
                0x000000000002b750       0x98 Output/nrf52832_bno055_ble_s132 Release/Obj/nrf_sdh_ble.o
                0x000000000002b750                nrf_sdh_ble_enable
 .text.sd_evt_get
                0x000000000002b7e8        0x4 Output/nrf52832_bno055_ble_s132 Release/Obj/nrf_sdh_soc.o
 .text.nrf_sdh_soc_evts_poll
                0x000000000002b7ec       0x3c Output/nrf52832_bno055_ble_s132 Release/Obj/nrf_sdh_soc.o
 .text.libc.__int64_udivmod
                0x000000000002b828       0xce C:/Program Files/SEGGER/SEGGER Embedded Studio for ARM 4.42a/lib/libc_v7em_fpv4_sp_d16_hard_t_le_eabi.a(libc_asm.o)
                0x000000000002b828                __aeabi_uldivmod
                0x000000000002b828                __int64_udiv
                0x000000000002b828                __udivdi3
                0x000000000002b828                __int64_udivmod
 *fill*         0x000000000002b8f6        0x2 
 .text.libc.__RAL_ascii_isctype
                0x000000000002b8f8       0x1c C:/Program Files/SEGGER/SEGGER Embedded Studio for ARM 4.42a/lib/libc_v7em_fpv4_sp_d16_hard_t_le_eabi.a(libc2.o)
 .text.libc.__RAL_ascii_toupper
                0x000000000002b914        0xc C:/Program Files/SEGGER/SEGGER Embedded Studio for ARM 4.42a/lib/libc_v7em_fpv4_sp_d16_hard_t_le_eabi.a(libc2.o)
 .text.libc.__RAL_ascii_tolower
                0x000000000002b920        0xc C:/Program Files/SEGGER/SEGGER Embedded Studio for ARM 4.42a/lib/libc_v7em_fpv4_sp_d16_hard_t_le_eabi.a(libc2.o)
 .text.libc.__RAL_ascii_iswctype
                0x000000000002b92c       0x1c C:/Program Files/SEGGER/SEGGER Embedded Studio for ARM 4.42a/lib/libc_v7em_fpv4_sp_d16_hard_t_le_eabi.a(libc2.o)
 .text.libc.__RAL_ascii_towupper
                0x000000000002b948        0xc C:/Program Files/SEGGER/SEGGER Embedded Studio for ARM 4.42a/lib/libc_v7em_fpv4_sp_d16_hard_t_le_eabi.a(libc2.o)
 .text.libc.__RAL_ascii_towlower
                0x000000000002b954        0xc C:/Program Files/SEGGER/SEGGER Embedded Studio for ARM 4.42a/lib/libc_v7em_fpv4_sp_d16_hard_t_le_eabi.a(libc2.o)
 .text.libc.__RAL_ascii_wctomb
                0x000000000002b960        0xe C:/Program Files/SEGGER/SEGGER Embedded Studio for ARM 4.42a/lib/libc_v7em_fpv4_sp_d16_hard_t_le_eabi.a(libc2.o)
                0x000000000002b960                __RAL_ascii_wctomb
 .text.libc.__RAL_ascii_mbtowc
                0x000000000002b96e       0x24 C:/Program Files/SEGGER/SEGGER Embedded Studio for ARM 4.42a/lib/libc_v7em_fpv4_sp_d16_hard_t_le_eabi.a(libc2.o)
                0x000000000002b96e                __RAL_ascii_mbtowc
 .text.libc.__putc
                0x000000000002b992       0x34 C:/Program Files/SEGGER/SEGGER Embedded Studio for ARM 4.42a/lib/libc_v7em_fpv4_sp_d16_hard_t_le_eabi.a(libc2.o)
                0x000000000002b992                __putc
 .text.libc.__RAL_print_padding
                0x000000000002b9c6       0x1c C:/Program Files/SEGGER/SEGGER Embedded Studio for ARM 4.42a/lib/libc_v7em_fpv4_sp_d16_hard_t_le_eabi.a(libc2.o)
                0x000000000002b9c6                __RAL_print_padding
 .text.libc.__RAL_pre_padding
                0x000000000002b9e2       0x1a C:/Program Files/SEGGER/SEGGER Embedded Studio for ARM 4.42a/lib/libc_v7em_fpv4_sp_d16_hard_t_le_eabi.a(libc2.o)
                0x000000000002b9e2                __RAL_pre_padding
 .text.libc.__RAL_isctype
                0x000000000002b9fc       0x14 C:/Program Files/SEGGER/SEGGER Embedded Studio for ARM 4.42a/lib/libc_v7em_fpv4_sp_d16_hard_t_le_eabi.a(libc2.o)
                0x000000000002b9fc                __RAL_isctype
 .text.libc.isprint
                0x000000000002ba10        0xa C:/Program Files/SEGGER/SEGGER Embedded Studio for ARM 4.42a/lib/libc_v7em_fpv4_sp_d16_hard_t_le_eabi.a(libc2.o)
                0x000000000002ba10                isprint
 *fill*         0x000000000002ba1a        0x2 
 .text.libc.printf
                0x000000000002ba1c       0x40 C:/Program Files/SEGGER/SEGGER Embedded Studio for ARM 4.42a/lib/libc_v7em_fpv4_sp_d16_hard_t_le_eabi.a(libc2.o)
                0x000000000002ba1c                printf
 .text.libc.strnlen
                0x000000000002ba5c       0x22 C:/Program Files/SEGGER/SEGGER Embedded Studio for ARM 4.42a/lib/libc_v7em_fpv4_sp_d16_hard_t_le_eabi.a(libc2.o)
                0x000000000002ba5c                strnlen
 .text.libc.memcpy
                0x000000000002ba7e       0x52 C:/Program Files/SEGGER/SEGGER Embedded Studio for ARM 4.42a/lib/libc_v7em_fpv4_sp_d16_hard_t_le_eabi.a(libc2_asm.o)
                0x000000000002ba7e                __aeabi_memcpy
                0x000000000002ba7e                memcpy
                0x000000000002ba8a                __aeabi_memcpy8
                0x000000000002ba8a                __aeabi_memcpy4
 .text.libc.memset
                0x000000000002bad0       0x66 C:/Program Files/SEGGER/SEGGER Embedded Studio for ARM 4.42a/lib/libc_v7em_fpv4_sp_d16_hard_t_le_eabi.a(libc2_asm.o)
                0x000000000002bad0                memset
 .text.libc.strcpy
                0x000000000002bb36       0x44 C:/Program Files/SEGGER/SEGGER Embedded Studio for ARM 4.42a/lib/libc_v7em_fpv4_sp_d16_hard_t_le_eabi.a(libc2_asm.o)
                0x000000000002bb36                strcpy
 .text.libc.strlen
                0x000000000002bb7a       0x60 C:/Program Files/SEGGER/SEGGER Embedded Studio for ARM 4.42a/lib/libc_v7em_fpv4_sp_d16_hard_t_le_eabi.a(libc2_asm.o)
                0x000000000002bb7a                strlen
 .text.libc.__printf_lock
                0x000000000002bbda        0x2 C:/Program Files/SEGGER/SEGGER Embedded Studio for ARM 4.42a/lib/libc_v7em_fpv4_sp_d16_hard_t_le_eabi.a(libc.o)
                0x000000000002bbda                __printf_lock
 .text.libc.__printf_unlock
                0x000000000002bbdc        0x2 C:/Program Files/SEGGER/SEGGER Embedded Studio for ARM 4.42a/lib/libc_v7em_fpv4_sp_d16_hard_t_le_eabi.a(libc.o)
                0x000000000002bbdc                __printf_unlock
 *fill*         0x000000000002bbde        0x2 
 .text.libc.__vfprintf_long
                0x000000000002bbe0      0x664 C:/Program Files/SEGGER/SEGGER Embedded Studio for ARM 4.42a/lib/libvfprintf_v7em_fpv4_sp_d16_hard_t_le_eabi.o
                0x000000000002bbe0                __vfprintf_long
                0x000000000002c244                __text_end__ = (__text_start__ + SIZEOF (.text))
                0x0000000000005e70                __text_size__ = SIZEOF (.text)
                0x000000000002c244                __text_load_end__ = __text_end__

.vfp11_veneer   0x0000000100000000        0x0
 .vfp11_veneer  0x0000000100000000        0x0 linker stubs

.v4_bx          0x0000000100000000        0x0
 .v4_bx         0x0000000100000000        0x0 linker stubs

.iplt           0x0000000100000000        0x0
 .iplt          0x0000000100000000        0x0 Output/nrf52832_bno055_ble_s132 Release/Obj/thumb_crt0.o
                0x0000000000000001                . = ASSERT (((__text_start__ == __text_end__) || ((__text_end__ - __FLASH_segment_start__) <= __FLASH_segment_size__)), error: .text is too large to fit in FLASH memory segment)
                0x000000000002c244                __sdh_soc_observers_load_start__ = ALIGN (__text_end__, 0x4)

.sdh_soc_observers
                0x000000000002c244       0x10
                0x000000000002c244                __sdh_soc_observers_start__ = .
                0x000000000002c244                __start_sdh_soc_observers = __sdh_soc_observers_start__
 *(SORT_BY_NAME(.sdh_soc_observers*))
 .sdh_soc_observers0
                0x000000000002c244        0x8 Output/nrf52832_bno055_ble_s132 Release/Obj/nrf_drv_clock.o
 .sdh_soc_observers1
                0x000000000002c24c        0x8 Output/nrf52832_bno055_ble_s132 Release/Obj/main.o
                0x000000000002c254                __sdh_soc_observers_end__ = (__sdh_soc_observers_start__ + SIZEOF (.sdh_soc_observers))
                0x0000000000000010                __sdh_soc_observers_size__ = SIZEOF (.sdh_soc_observers)
                0x000000000002c254                __stop_sdh_soc_observers = __sdh_soc_observers_end__
                0x000000000002c254                __sdh_soc_observers_load_end__ = __sdh_soc_observers_end__
                0x0000000000000001                . = ASSERT (((__sdh_soc_observers_start__ == __sdh_soc_observers_end__) || ((__sdh_soc_observers_end__ - __FLASH_segment_start__) <= __FLASH_segment_size__)), error: .sdh_soc_observers is too large to fit in FLASH memory segment)
                0x000000000002c254                __sdh_ble_observers_load_start__ = ALIGN (__sdh_soc_observers_end__, 0x4)

.sdh_ble_observers
                0x000000000002c254       0x40
                0x000000000002c254                __sdh_ble_observers_start__ = .
                0x000000000002c254                __start_sdh_ble_observers = __sdh_ble_observers_start__
 *(SORT_BY_NAME(.sdh_ble_observers*))
 .sdh_ble_observers0
                0x000000000002c254        0x8 Output/nrf52832_bno055_ble_s132 Release/Obj/ble_conn_state.o
 .sdh_ble_observers1
                0x000000000002c25c        0x8 Output/nrf52832_bno055_ble_s132 Release/Obj/bsp_btn_ble.o
 .sdh_ble_observers1
                0x000000000002c264       0x10 Output/nrf52832_bno055_ble_s132 Release/Obj/main.o
 .sdh_ble_observers1
                0x000000000002c274        0x8 Output/nrf52832_bno055_ble_s132 Release/Obj/ble_conn_params.o
 .sdh_ble_observers2
                0x000000000002c27c       0x10 Output/nrf52832_bno055_ble_s132 Release/Obj/main.o
 .sdh_ble_observers3
                0x000000000002c28c        0x8 Output/nrf52832_bno055_ble_s132 Release/Obj/main.o
                0x000000000002c294                __sdh_ble_observers_end__ = (__sdh_ble_observers_start__ + SIZEOF (.sdh_ble_observers))
                0x0000000000000040                __sdh_ble_observers_size__ = SIZEOF (.sdh_ble_observers)
                0x000000000002c294                __stop_sdh_ble_observers = __sdh_ble_observers_end__
                0x000000000002c294                __sdh_ble_observers_load_end__ = __sdh_ble_observers_end__
                0x0000000000000001                . = ASSERT (((__sdh_ble_observers_start__ == __sdh_ble_observers_end__) || ((__sdh_ble_observers_end__ - __FLASH_segment_start__) <= __FLASH_segment_size__)), error: .sdh_ble_observers is too large to fit in FLASH memory segment)
                0x000000000002c294                __pwr_mgmt_data_load_start__ = ALIGN (__sdh_ble_observers_end__, 0x4)

.pwr_mgmt_data  0x000000000002c294        0x0
                0x000000000002c294                __pwr_mgmt_data_start__ = .
                0x000000000002c294                __start_pwr_mgmt_data = __pwr_mgmt_data_start__
 *(SORT_BY_NAME(.pwr_mgmt_data*))
                0x000000000002c294                __pwr_mgmt_data_end__ = (__pwr_mgmt_data_start__ + SIZEOF (.pwr_mgmt_data))
                0x0000000000000000                __pwr_mgmt_data_size__ = SIZEOF (.pwr_mgmt_data)
                0x000000000002c294                __stop_pwr_mgmt_data = __pwr_mgmt_data_end__
                0x000000000002c294                __pwr_mgmt_data_load_end__ = __pwr_mgmt_data_end__
                0x0000000000000001                . = ASSERT (((__pwr_mgmt_data_start__ == __pwr_mgmt_data_end__) || ((__pwr_mgmt_data_end__ - __FLASH_segment_start__) <= __FLASH_segment_size__)), error: .pwr_mgmt_data is too large to fit in FLASH memory segment)
                0x000000000002c294                __sdh_stack_observers_load_start__ = ALIGN (__pwr_mgmt_data_end__, 0x4)

.sdh_stack_observers
                0x000000000002c294       0x10
                0x000000000002c294                __sdh_stack_observers_start__ = .
                0x000000000002c294                __start_sdh_stack_observers = __sdh_stack_observers_start__
 *(SORT_BY_NAME(.sdh_stack_observers*))
 .sdh_stack_observers0
                0x000000000002c294        0x8 Output/nrf52832_bno055_ble_s132 Release/Obj/nrf_sdh_ble.o
 .sdh_stack_observers0
                0x000000000002c29c        0x8 Output/nrf52832_bno055_ble_s132 Release/Obj/nrf_sdh_soc.o
                0x000000000002c2a4                __sdh_stack_observers_end__ = (__sdh_stack_observers_start__ + SIZEOF (.sdh_stack_observers))
                0x0000000000000010                __sdh_stack_observers_size__ = SIZEOF (.sdh_stack_observers)
                0x000000000002c2a4                __stop_sdh_stack_observers = __sdh_stack_observers_end__
                0x000000000002c2a4                __sdh_stack_observers_load_end__ = __sdh_stack_observers_end__
                0x0000000000000001                . = ASSERT (((__sdh_stack_observers_start__ == __sdh_stack_observers_end__) || ((__sdh_stack_observers_end__ - __FLASH_segment_start__) <= __FLASH_segment_size__)), error: .sdh_stack_observers is too large to fit in FLASH memory segment)
                0x000000000002c2a4                __sdh_req_observers_load_start__ = ALIGN (__sdh_stack_observers_end__, 0x4)

.sdh_req_observers
                0x000000000002c2a4        0x0
                0x000000000002c2a4                __sdh_req_observers_start__ = .
                0x000000000002c2a4                __start_sdh_req_observers = __sdh_req_observers_start__
 *(SORT_BY_NAME(.sdh_req_observers*))
                0x000000000002c2a4                __sdh_req_observers_end__ = (__sdh_req_observers_start__ + SIZEOF (.sdh_req_observers))
                0x0000000000000000                __sdh_req_observers_size__ = SIZEOF (.sdh_req_observers)
                0x000000000002c2a4                __stop_sdh_req_observers = __sdh_req_observers_end__
                0x000000000002c2a4                __sdh_req_observers_load_end__ = __sdh_req_observers_end__
                0x0000000000000001                . = ASSERT (((__sdh_req_observers_start__ == __sdh_req_observers_end__) || ((__sdh_req_observers_end__ - __FLASH_segment_start__) <= __FLASH_segment_size__)), error: .sdh_req_observers is too large to fit in FLASH memory segment)
                0x000000000002c2a4                __sdh_state_observers_load_start__ = ALIGN (__sdh_req_observers_end__, 0x4)

.sdh_state_observers
                0x000000000002c2a4        0x8
                0x000000000002c2a4                __sdh_state_observers_start__ = .
                0x000000000002c2a4                __start_sdh_state_observers = __sdh_state_observers_start__
 *(SORT_BY_NAME(.sdh_state_observers*))
 .sdh_state_observers0
                0x000000000002c2a4        0x8 Output/nrf52832_bno055_ble_s132 Release/Obj/nrf_drv_clock.o
                0x000000000002c2ac                __sdh_state_observers_end__ = (__sdh_state_observers_start__ + SIZEOF (.sdh_state_observers))
                0x0000000000000008                __sdh_state_observers_size__ = SIZEOF (.sdh_state_observers)
                0x000000000002c2ac                __stop_sdh_state_observers = __sdh_state_observers_end__
                0x000000000002c2ac                __sdh_state_observers_load_end__ = __sdh_state_observers_end__
                0x0000000000000001                . = ASSERT (((__sdh_state_observers_start__ == __sdh_state_observers_end__) || ((__sdh_state_observers_end__ - __FLASH_segment_start__) <= __FLASH_segment_size__)), error: .sdh_state_observers is too large to fit in FLASH memory segment)
                0x000000000002c2ac                __nrf_queue_load_start__ = ALIGN (__sdh_state_observers_end__, 0x4)

.nrf_queue      0x000000000002c2ac        0x0
                0x000000000002c2ac                __nrf_queue_start__ = .
                0x000000000002c2ac                __start_nrf_queue = __nrf_queue_start__
 *(.nrf_queue*)
                0x000000000002c2ac                __nrf_queue_end__ = (__nrf_queue_start__ + SIZEOF (.nrf_queue))
                0x0000000000000000                __nrf_queue_size__ = SIZEOF (.nrf_queue)
                0x000000000002c2ac                __stop_nrf_queue = __nrf_queue_end__
                0x000000000002c2ac                __nrf_queue_load_end__ = __nrf_queue_end__
                0x0000000000000001                . = ASSERT (((__nrf_queue_start__ == __nrf_queue_end__) || ((__nrf_queue_end__ - __FLASH_segment_start__) <= __FLASH_segment_size__)), error: .nrf_queue is too large to fit in FLASH memory segment)
                0x000000000002c2ac                __nrf_balloc_load_start__ = ALIGN (__nrf_queue_end__, 0x4)

.nrf_balloc     0x000000000002c2ac       0x14
                0x000000000002c2ac                __nrf_balloc_start__ = .
                0x000000000002c2ac                __start_nrf_balloc = __nrf_balloc_start__
 *(.nrf_balloc*)
 .nrf_balloc    0x000000000002c2ac       0x14 Output/nrf52832_bno055_ble_s132 Release/Obj/nrf_log_frontend.o
                0x000000000002c2ac                log_mempool
                0x000000000002c2c0                __nrf_balloc_end__ = (__nrf_balloc_start__ + SIZEOF (.nrf_balloc))
                0x0000000000000014                __nrf_balloc_size__ = SIZEOF (.nrf_balloc)
                0x000000000002c2c0                __stop_nrf_balloc = __nrf_balloc_end__
                0x000000000002c2c0                __nrf_balloc_load_end__ = __nrf_balloc_end__
                0x0000000000000001                . = ASSERT (((__nrf_balloc_start__ == __nrf_balloc_end__) || ((__nrf_balloc_end__ - __FLASH_segment_start__) <= __FLASH_segment_size__)), error: .nrf_balloc is too large to fit in FLASH memory segment)
                0x000000000002c2c0                __cli_command_load_start__ = ALIGN (__nrf_balloc_end__, 0x4)

.cli_command    0x000000000002c2c0        0x0
                0x000000000002c2c0                __cli_command_start__ = .
                0x000000000002c2c0                __start_cli_command = __cli_command_start__
 *(.cli_command*)
                0x000000000002c2c0                __cli_command_end__ = (__cli_command_start__ + SIZEOF (.cli_command))
                0x0000000000000000                __cli_command_size__ = SIZEOF (.cli_command)
                0x000000000002c2c0                __stop_cli_command = __cli_command_end__
                0x000000000002c2c0                __cli_command_load_end__ = __cli_command_end__
                0x0000000000000001                . = ASSERT (((__cli_command_start__ == __cli_command_end__) || ((__cli_command_end__ - __FLASH_segment_start__) <= __FLASH_segment_size__)), error: .cli_command is too large to fit in FLASH memory segment)
                0x000000000002c2c0                __crypto_data_load_start__ = ALIGN (__cli_command_end__, 0x4)

.crypto_data    0x000000000002c2c0        0x0
                0x000000000002c2c0                __crypto_data_start__ = .
                0x000000000002c2c0                __start_crypto_data = __crypto_data_start__
 *(SORT_BY_NAME(.crypto_data*))
                0x000000000002c2c0                __crypto_data_end__ = (__crypto_data_start__ + SIZEOF (.crypto_data))
                0x0000000000000000                __crypto_data_size__ = SIZEOF (.crypto_data)
                0x000000000002c2c0                __stop_crypto_data = __crypto_data_end__
                0x000000000002c2c0                __crypto_data_load_end__ = __crypto_data_end__
                0x0000000000000001                . = ASSERT (((__crypto_data_start__ == __crypto_data_end__) || ((__crypto_data_end__ - __FLASH_segment_start__) <= __FLASH_segment_size__)), error: .crypto_data is too large to fit in FLASH memory segment)
                0x000000000002c2c0                __log_const_data_load_start__ = ALIGN (__crypto_data_end__, 0x4)

.log_const_data
                0x000000000002c2c0       0x68
                0x000000000002c2c0                __log_const_data_start__ = .
                0x000000000002c2c0                __start_log_const_data = __log_const_data_start__
 *(SORT_BY_NAME(.log_const_data*))
 .log_const_data_CLOCK
                0x000000000002c2c0        0x8 Output/nrf52832_bno055_ble_s132 Release/Obj/nrfx_clock.o
                0x000000000002c2c0                m_nrf_log_CLOCK_logs_data_const
 .log_const_data_GPIOTE
                0x000000000002c2c8        0x8 Output/nrf52832_bno055_ble_s132 Release/Obj/nrfx_gpiote.o
                0x000000000002c2c8                m_nrf_log_GPIOTE_logs_data_const
 .log_const_data_PRS
                0x000000000002c2d0        0x8 Output/nrf52832_bno055_ble_s132 Release/Obj/nrfx_prs.o
                0x000000000002c2d0                m_nrf_log_PRS_logs_data_const
 .log_const_data_UART
                0x000000000002c2d8        0x8 Output/nrf52832_bno055_ble_s132 Release/Obj/nrfx_uart.o
                0x000000000002c2d8                m_nrf_log_UART_logs_data_const
 .log_const_data_UARTE
                0x000000000002c2e0        0x8 Output/nrf52832_bno055_ble_s132 Release/Obj/nrfx_uarte.o
                0x000000000002c2e0                m_nrf_log_UARTE_logs_data_const
 .log_const_data_app
                0x000000000002c2e8        0x8 Output/nrf52832_bno055_ble_s132 Release/Obj/nrf_log_frontend.o
                0x000000000002c2e8                m_nrf_log_app_logs_data_const
 .log_const_data_ble_nus
                0x000000000002c2f0        0x8 Output/nrf52832_bno055_ble_s132 Release/Obj/ble_nus.o
                0x000000000002c2f0                m_nrf_log_ble_nus_logs_data_const
 .log_const_data_clock
                0x000000000002c2f8        0x8 Output/nrf52832_bno055_ble_s132 Release/Obj/nrf_drv_clock.o
                0x000000000002c2f8                m_nrf_log_clock_logs_data_const
 .log_const_data_nrf_ble_gatt
                0x000000000002c300        0x8 Output/nrf52832_bno055_ble_s132 Release/Obj/nrf_ble_gatt.o
                0x000000000002c300                m_nrf_log_nrf_ble_gatt_logs_data_const
 .log_const_data_nrf_sdh
                0x000000000002c308        0x8 Output/nrf52832_bno055_ble_s132 Release/Obj/nrf_sdh.o
                0x000000000002c308                m_nrf_log_nrf_sdh_logs_data_const
 .log_const_data_nrf_sdh_ble
                0x000000000002c310        0x8 Output/nrf52832_bno055_ble_s132 Release/Obj/nrf_sdh_ble.o
                0x000000000002c310                m_nrf_log_nrf_sdh_ble_logs_data_const
 .log_const_data_nrf_sdh_soc
                0x000000000002c318        0x8 Output/nrf52832_bno055_ble_s132 Release/Obj/nrf_sdh_soc.o
                0x000000000002c318                m_nrf_log_nrf_sdh_soc_logs_data_const
 .log_const_data_pwr_mgmt
                0x000000000002c320        0x8 Output/nrf52832_bno055_ble_s132 Release/Obj/nrf_pwr_mgmt.o
                0x000000000002c320                m_nrf_log_pwr_mgmt_logs_data_const
                0x000000000002c328                __log_const_data_end__ = (__log_const_data_start__ + SIZEOF (.log_const_data))
                0x0000000000000068                __log_const_data_size__ = SIZEOF (.log_const_data)
                0x000000000002c328                __stop_log_const_data = __log_const_data_end__
                0x000000000002c328                __log_const_data_load_end__ = __log_const_data_end__
                0x0000000000000001                . = ASSERT (((__log_const_data_start__ == __log_const_data_end__) || ((__log_const_data_end__ - __FLASH_segment_start__) <= __FLASH_segment_size__)), error: .log_const_data is too large to fit in FLASH memory segment)
                0x000000000002c328                __log_backends_load_start__ = ALIGN (__log_const_data_end__, 0x4)

.log_backends   0x000000000002c328       0x10
                0x000000000002c328                __log_backends_start__ = .
                0x000000000002c328                __start_log_backends = __log_backends_start__
 *(SORT_BY_NAME(.log_backends*))
 .log_backends  0x000000000002c328       0x10 Output/nrf52832_bno055_ble_s132 Release/Obj/nrf_log_default_backends.o
                0x000000000002c338                __log_backends_end__ = (__log_backends_start__ + SIZEOF (.log_backends))
                0x0000000000000010                __log_backends_size__ = SIZEOF (.log_backends)
                0x000000000002c338                __stop_log_backends = __log_backends_end__
                0x000000000002c338                __log_backends_load_end__ = __log_backends_end__
                0x0000000000000001                . = ASSERT (((__log_backends_start__ == __log_backends_end__) || ((__log_backends_end__ - __FLASH_segment_start__) <= __FLASH_segment_size__)), error: .log_backends is too large to fit in FLASH memory segment)
                0x000000000002c338                __nrf_sections_load_start__ = ALIGN (__log_backends_end__, 0x4)

.nrf_sections   0x000000000002c338        0x0
                0x000000000002c338                __nrf_sections_start__ = .
                0x000000000002c338                __start_nrf_sections = __nrf_sections_start__
 *(.nrf_sections .nrf_sections.*)
                0x000000000002c338                __nrf_sections_end__ = (__nrf_sections_start__ + SIZEOF (.nrf_sections))
                0x0000000000000000                __nrf_sections_size__ = SIZEOF (.nrf_sections)
                0x000000000002c338                __nrf_sections_load_end__ = __nrf_sections_end__
                0x0000000000000001                . = ASSERT (((__nrf_sections_start__ == __nrf_sections_end__) || ((__nrf_sections_end__ - __FLASH_segment_start__) <= __FLASH_segment_size__)), error: .nrf_sections is too large to fit in FLASH memory segment)
                0x000000000002c338                __cli_sorted_cmd_ptrs_load_start__ = ALIGN (__nrf_sections_end__, 0x4)

.cli_sorted_cmd_ptrs
                0x0000000020002a98        0x0 load address 0x000000000002c338
                0x0000000020002a98                __cli_sorted_cmd_ptrs_start__ = .
 *(.cli_sorted_cmd_ptrs*)
                0x0000000020002a98                __cli_sorted_cmd_ptrs_end__ = (__cli_sorted_cmd_ptrs_start__ + SIZEOF (.cli_sorted_cmd_ptrs))
                0x0000000000000000                __cli_sorted_cmd_ptrs_size__ = SIZEOF (.cli_sorted_cmd_ptrs)
                0x000000000002c338                __cli_sorted_cmd_ptrs_load_end__ = (__cli_sorted_cmd_ptrs_load_start__ + SIZEOF (.cli_sorted_cmd_ptrs))
                0x0000000000000001                . = ASSERT (((__cli_sorted_cmd_ptrs_load_start__ == __cli_sorted_cmd_ptrs_load_end__) || ((__cli_sorted_cmd_ptrs_load_end__ - __FLASH_segment_start__) <= __FLASH_segment_size__)), error: .cli_sorted_cmd_ptrs is too large to fit in FLASH memory segment)

.cli_sorted_cmd_ptrs_run
                0x0000000020002a98        0x0
                0x0000000020002a98                __cli_sorted_cmd_ptrs_run_start__ = .
                0x0000000020002a98                __start_cli_sorted_cmd_ptrs = __cli_sorted_cmd_ptrs_run_start__
                0x0000000020002a98                . = MAX ((__cli_sorted_cmd_ptrs_run_start__ + SIZEOF (.cli_sorted_cmd_ptrs)), .)
                0x0000000020002a98                __cli_sorted_cmd_ptrs_run_end__ = (__cli_sorted_cmd_ptrs_run_start__ + SIZEOF (.cli_sorted_cmd_ptrs_run))
                0x0000000000000000                __cli_sorted_cmd_ptrs_run_size__ = SIZEOF (.cli_sorted_cmd_ptrs_run)
                0x0000000020002a98                __stop_cli_sorted_cmd_ptrs = __cli_sorted_cmd_ptrs_run_end__
                0x0000000020002a98                __cli_sorted_cmd_ptrs_run_load_end__ = __cli_sorted_cmd_ptrs_run_end__
                0x0000000000000001                . = ASSERT (((__cli_sorted_cmd_ptrs_run_start__ == __cli_sorted_cmd_ptrs_run_end__) || ((__cli_sorted_cmd_ptrs_run_end__ - __RAM_segment_start__) <= __RAM_segment_size__)), error: .cli_sorted_cmd_ptrs_run is too large to fit in RAM memory segment)
                0x000000000002c338                __fs_data_load_start__ = ALIGN ((__cli_sorted_cmd_ptrs_load_start__ + SIZEOF (.cli_sorted_cmd_ptrs)), 0x4)

.fs_data        0x0000000020002a98        0x0 load address 0x000000000002c338
                0x0000000020002a98                __fs_data_start__ = .
 *(.fs_data*)
                0x0000000020002a98                __fs_data_end__ = (__fs_data_start__ + SIZEOF (.fs_data))
                0x0000000000000000                __fs_data_size__ = SIZEOF (.fs_data)
                0x000000000002c338                __fs_data_load_end__ = (__fs_data_load_start__ + SIZEOF (.fs_data))
                0x0000000000000001                . = ASSERT (((__fs_data_load_start__ == __fs_data_load_end__) || ((__fs_data_load_end__ - __FLASH_segment_start__) <= __FLASH_segment_size__)), error: .fs_data is too large to fit in FLASH memory segment)

.fs_data_run    0x0000000020002a98        0x0
                0x0000000020002a98                __fs_data_run_start__ = .
                0x0000000020002a98                __start_fs_data = __fs_data_run_start__
                0x0000000020002a98                . = MAX ((__fs_data_run_start__ + SIZEOF (.fs_data)), .)
                0x0000000020002a98                __fs_data_run_end__ = (__fs_data_run_start__ + SIZEOF (.fs_data_run))
                0x0000000000000000                __fs_data_run_size__ = SIZEOF (.fs_data_run)
                0x0000000020002a98                __stop_fs_data = __fs_data_run_end__
                0x0000000020002a98                __fs_data_run_load_end__ = __fs_data_run_end__
                0x0000000000000001                . = ASSERT (((__fs_data_run_start__ == __fs_data_run_end__) || ((__fs_data_run_end__ - __RAM_segment_start__) <= __RAM_segment_size__)), error: .fs_data_run is too large to fit in RAM memory segment)
                0x000000000002c338                __log_dynamic_data_load_start__ = ALIGN ((__fs_data_load_start__ + SIZEOF (.fs_data)), 0x4)

.log_dynamic_data
                0x0000000020002a98        0x0 load address 0x000000000002c338
                0x0000000020002a98                __log_dynamic_data_start__ = .
 *(SORT_BY_NAME(.log_dynamic_data*))
                0x0000000020002a98                __log_dynamic_data_end__ = (__log_dynamic_data_start__ + SIZEOF (.log_dynamic_data))
                0x0000000000000000                __log_dynamic_data_size__ = SIZEOF (.log_dynamic_data)
                0x000000000002c338                __log_dynamic_data_load_end__ = (__log_dynamic_data_load_start__ + SIZEOF (.log_dynamic_data))
                0x0000000000000001                . = ASSERT (((__log_dynamic_data_load_start__ == __log_dynamic_data_load_end__) || ((__log_dynamic_data_load_end__ - __FLASH_segment_start__) <= __FLASH_segment_size__)), error: .log_dynamic_data is too large to fit in FLASH memory segment)

.log_dynamic_data_run
                0x0000000020002a98        0x0
                0x0000000020002a98                __log_dynamic_data_run_start__ = .
                0x0000000020002a98                __start_log_dynamic_data = __log_dynamic_data_run_start__
                0x0000000020002a98                . = MAX ((__log_dynamic_data_run_start__ + SIZEOF (.log_dynamic_data)), .)
                0x0000000020002a98                __log_dynamic_data_run_end__ = (__log_dynamic_data_run_start__ + SIZEOF (.log_dynamic_data_run))
                0x0000000000000000                __log_dynamic_data_run_size__ = SIZEOF (.log_dynamic_data_run)
                0x0000000020002a98                __stop_log_dynamic_data = __log_dynamic_data_run_end__
                0x0000000020002a98                __log_dynamic_data_run_load_end__ = __log_dynamic_data_run_end__
                0x0000000000000001                . = ASSERT (((__log_dynamic_data_run_start__ == __log_dynamic_data_run_end__) || ((__log_dynamic_data_run_end__ - __RAM_segment_start__) <= __RAM_segment_size__)), error: .log_dynamic_data_run is too large to fit in RAM memory segment)
                0x000000000002c338                __log_filter_data_load_start__ = ALIGN ((__log_dynamic_data_load_start__ + SIZEOF (.log_dynamic_data)), 0x4)

.log_filter_data
                0x0000000020002a98        0x0 load address 0x000000000002c338
                0x0000000020002a98                __log_filter_data_start__ = .
 *(SORT_BY_NAME(.log_filter_data*))
                0x0000000020002a98                __log_filter_data_end__ = (__log_filter_data_start__ + SIZEOF (.log_filter_data))
                0x0000000000000000                __log_filter_data_size__ = SIZEOF (.log_filter_data)
                0x000000000002c338                __log_filter_data_load_end__ = (__log_filter_data_load_start__ + SIZEOF (.log_filter_data))
                0x0000000000000001                . = ASSERT (((__log_filter_data_load_start__ == __log_filter_data_load_end__) || ((__log_filter_data_load_end__ - __FLASH_segment_start__) <= __FLASH_segment_size__)), error: .log_filter_data is too large to fit in FLASH memory segment)

.log_filter_data_run
                0x0000000020002a98        0x0
                0x0000000020002a98                __log_filter_data_run_start__ = .
                0x0000000020002a98                __start_log_filter_data = __log_filter_data_run_start__
                0x0000000020002a98                . = MAX ((__log_filter_data_run_start__ + SIZEOF (.log_filter_data)), .)
                0x0000000020002a98                __log_filter_data_run_end__ = (__log_filter_data_run_start__ + SIZEOF (.log_filter_data_run))
                0x0000000000000000                __log_filter_data_run_size__ = SIZEOF (.log_filter_data_run)
                0x0000000020002a98                __stop_log_filter_data = __log_filter_data_run_end__
                0x0000000020002a98                __log_filter_data_run_load_end__ = __log_filter_data_run_end__
                0x0000000000000001                . = ASSERT (((__log_filter_data_run_start__ == __log_filter_data_run_end__) || ((__log_filter_data_run_end__ - __RAM_segment_start__) <= __RAM_segment_size__)), error: .log_filter_data_run is too large to fit in RAM memory segment)
                0x0000000020002a98                __nrf_sections_run_end_load_start__ = ALIGN (__log_filter_data_run_end__, 0x4)

.nrf_sections_run_end
                0x0000000020002a98        0x0
                0x0000000020002a98                __nrf_sections_run_end_start__ = .
                0x0000000020002a98                __end_nrf_sections_run = __nrf_sections_run_end_start__
 *(.nrf_sections_run_end .nrf_sections_run_end.*)
                0x0000000020002a98                __nrf_sections_run_end_end__ = (__nrf_sections_run_end_start__ + SIZEOF (.nrf_sections_run_end))
                0x0000000000000000                __nrf_sections_run_end_size__ = SIZEOF (.nrf_sections_run_end)
                0x0000000020002a98                __nrf_sections_run_end_load_end__ = __nrf_sections_run_end_end__
                0x0000000000000001                . = ASSERT (((__nrf_sections_run_end_start__ == __nrf_sections_run_end_end__) || ((__nrf_sections_run_end_end__ - __RAM_segment_start__) <= __RAM_segment_size__)), error: .nrf_sections_run_end is too large to fit in RAM memory segment)
                0x000000000002c338                __dtors_load_start__ = ALIGN ((__log_filter_data_load_start__ + SIZEOF (.log_filter_data)), 0x4)

.dtors          0x000000000002c338        0x0
                0x000000000002c338                __dtors_start__ = .
 *(SORT_BY_NAME(.dtors.*))
 *(.dtors)
 *(.fini_array)
 *(SORT_BY_NAME(.fini_array.*))
                0x000000000002c338                __dtors_end__ = (__dtors_start__ + SIZEOF (.dtors))
                0x0000000000000000                __dtors_size__ = SIZEOF (.dtors)
                0x000000000002c338                __dtors_load_end__ = __dtors_end__
                0x0000000000000001                . = ASSERT (((__dtors_start__ == __dtors_end__) || ((__dtors_end__ - __FLASH_segment_start__) <= __FLASH_segment_size__)), error: .dtors is too large to fit in FLASH memory segment)
                0x000000000002c338                __ctors_load_start__ = ALIGN (__dtors_end__, 0x4)

.ctors          0x000000000002c338        0x0
                0x000000000002c338                __ctors_start__ = .
 *(SORT_BY_NAME(.ctors.*))
 *(.ctors)
 *(.init_array)
 *(SORT_BY_NAME(.init_array.*))
                0x000000000002c338                __ctors_end__ = (__ctors_start__ + SIZEOF (.ctors))
                0x0000000000000000                __ctors_size__ = SIZEOF (.ctors)
                0x000000000002c338                __ctors_load_end__ = __ctors_end__
                0x0000000000000001                . = ASSERT (((__ctors_start__ == __ctors_end__) || ((__ctors_end__ - __FLASH_segment_start__) <= __FLASH_segment_size__)), error: .ctors is too large to fit in FLASH memory segment)
                0x000000000002c338                __rodata_load_start__ = ALIGN (__ctors_end__, 0x4)

.rodata         0x000000000002c338      0xe4f
                0x000000000002c338                __rodata_start__ = .
 *(.rodata .rodata.* .gnu.linkonce.r.*)
 *fill*         0x000000000002c338        0x8 
 .rodata.delay_bytecode.8600
                0x000000000002c340        0x6 Output/nrf52832_bno055_ble_s132 Release/Obj/nrf_log_backend_rtt.o
 *fill*         0x000000000002c346        0x2 
 .rodata.nrf_log_backend_rtt_api
                0x000000000002c348        0xc Output/nrf52832_bno055_ble_s132 Release/Obj/nrf_log_backend_rtt.o
                0x000000000002c348                nrf_log_backend_rtt_api
 .rodata.str1.1
                0x000000000002c354       0x10 Output/nrf52832_bno055_ble_s132 Release/Obj/nrf_log_default_backends.o
 .rodata.nrf_log_frontend_dequeue.str1.1
                0x000000000002c364       0x11 Output/nrf52832_bno055_ble_s132 Release/Obj/nrf_log_frontend.o
 .rodata.str1.1
                0x000000000002c375        0x4 Output/nrf52832_bno055_ble_s132 Release/Obj/nrf_log_frontend.o
 *fill*         0x000000000002c379        0x3 
 .rodata.m_log_push_ringbuf
                0x000000000002c37c        0xc Output/nrf52832_bno055_ble_s132 Release/Obj/nrf_log_frontend.o
 .rodata.postfix_process.str1.1
                0x000000000002c388        0x8 Output/nrf52832_bno055_ble_s132 Release/Obj/nrf_log_str_formatter.o
                                          0xb (size before relaxing)
 .rodata.prefix_process.str1.1
                0x000000000002c390       0x2a Output/nrf52832_bno055_ble_s132 Release/Obj/nrf_log_str_formatter.o
 .rodata.nrf_log_hexdump_entry_process.str1.1
                0x000000000002c3ba        0xf Output/nrf52832_bno055_ble_s132 Release/Obj/nrf_log_str_formatter.o
                                         0x11 (size before relaxing)
 .rodata.str1.1
                0x000000000002c3c9       0x4b Output/nrf52832_bno055_ble_s132 Release/Obj/nrf_log_str_formatter.o
                                         0x51 (size before relaxing)
 .rodata.m_colors
                0x000000000002c414       0x24 Output/nrf52832_bno055_ble_s132 Release/Obj/nrf_log_str_formatter.o